Archive member included to satisfy reference by file (symbol)

C:/ti/simplelink_cc13xx_cc26xx_sdk_8_32_00_07/source/ti/drivers/rf/lib/gcc/m4f/rf_multiMode_cc13x2.a(RFCC26X2_multiMode.c.cc13x2.gcc.o)
                              CMakeFiles/nrf24_sniffer.dir/nrf24_sniffer.c.obj (RF_runCmd)
C:/ti/simplelink_cc13xx_cc26xx_sdk_8_32_00_07/source/ti/drivers/rf/lib/gcc/m4f/rf_multiMode_cc13x2.a(rfc.c.cc13x2.gcc.o)
                              C:/ti/simplelink_cc13xx_cc26xx_sdk_8_32_00_07/source/ti/drivers/rf/lib/gcc/m4f/rf_multiMode_cc13x2.a(RFCC26X2_multiMode.c.cc13x2.gcc.o) (NOROM_RFCCpeIntGetAndClear)
C:/ti/simplelink_cc13xx_cc26xx_sdk_8_32_00_07/source/ti/drivers/rf/lib/gcc/m4f/rf_multiMode_cc13x2.a(rf_patch_cpe_prop.c.cc13x2.gcc.o)
                              CMakeFiles/nrf24_sniffer.dir/smartrf_settings.c.obj (rf_patch_cpe_prop)
C:/ti/simplelink_cc13xx_cc26xx_sdk_8_32_00_07/source/ti/drivers/lib/gcc/m4f/drivers_cc13x2x7.a(List.c.obj)
                              C:/ti/simplelink_cc13xx_cc26xx_sdk_8_32_00_07/source/ti/drivers/rf/lib/gcc/m4f/rf_multiMode_cc13x2.a(RFCC26X2_multiMode.c.cc13x2.gcc.o) (List_clearList)
C:/ti/simplelink_cc13xx_cc26xx_sdk_8_32_00_07/source/ti/drivers/lib/gcc/m4f/drivers_cc13x2x7.a(GPIO.c.obj)
                              CMakeFiles/nrf24_sniffer.dir/syscfg/ti_drivers_config.c.obj (GPIO_resetConfig)
C:/ti/simplelink_cc13xx_cc26xx_sdk_8_32_00_07/source/ti/drivers/lib/gcc/m4f/drivers_cc13x2x7.a(GPIOCC26XX.c.obj)
                              C:/ti/simplelink_cc13xx_cc26xx_sdk_8_32_00_07/source/ti/drivers/lib/gcc/m4f/drivers_cc13x2x7.a(GPIO.c.obj) (GPIO_disableInt)
C:/ti/simplelink_cc13xx_cc26xx_sdk_8_32_00_07/source/ti/drivers/lib/gcc/m4f/drivers_cc13x2x7.a(PowerCC26X2.c.obj)
                              CMakeFiles/nrf24_sniffer.dir/syscfg/ti_drivers_config.c.obj (Power_init)
C:/ti/simplelink_cc13xx_cc26xx_sdk_8_32_00_07/source/ti/drivers/lib/gcc/m4f/drivers_cc13x2x7.a(PowerCC26X2_calibrateRCOSC.c.obj)
                              C:/ti/simplelink_cc13xx_cc26xx_sdk_8_32_00_07/source/ti/drivers/lib/gcc/m4f/drivers_cc13x2x7.a(PowerCC26X2.c.obj) (PowerCC26X2_initiateCalibration)
C:/ti/simplelink_cc13xx_cc26xx_sdk_8_32_00_07/source/ti/drivers/lib/gcc/m4f/drivers_cc13x2x7.a(TemperatureCC26X2.c.obj)
                              C:/ti/simplelink_cc13xx_cc26xx_sdk_8_32_00_07/source/ti/drivers/rf/lib/gcc/m4f/rf_multiMode_cc13x2.a(RFCC26X2_multiMode.c.cc13x2.gcc.o) (Temperature_init)
C:/ti/simplelink_cc13xx_cc26xx_sdk_8_32_00_07/source/ti/drivers/lib/gcc/m4f/drivers_cc13x2x7.a(UART2.c.obj)
                              CMakeFiles/nrf24_sniffer.dir/nrf24_sniffer.c.obj (UART2_Params_init)
C:/ti/simplelink_cc13xx_cc26xx_sdk_8_32_00_07/source/ti/drivers/lib/gcc/m4f/drivers_cc13x2x7.a(UART2CC26X2.c.obj)
                              CMakeFiles/nrf24_sniffer.dir/nrf24_sniffer.c.obj (UART2_open)
C:/ti/simplelink_cc13xx_cc26xx_sdk_8_32_00_07/source/ti/drivers/lib/gcc/m4f/drivers_cc13x2x7.a(GPIOCC26X2.c.obj)
                              CMakeFiles/nrf24_sniffer.dir/syscfg/ti_drivers_config.c.obj (GPIO_init)
C:/ti/simplelink_cc13xx_cc26xx_sdk_8_32_00_07/source/ti/drivers/lib/gcc/m4f/drivers_cc13x2x7.a(PowerCC26X2_calibrateRCOSC_helpers.c.obj)
                              C:/ti/simplelink_cc13xx_cc26xx_sdk_8_32_00_07/source/ti/drivers/lib/gcc/m4f/drivers_cc13x2x7.a(PowerCC26X2_calibrateRCOSC.c.obj) (PowerCC26X2_updateSubSecInc)
C:/ti/simplelink_cc13xx_cc26xx_sdk_8_32_00_07/source/ti/drivers/lib/gcc/m4f/drivers_cc13x2x7.a(PowerCC26X2_helpers.c.obj)
                              C:/ti/simplelink_cc13xx_cc26xx_sdk_8_32_00_07/source/ti/drivers/lib/gcc/m4f/drivers_cc13x2x7.a(PowerCC26X2.c.obj) (PowerCC26X2_oscCtlClearXtal)
C:/ti/simplelink_cc13xx_cc26xx_sdk_8_32_00_07/source/ti/drivers/lib/gcc/m4f/drivers_cc13x2x7.a(RingBuf.c.obj)
                              C:/ti/simplelink_cc13xx_cc26xx_sdk_8_32_00_07/source/ti/drivers/lib/gcc/m4f/drivers_cc13x2x7.a(UART2CC26X2.c.obj) (RingBuf_construct)
C:/ti/simplelink_cc13xx_cc26xx_sdk_8_32_00_07/source/ti/drivers/lib/gcc/m4f/drivers_cc13x2x7.a(UDMACC26XX.c.obj)
                              C:/ti/simplelink_cc13xx_cc26xx_sdk_8_32_00_07/source/ti/drivers/lib/gcc/m4f/drivers_cc13x2x7.a(UART2CC26X2.c.obj) (UDMACC26XX_open)
C:/ti/simplelink_cc13xx_cc26xx_sdk_8_32_00_07/kernel/nortos/lib/gcc/m4f/nortos_cc13x2x7.a(NoRTOS.c.obj)
                              CMakeFiles/nrf24_sniffer.dir/nrf24_sniffer.c.obj (NoRTOS_start)
C:/ti/simplelink_cc13xx_cc26xx_sdk_8_32_00_07/kernel/nortos/lib/gcc/m4f/nortos_cc13x2x7.a(SemaphoreP_nortos.c.obj)
                              C:/ti/simplelink_cc13xx_cc26xx_sdk_8_32_00_07/kernel/nortos/lib/gcc/m4f/nortos_cc13x2x7.a(NoRTOS.c.obj) (SemaphoreP_defaultParams)
C:/ti/simplelink_cc13xx_cc26xx_sdk_8_32_00_07/kernel/nortos/lib/gcc/m4f/nortos_cc13x2x7.a(SwiP_nortos.c.obj)
[...]
Memory Configuration

Name             Origin             Length             Attributes
FLASH            0x00000000         0x000affa8         xr
FLASH_CCFG       0x000affa8         0x00000058         r
SRAM             0x20000000         0x00024000         xrw
GPRAM            0x11000000         0x00002000         xrw
LOG_DATA         0x90000000         0x00040000         r
LOG_PTR          0x94000008         0x00040000         r
*default*        0x00000000         0xffffffff

Linker script and memory map

LOAD CMakeFiles/nrf24_sniffer.dir/nrf24_sniffer.c.obj
LOAD CMakeFiles/nrf24_sniffer.dir/smartrf_settings.c.obj
LOAD CMakeFiles/nrf24_sniffer.dir/C_/ti/simplelink_cc13xx_cc26xx_sdk_8_32_00_07/source/ti/devices/cc13x2x7_cc26x2x7/startup_files/startup_gcc.c.obj
LOAD CMakeFiles/nrf24_sniffer.dir/C_/ti/simplelink_cc13xx_cc26xx_sdk_8_32_00_07/source/ti/devices/cc13x2x7_cc26x2x7/startup_files/ccfg.c.obj
LOAD CMakeFiles/nrf24_sniffer.dir/syscfg/ti_drivers_config.c.obj
START GROUP
LOAD C:/ti/simplelink_cc13xx_cc26xx_sdk_8_32_00_07/source/ti/drivers/rf/lib/gcc/m4f/rf_multiMode_cc13x2.a
LOAD C:/ti/simplelink_cc13xx_cc26xx_sdk_8_32_00_07/source/ti/drivers/lib/gcc/m4f/drivers_cc13x2x7.a
LOAD C:/ti/simplelink_cc13xx_cc26xx_sdk_8_32_00_07/kernel/nortos/lib/gcc/m4f/nortos_cc13x2x7.a
LOAD C:/ti/simplelink_cc13xx_cc26xx_sdk_8_32_00_07/source/ti/devices/cc13x2x7_cc26x2x7/driverlib/bin/gcc/driverlib.lib
LOAD C:/Program Files/Arm/GNU Toolchain mingw-w64-x86_64-arm-none-eabi/bin/../lib/gcc/arm-none-eabi/15.2.1/thumb/v7e-m+fp/hard\libgcc.a
LOAD C:/Program Files/Arm/GNU Toolchain mingw-w64-x86_64-arm-none-eabi/bin/../lib/gcc/arm-none-eabi/15.2.1/../../../../arm-none-eabi/lib/thumb/v7e-m+fp/hard\libc_nano.a
LOAD C:/Program Files/Arm/GNU Toolchain mingw-w64-x86_64-arm-none-eabi/bin/../lib/gcc/arm-none-eabi/15.2.1/../../../../arm-none-eabi/lib/thumb/v7e-m+fp/hard\libm.a
END GROUP
START GROUP
LOAD C:/Program Files/Arm/GNU Toolchain mingw-w64-x86_64-arm-none-eabi/bin/../lib/gcc/arm-none-eabi/15.2.1/thumb/v7e-m+fp/hard\libgcc.a
LOAD C:/Program Files/Arm/GNU Toolchain mingw-w64-x86_64-arm-none-eabi/bin/../lib/gcc/arm-none-eabi/15.2.1/../../../../arm-none-eabi/lib/thumb/v7e-m+fp/hard\libc_nano.a
END GROUP
START GROUP
LOAD C:/Program Files/Arm/GNU Toolchain mingw-w64-x86_64-arm-none-eabi/bin/../lib/gcc/arm-none-eabi/15.2.1/thumb/v7e-m+fp/hard\libgcc.a
LOAD C:/Program Files/Arm/GNU Toolchain mingw-w64-x86_64-arm-none-eabi/bin/../lib/gcc/arm-none-eabi/15.2.1/../../../../arm-none-eabi/lib/thumb/v7e-m+fp/hard\libc_nano.a
LOAD C:/Program Files/Arm/GNU Toolchain mingw-w64-x86_64-arm-none-eabi/bin/../lib/gcc/arm-none-eabi/15.2.1/../../../../arm-none-eabi/lib/thumb/v7e-m+fp/hard\libnosys.a
END GROUP
START GROUP
LOAD C:/Program Files/Arm/GNU Toolchain mingw-w64-x86_64-arm-none-eabi/bin/../lib/gcc/arm-none-eabi/15.2.1/thumb/v7e-m+fp/hard\libgcc.a
LOAD C:/Program Files/Arm/GNU Toolchain mingw-w64-x86_64-arm-none-eabi/bin/../lib/gcc/arm-none-eabi/15.2.1/../../../../arm-none-eabi/lib/thumb/v7e-m+fp/hard\libc_nano.a
LOAD C:/Program Files/Arm/GNU Toolchain mingw-w64-x86_64-arm-none-eabi/bin/../lib/gcc/arm-none-eabi/15.2.1/../../../../arm-none-eabi/lib/thumb/v7e-m+fp/hard\libnosys.a
END GROUP
                0x00000400                        STACKSIZE = 0x400
                0x00004000                        HEAPSIZE = 0x4000
                0x00000000                        PROVIDE (_resetVecs_base_address = DEFINED (_resetVecs_base_address)?_resetVecs_base_address:0x0)

.resetVecs      0x00000000       0xd8
 *(.resetVecs)
 .resetVecs     0x00000000       0xd8 CMakeFiles/nrf24_sniffer.dir/C_/ti/simplelink_cc13xx_cc26xx_sdk_8_32_00_07/source/ti/devices/cc13x2x7_cc26x2x7/startup_files/startup_gcc.c.obj
                0x00000000                g_pfnVectors

.ramVecs        0x20000000       0xd8
 *(.ramVecs)
 .ramVecs       0x20000000       0xd8 C:/ti/simplelink_cc13xx_cc26xx_sdk_8_32_00_07/source/ti/devices/cc13x2x7_cc26x2x7/driverlib/bin/gcc/driverlib.lib(interrupt.c.obj)
                0x20001800                        UDMACC26XX_CONFIG_BASE = 0x20001800
                0x20001810                        DMA_UART0_RX_CONTROL_TABLE_ENTRY_ADDRESS = (UDMACC26XX_CONFIG_BASE + 0x10)
                0x20001820                        DMA_UART0_TX_CONTROL_TABLE_ENTRY_ADDRESS = (UDMACC26XX_CONFIG_BASE + 0x20)
                0x20001830                        DMA_SPI0_RX_CONTROL_TABLE_ENTRY_ADDRESS = (UDMACC26XX_CONFIG_BASE + 0x30)
                0x20001840                        DMA_SPI0_TX_CONTROL_TABLE_ENTRY_ADDRESS = (UDMACC26XX_CONFIG_BASE + 0x40)
                0x20001850                        DMA_UART1_RX_CONTROL_TABLE_ENTRY_ADDRESS = (UDMACC26XX_CONFIG_BASE + 0x50)
                0x20001860                        DMA_UART1_TX_CONTROL_TABLE_ENTRY_ADDRESS = (UDMACC26XX_CONFIG_BASE + 0x60)
                0x20001870                        DMA_ADC_PRI_CONTROL_TABLE_ENTRY_ADDRESS = (UDMACC26XX_CONFIG_BASE + 0x70)
                0x20001890                        DMA_GPT0A_PRI_CONTROL_TABLE_ENTRY_ADDRESS = (UDMACC26XX_CONFIG_BASE + 0x90)
                0x20001900                        DMA_SPI1_RX_CONTROL_TABLE_ENTRY_ADDRESS = (UDMACC26XX_CONFIG_BASE + 0x100)
                0x20001910                        DMA_SPI1_TX_CONTROL_TABLE_ENTRY_ADDRESS = (UDMACC26XX_CONFIG_BASE + 0x110)
                0x20001a10                        DMA_UART0_RX_ALT_CONTROL_TABLE_ENTRY_ADDRESS = (UDMACC26XX_CONFIG_BASE + 0x210)
                0x20001a20                        DMA_UART0_TX_ALT_CONTROL_TABLE_ENTRY_ADDRESS = (UDMACC26XX_CONFIG_BASE + 0x220)
                0x20001a30                        DMA_SPI0_RX_ALT_CONTROL_TABLE_ENTRY_ADDRESS = (UDMACC26XX_CONFIG_BASE + 0x230)
                0x20001a40                        DMA_SPI0_TX_ALT_CONTROL_TABLE_ENTRY_ADDRESS = (UDMACC26XX_CONFIG_BASE + 0x240)
                0x20001a50                        DMA_UART1_RX_ALT_CONTROL_TABLE_ENTRY_ADDRESS = (UDMACC26XX_CONFIG_BASE + 0x250)
                0x20001a60                        DMA_UART1_TX_ALT_CONTROL_TABLE_ENTRY_ADDRESS = (UDMACC26XX_CONFIG_BASE + 0x260)
                0x20001a70                        DMA_ADC_ALT_CONTROL_TABLE_ENTRY_ADDRESS = (UDMACC26XX_CONFIG_BASE + 0x270)
                0x20001a90                        DMA_GPT0A_ALT_CONTROL_TABLE_ENTRY_ADDRESS = (UDMACC26XX_CONFIG_BASE + 0x290)
                0x20001b00                        DMA_SPI1_RX_ALT_CONTROL_TABLE_ENTRY_ADDRESS = (UDMACC26XX_CONFIG_BASE + 0x300)
                0x20001b10                        DMA_SPI1_TX_ALT_CONTROL_TABLE_ENTRY_ADDRESS = (UDMACC26XX_CONFIG_BASE + 0x310)
                0x00000000                        UDMACC26XX_uart0RxControlTableEntry_is_placed = 0x0

.dmaUart0RxControlTableEntry
 *(.dmaUart0RxControlTableEntry)
                0x00000000                        UDMACC26XX_uart0TxControlTableEntry_is_placed = 0x0

.dmaUart0TxControlTableEntry
 *(.dmaUart0TxControlTableEntry)
                0x00000000                        UDMACC26XX_dmaSpi0RxControlTableEntry_is_placed = 0x0

.dmaSpi0RxControlTableEntry
 *(.dmaSpi0RxControlTableEntry)
                0x00000000                        UDMACC26XX_dmaSpi0TxControlTableEntry_is_placed = 0x0

.dmaSpi0TxControlTableEntry
 *(.dmaSpi0TxControlTableEntry)
                0x00000000                        UDMACC26XX_uart1RxControlTableEntry_is_placed = 0x0

.dmaUart1RxControlTableEntry
                0x20001850       0x10
 *(.dmaUart1RxControlTableEntry)
 .dmaUart1RxControlTableEntry
                0x20001850       0x10 CMakeFiles/nrf24_sniffer.dir/syscfg/ti_drivers_config.c.obj
                0x00000000                        UDMACC26XX_uart1TxControlTableEntry_is_placed = 0x0

.dmaUart1TxControlTableEntry
                0x20001860       0x10
 *(.dmaUart1TxControlTableEntry)
 .dmaUart1TxControlTableEntry
                0x20001860       0x10 CMakeFiles/nrf24_sniffer.dir/syscfg/ti_drivers_config.c.obj
                0x00000000                        UDMACC26XX_dmaADCPriControlTableEntry_is_placed = 0x0

.dmaADCPriControlTableEntry
 *(.dmaADCPriControlTableEntry)
                0x00000000                        UDMACC26XX_dmaGPT0APriControlTableEntry_is_placed = 0x0

.dmaGPT0APriControlTableEntry
 *(.dmaGPT0APriControlTableEntry)
                0x00000000                        UDMACC26XX_dmaSpi1RxControlTableEntry_is_placed = 0x0

.dmaSpi1RxControlTableEntry
 *(.dmaSpi1RxControlTableEntry)
                0x00000000                        UDMACC26XX_dmaSpi1TxControlTableEntry_is_placed = 0x0

.dmaSpi1TxControlTableEntry
 *(.dmaSpi1TxControlTableEntry)
                0x00000000                        UDMACC26XX_uart0RxAltControlTableEntry_is_placed = 0x0

.dmaUart0RxAltControlTableEntry
 *(.dmaUart0RxAltControlTableEntry)
                0x00000000                        UDMACC26XX_uart0TxAltControlTableEntry_is_placed = 0x0

.dmaUart0TxAltControlTableEntry
 *(.dmaUart0TxAltControlTableEntry)
                0x00000000                        UDMACC26XX_dmaSpi0RxAltControlTableEntry_is_placed = 0x0

.dmaSpi0RxAltControlTableEntry
 *(.dmaSpi0RxAltControlTableEntry)
                0x00000000                        UDMACC26XX_dmaSpi0TxAltControlTableEntry_is_placed = 0x0

.dmaSpi0TxAltControlTableEntry
 *(.dmaSpi0TxAltControlTableEntry)
                0x00000000                        UDMACC26XX_uart1RxAltControlTableEntry_is_placed = 0x0

.dmaUart1RxAltControlTableEntry
 *(.dmaUart1RxAltControlTableEntry)
                0x00000000                        UDMACC26XX_uart1TxAltControlTableEntry_is_placed = 0x0

.dmaUart1TxAltControlTableEntry
 *(.dmaUart1TxAltControlTableEntry)
                0x00000000                        UDMACC26XX_dmaADCAltControlTableEntry_is_placed = 0x0

.dmaADCAltControlTableEntry
 *(.dmaADCAltControlTableEntry)
                0x00000000                        UDMACC26XX_dmaGPT0AAltControlTableEntry_is_placed = 0x0

.dmaGPT0AAltControlTableEntry
 *(.dmaGPT0AAltControlTableEntry)
                0x00000000                        UDMACC26XX_dmaSpi1RxAltControlTableEntry_is_placed = 0x0

.dmaSpi1RxAltControlTableEntry
 *(.dmaSpi1RxAltControlTableEntry)
                0x00000000                        UDMACC26XX_dmaSpi1TxAltControlTableEntry_is_placed = 0x0

.dmaSpi1TxAltControlTableEntry
 *(.dmaSpi1TxAltControlTableEntry)

.text           0x000000e0     0x75d0
 CREATE_OBJECT_SYMBOLS
 *(.text)
 .text          0x000000e0       0x30 C:/Program Files/Arm/GNU Toolchain mingw-w64-x86_64-arm-none-eabi/bin/../lib/gcc/arm-none-eabi/15.2.1/thumb/v7e-m+fp/hard\libgcc.a(_aeabi_uldivmod.o)
                0x000000e0                __aeabi_uldivmod
 .text          0x00000110        0x4 C:/Program Files/Arm/GNU Toolchain mingw-w64-x86_64-arm-none-eabi/bin/../lib/gcc/arm-none-eabi/15.2.1/thumb/v7e-m+fp/hard\libgcc.a(_dvmd_tls.o)
                0x00000110                __aeabi_idiv0
                0x00000110                __aeabi_ldiv0
 .text          0x00000114       0x14 C:/Program Files/Arm/GNU Toolchain mingw-w64-x86_64-arm-none-eabi/bin/../lib/gcc/arm-none-eabi/15.2.1/../../../../arm-none-eabi/lib/thumb/v7e-m+fp/hard\libc_nano.a(libc_a-strcmp.o)
                0x00000114                strcmp
 .text          0x00000128       0x10 C:/Program Files/Arm/GNU Toolchain mingw-w64-x86_64-arm-none-eabi/bin/../lib/gcc/arm-none-eabi/15.2.1/../../../../arm-none-eabi/lib/thumb/v7e-m+fp/hard\libc_nano.a(libc_a-strlen.o)
                0x00000128                strlen
 *fill*         0x00000138        0x8 
 .text          0x00000140       0xa0 C:/Program Files/Arm/GNU Toolchain mingw-w64-x86_64-arm-none-eabi/bin/../lib/gcc/arm-none-eabi/15.2.1/../../../../arm-none-eabi/lib/thumb/v7e-m+fp/hard\libc_nano.a(libc_a-memchr.o)
                0x00000140                memchr
 *(.text.*)
 .text.esb_crc16
                0x000001e0       0x2c CMakeFiles/nrf24_sniffer.dir/nrf24_sniffer.c.obj
 .text.uart_read_callback
                0x0000020c       0x68 CMakeFiles/nrf24_sniffer.dir/nrf24_sniffer.c.obj
 .text.uart_puts
                0x00000274       0x20 CMakeFiles/nrf24_sniffer.dir/nrf24_sniffer.c.obj
 .text.uart_printf
                0x00000294       0x26 CMakeFiles/nrf24_sniffer.dir/nrf24_sniffer.c.obj
 .text.parse_hex_addr.part.0
                0x000002ba       0x36 CMakeFiles/nrf24_sniffer.dir/nrf24_sniffer.c.obj
 .text.rf_tx_frame
                0x000002f0       0x6c CMakeFiles/nrf24_sniffer.dir/nrf24_sniffer.c.obj
 .text.parse_hex_addr.constprop.0
                0x0000035c       0x2e CMakeFiles/nrf24_sniffer.dir/nrf24_sniffer.c.obj
 *fill*         0x0000038a        0x2 
 .text.rx_one_packet.constprop.0
                0x0000038c       0xb0 CMakeFiles/nrf24_sniffer.dir/nrf24_sniffer.c.obj
 .text.esb_parse.constprop.0
                0x0000043c      0x10c CMakeFiles/nrf24_sniffer.dir/nrf24_sniffer.c.obj
 .text.process_and_report
                0x00000548      0x1cc CMakeFiles/nrf24_sniffer.dir/nrf24_sniffer.c.obj
 .text.rf_set_channel.isra.0
                0x00000714       0x30 CMakeFiles/nrf24_sniffer.dir/nrf24_sniffer.c.obj
 .text.handle_command
                0x00000744      0x388 CMakeFiles/nrf24_sniffer.dir/nrf24_sniffer.c.obj
 .text.startup.main
                0x00000acc      0x218 CMakeFiles/nrf24_sniffer.dir/nrf24_sniffer.c.obj
                0x00000acc                main
 .text.NmiSRHandler
                0x00000ce4        0x2 CMakeFiles/nrf24_sniffer.dir/C_/ti/simplelink_cc13xx_cc26xx_sdk_8_32_00_07/source/ti/devices/cc13x2x7_cc26x2x7/startup_files/startup_gcc.c.obj
                0x00000ce4                NmiSR
 .text.FaultISRHandler
                0x00000ce6        0x2 CMakeFiles/nrf24_sniffer.dir/C_/ti/simplelink_cc13xx_cc26xx_sdk_8_32_00_07/source/ti/devices/cc13x2x7_cc26x2x7/startup_files/startup_gcc.c.obj
                0x00000ce6                FaultISR
 .text.IntDefaultHandler
                0x00000ce8        0x2 CMakeFiles/nrf24_sniffer.dir/C_/ti/simplelink_cc13xx_cc26xx_sdk_8_32_00_07/source/ti/devices/cc13x2x7_cc26x2x7/startup_files/startup_gcc.c.obj
                0x00000ce8                TRNGIntHandler
                0x00000ce8                SSI0IntHandler
                0x00000ce8                SWEvent0IntHandler
                0x00000ce8                uDMAIntHandler
                0x00000ce8                WatchdogIntHandler
                0x00000ce8                RFCHardwareIntHandler
                0x00000ce8                Timer1BIntHandler
                0x00000ce8                I2SIntHandler
                0x00000ce8                Timer2BIntHandler
                0x00000ce8                Timer2AIntHandler
                0x00000ce8                AUXTimer2IntHandler
                0x00000ce8                Timer1AIntHandler
                0x00000ce8                UART0IntHandler
                0x00000ce8                GPIOIntHandler
                0x00000ce8                BatMonIntHandler
                0x00000ce8                AUXSWEvent0IntHandler
                0x00000ce8                AUXADCIntHandler
                0x00000ce8                PendSVIntHandler
                0x00000ce8                RFCCPE1IntHandler
                0x00000ce8                AUXSWEvent1IntHandler
                0x00000ce8                SVCallIntHandler
                0x00000ce8                MPUFaultIntHandler
                0x00000ce8                SysTickIntHandler
                0x00000ce8                BusFaultIntHandler
                0x00000ce8                OSCIntHandler
                0x00000ce8                AONProgIntHandler
                0x00000ce8                AUXCompAIntHandler
                0x00000ce8                SSI1IntHandler
                0x00000ce8                FlashIntHandler
                0x00000ce8                uDMAErrIntHandler
                0x00000ce8                UsageFaultIntHandler
                0x00000ce8                RFCCmdAckIntHandler
                0x00000ce8                PKAIntHandler
                0x00000ce8                RFCCPE0IntHandler
                0x00000ce8                UART1IntHandler
                0x00000ce8                CryptoIntHandler
                0x00000ce8                Timer0AIntHandler
                0x00000ce8                I2CIntHandler
                0x00000ce8                DebugMonIntHandler
                0x00000ce8                Timer0BIntHandler
                0x00000ce8                AUXCombEventIntHandler
                0x00000ce8                Timer3AIntHandler
                0x00000ce8                DynProgIntHandler
                0x00000ce8                Timer3BIntHandler
                0x00000ce8                AONRTCIntHandler
 *fill*         0x00000cea        0x2 
 .text.ResetISR
                0x00000cec       0x5c CMakeFiles/nrf24_sniffer.dir/C_/ti/simplelink_cc13xx_cc26xx_sdk_8_32_00_07/source/ti/devices/cc13x2x7_cc26x2x7/startup_files/startup_gcc.c.obj
                0x00000cec                ResetISR
 .text.Board_sendExtFlashByte
                0x00000d48       0x52 CMakeFiles/nrf24_sniffer.dir/syscfg/ti_drivers_config.c.obj
                0x00000d48                Board_sendExtFlashByte
 *fill*         0x00000d9a        0x2 
 .text.Board_wakeUpExtFlash
                0x00000d9c       0x30 CMakeFiles/nrf24_sniffer.dir/syscfg/ti_drivers_config.c.obj
                0x00000d9c                Board_wakeUpExtFlash
 .text.Board_shutDownExtFlash
                0x00000dcc       0x54 CMakeFiles/nrf24_sniffer.dir/syscfg/ti_drivers_config.c.obj
                0x00000dcc                Board_shutDownExtFlash
 .text.Board_initHook
                0x00000e20        0x2 CMakeFiles/nrf24_sniffer.dir/syscfg/ti_drivers_config.c.obj
                0x00000e20                Board_initHook
 .text.Board_init
                0x00000e22       0x14 CMakeFiles/nrf24_sniffer.dir/syscfg/ti_drivers_config.c.obj
                0x00000e22                Board_init
 *fill*         0x00000e36        0x2 
 .text.RF_cmdGet
                0x00000e38       0x40 C:/ti/simplelink_cc13xx_cc26xx_sdk_8_32_00_07/source/ti/drivers/rf/lib/gcc/m4f/rf_multiMode_cc13x2.a(RFCC26X2_multiMode.c.cc13x2.gcc.o)
 .text.RF_dbellSyncOnAck
                0x00000e78       0x14 C:/ti/simplelink_cc13xx_cc26xx_sdk_8_32_00_07/source/ti/drivers/rf/lib/gcc/m4f/rf_multiMode_cc13x2.a(RFCC26X2_multiMode.c.cc13x2.gcc.o)
 .text.RF_verifyGap
                0x00000e8c       0xa8 C:/ti/simplelink_cc13xx_cc26xx_sdk_8_32_00_07/source/ti/drivers/rf/lib/gcc/m4f/rf_multiMode_cc13x2.a(RFCC26X2_multiMode.c.cc13x2.gcc.o)
 .text.RF_defaultExecutionPolicy
                0x00000f34        0x4 C:/ti/simplelink_cc13xx_cc26xx_sdk_8_32_00_07/source/ti/drivers/rf/lib/gcc/m4f/rf_multiMode_cc13x2.a(RFCC26X2_multiMode.c.cc13x2.gcc.o)
                0x00000f34                RF_defaultExecutionPolicy
 .text.RF_checkCmdFsError
                0x00000f38       0x30 C:/ti/simplelink_cc13xx_cc26xx_sdk_8_32_00_07/source/ti/drivers/rf/lib/gcc/m4f/rf_multiMode_cc13x2.a(RFCC26X2_multiMode.c.cc13x2.gcc.o)
 .text.RF_invokeGlobalCallback
                0x00000f68       0x20 C:/ti/simplelink_cc13xx_cc26xx_sdk_8_32_00_07/source/ti/drivers/rf/lib/gcc/m4f/rf_multiMode_cc13x2.a(RFCC26X2_multiMode.c.cc13x2.gcc.o)
 .text.RF_defaultCallback
                0x00000f88        0x2 C:/ti/simplelink_cc13xx_cc26xx_sdk_8_32_00_07/source/ti/drivers/rf/lib/gcc/m4f/rf_multiMode_cc13x2.a(RFCC26X2_multiMode.c.cc13x2.gcc.o)
 *fill*         0x00000f8a        0x2 
 .text.RF_isStateTransitionAllowed
                0x00000f8c       0x24 C:/ti/simplelink_cc13xx_cc26xx_sdk_8_32_00_07/source/ti/drivers/rf/lib/gcc/m4f/rf_multiMode_cc13x2.a(RFCC26X2_multiMode.c.cc13x2.gcc.o)
 .text.RF_updatePowerupDuration
                0x00000fb0       0x44 C:/ti/simplelink_cc13xx_cc26xx_sdk_8_32_00_07/source/ti/drivers/rf/lib/gcc/m4f/rf_multiMode_cc13x2.a(RFCC26X2_multiMode.c.cc13x2.gcc.o)
 .text.RF_attachOverrides
                0x00000ff4       0x66 C:/ti/simplelink_cc13xx_cc26xx_sdk_8_32_00_07/source/ti/drivers/rf/lib/gcc/m4f/rf_multiMode_cc13x2.a(RFCC26X2_multiMode.c.cc13x2.gcc.o)
 .text.RF_detachOverrides
                0x0000105a       0x6a C:/ti/simplelink_cc13xx_cc26xx_sdk_8_32_00_07/source/ti/drivers/rf/lib/gcc/m4f/rf_multiMode_cc13x2.a(RFCC26X2_multiMode.c.cc13x2.gcc.o)
 .text.RF_cmdStoreEvents
                0x000010c4       0x2e C:/ti/simplelink_cc13xx_cc26xx_sdk_8_32_00_07/source/ti/drivers/rf/lib/gcc/m4f/rf_multiMode_cc13x2.a(RFCC26X2_multiMode.c.cc13x2.gcc.o)
 .text.RF_searchAndReplacePAOverride
                0x000010f2       0x32 C:/ti/simplelink_cc13xx_cc26xx_sdk_8_32_00_07/source/ti/drivers/rf/lib/gcc/m4f/rf_multiMode_cc13x2.a(RFCC26X2_multiMode.c.cc13x2.gcc.o)
 .text.RF_issueRadioFreeCb
                0x00001124       0x78 C:/ti/simplelink_cc13xx_cc26xx_sdk_8_32_00_07/source/ti/drivers/rf/lib/gcc/m4f/rf_multiMode_cc13x2.a(RFCC26X2_multiMode.c.cc13x2.gcc.o)
 .text.RF_clkReqAccess
                0x0000119c        0x6 C:/ti/simplelink_cc13xx_cc26xx_sdk_8_32_00_07/source/ti/drivers/rf/lib/gcc/m4f/rf_multiMode_cc13x2.a(RFCC26X2_multiMode.c.cc13x2.gcc.o)
 .text.RF_restartClockTimeout
                0x000011a2       0x18 C:/ti/simplelink_cc13xx_cc26xx_sdk_8_32_00_07/source/ti/drivers/rf/lib/gcc/m4f/rf_multiMode_cc13x2.a(RFCC26X2_multiMode.c.cc13x2.gcc.o)
 .text.RF_syncCb
                0x000011ba       0x62 C:/ti/simplelink_cc13xx_cc26xx_sdk_8_32_00_07/source/ti/drivers/rf/lib/gcc/m4f/rf_multiMode_cc13x2.a(RFCC26X2_multiMode.c.cc13x2.gcc.o)
 .text.RF_applyRfCorePatch
                0x0000121c       0x74 C:/ti/simplelink_cc13xx_cc26xx_sdk_8_32_00_07/source/ti/drivers/rf/lib/gcc/m4f/rf_multiMode_cc13x2.a(RFCC26X2_multiMode.c.cc13x2.gcc.o)
 .text.RF_hwiHw
                0x00001290       0x6c C:/ti/simplelink_cc13xx_cc26xx_sdk_8_32_00_07/source/ti/drivers/rf/lib/gcc/m4f/rf_multiMode_cc13x2.a(RFCC26X2_multiMode.c.cc13x2.gcc.o)
 .text.RF_swiFsm
                0x000012fc       0x24 C:/ti/simplelink_cc13xx_cc26xx_sdk_8_32_00_07/source/ti/drivers/rf/lib/gcc/m4f/rf_multiMode_cc13x2.a(RFCC26X2_multiMode.c.cc13x2.gcc.o)
 .text.RF_fsmXOSCState
                0x00001320       0x50 C:/ti/simplelink_cc13xx_cc26xx_sdk_8_32_00_07/source/ti/drivers/rf/lib/gcc/m4f/rf_multiMode_cc13x2.a(RFCC26X2_multiMode.c.cc13x2.gcc.o)
 .text.RF_hwiCpe0ChangePhy
                0x00001370       0x24 C:/ti/simplelink_cc13xx_cc26xx_sdk_8_32_00_07/source/ti/drivers/rf/lib/gcc/m4f/rf_multiMode_cc13x2.a(RFCC26X2_multiMode.c.cc13x2.gcc.o)
 .text.RF_executeDirectImmediateCmd
                0x00001394       0x2c C:/ti/simplelink_cc13xx_cc26xx_sdk_8_32_00_07/source/ti/drivers/rf/lib/gcc/m4f/rf_multiMode_cc13x2.a(RFCC26X2_multiMode.c.cc13x2.gcc.o)
 .text.RF_wakeupNotification
                0x000013c0       0x50 C:/ti/simplelink_cc13xx_cc26xx_sdk_8_32_00_07/source/ti/drivers/rf/lib/gcc/m4f/rf_multiMode_cc13x2.a(RFCC26X2_multiMode.c.cc13x2.gcc.o)
 .text.RF_decodeOverridePointers.constprop.0
                0x00001410      0x120 C:/ti/simplelink_cc13xx_cc26xx_sdk_8_32_00_07/source/ti/drivers/rf/lib/gcc/m4f/rf_multiMode_cc13x2.a(RFCC26X2_multiMode.c.cc13x2.gcc.o)
 .text.RF_initRadioSetup
                0x00001530       0xb0 C:/ti/simplelink_cc13xx_cc26xx_sdk_8_32_00_07/source/ti/drivers/rf/lib/gcc/m4f/rf_multiMode_cc13x2.a(RFCC26X2_multiMode.c.cc13x2.gcc.o)
 .text.RF_fsmSetupState
                0x000015e0      0x10c C:/ti/simplelink_cc13xx_cc26xx_sdk_8_32_00_07/source/ti/drivers/rf/lib/gcc/m4f/rf_multiMode_cc13x2.a(RFCC26X2_multiMode.c.cc13x2.gcc.o)
 .text.RF_updatePaConfiguration
                0x000016ec       0xb8 C:/ti/simplelink_cc13xx_cc26xx_sdk_8_32_00_07/source/ti/drivers/rf/lib/gcc/m4f/rf_multiMode_cc13x2.a(RFCC26X2_multiMode.c.cc13x2.gcc.o)
 .text.RF_defaultSubmitPolicy
                0x000017a4       0x94 C:/ti/simplelink_cc13xx_cc26xx_sdk_8_32_00_07/source/ti/drivers/rf/lib/gcc/m4f/rf_multiMode_cc13x2.a(RFCC26X2_multiMode.c.cc13x2.gcc.o)
                0x000017a4                RF_defaultSubmitPolicy
 .text.RF_discardPendCmd
                0x00001838       0x8c C:/ti/simplelink_cc13xx_cc26xx_sdk_8_32_00_07/source/ti/drivers/rf/lib/gcc/m4f/rf_multiMode_cc13x2.a(RFCC26X2_multiMode.c.cc13x2.gcc.o)
 .text.RF_abortCmd
                0x000018c4      0x160 C:/ti/simplelink_cc13xx_cc26xx_sdk_8_32_00_07/source/ti/drivers/rf/lib/gcc/m4f/rf_multiMode_cc13x2.a(RFCC26X2_multiMode.c.cc13x2.gcc.o)
 .text.RF_powerConstraintSet
                0x00001a24       0x1c C:/ti/simplelink_cc13xx_cc26xx_sdk_8_32_00_07/source/ti/drivers/rf/lib/gcc/m4f/rf_multiMode_cc13x2.a(RFCC26X2_multiMode.c.cc13x2.gcc.o)
                0x00001a24                RF_powerConstraintSet
 .text.RF_ratRestartChannels
                0x00001a40       0x88 C:/ti/simplelink_cc13xx_cc26xx_sdk_8_32_00_07/source/ti/drivers/rf/lib/gcc/m4f/rf_multiMode_cc13x2.a(RFCC26X2_multiMode.c.cc13x2.gcc.o)
 .text.RF_powerConstraintRelease
                0x00001ac8       0x34 C:/ti/simplelink_cc13xx_cc26xx_sdk_8_32_00_07/source/ti/drivers/rf/lib/gcc/m4f/rf_multiMode_cc13x2.a(RFCC26X2_multiMode.c.cc13x2.gcc.o)
                0x00001ac8                RF_powerConstraintRelease
 .text.RF_clkInactivityCallback
                0x00001afc       0x1c C:/ti/simplelink_cc13xx_cc26xx_sdk_8_32_00_07/source/ti/drivers/rf/lib/gcc/m4f/rf_multiMode_cc13x2.a(RFCC26X2_multiMode.c.cc13x2.gcc.o)
 .text.RF_radioOpDoneCb
                0x00001b18      0x140 C:/ti/simplelink_cc13xx_cc26xx_sdk_8_32_00_07/source/ti/drivers/rf/lib/gcc/m4f/rf_multiMode_cc13x2.a(RFCC26X2_multiMode.c.cc13x2.gcc.o)
 .text.RF_ratFreeChannel
                0x00001c58       0x88 C:/ti/simplelink_cc13xx_cc26xx_sdk_8_32_00_07/source/ti/drivers/rf/lib/gcc/m4f/rf_multiMode_cc13x2.a(RFCC26X2_multiMode.c.cc13x2.gcc.o)
 .text.RF_swiHw
                0x00001ce0       0xcc C:/ti/simplelink_cc13xx_cc26xx_sdk_8_32_00_07/source/ti/drivers/rf/lib/gcc/m4f/rf_multiMode_cc13x2.a(RFCC26X2_multiMode.c.cc13x2.gcc.o)
 .text.RF_getCurrentTime
                0x00001dac       0x60 C:/ti/simplelink_cc13xx_cc26xx_sdk_8_32_00_07/source/ti/drivers/rf/lib/gcc/m4f/rf_multiMode_cc13x2.a(RFCC26X2_multiMode.c.cc13x2.gcc.o)
                0x00001dac                RF_getCurrentTime
 .text.RF_cmdDispatchTime
                0x00001e0c       0xac C:/ti/simplelink_cc13xx_cc26xx_sdk_8_32_00_07/source/ti/drivers/rf/lib/gcc/m4f/rf_multiMode_cc13x2.a(RFCC26X2_multiMode.c.cc13x2.gcc.o)
 .text.RF_dispatchNextCmd
                0x00001eb8      0x1c4 C:/ti/simplelink_cc13xx_cc26xx_sdk_8_32_00_07/source/ti/drivers/rf/lib/gcc/m4f/rf_multiMode_cc13x2.a(RFCC26X2_multiMode.c.cc13x2.gcc.o)
 .text.RF_hwiCpe0Active
                0x0000207c       0xf8 C:/ti/simplelink_cc13xx_cc26xx_sdk_8_32_00_07/source/ti/drivers/rf/lib/gcc/m4f/rf_multiMode_cc13x2.a(RFCC26X2_multiMode.c.cc13x2.gcc.o)
 .text.RF_hwiCpe0PowerFsm
                0x00002174       0x60 C:/ti/simplelink_cc13xx_cc26xx_sdk_8_32_00_07/source/ti/drivers/rf/lib/gcc/m4f/rf_multiMode_cc13x2.a(RFCC26X2_multiMode.c.cc13x2.gcc.o)
 .text.RF_calculateDispatchTime
                0x000021d4       0xc8 C:/ti/simplelink_cc13xx_cc26xx_sdk_8_32_00_07/source/ti/drivers/rf/lib/gcc/m4f/rf_multiMode_cc13x2.a(RFCC26X2_multiMode.c.cc13x2.gcc.o)
 .text.RF_dispatchNextEvent
                0x0000229c       0x6c C:/ti/simplelink_cc13xx_cc26xx_sdk_8_32_00_07/source/ti/drivers/rf/lib/gcc/m4f/rf_multiMode_cc13x2.a(RFCC26X2_multiMode.c.cc13x2.gcc.o)
 .text.RF_fsmPowerUpState
                0x00002308      0x118 C:/ti/simplelink_cc13xx_cc26xx_sdk_8_32_00_07/source/ti/drivers/rf/lib/gcc/m4f/rf_multiMode_cc13x2.a(RFCC26X2_multiMode.c.cc13x2.gcc.o)
 .text.RF_fsmActiveState
                0x00002420      0x4dc C:/ti/simplelink_cc13xx_cc26xx_sdk_8_32_00_07/source/ti/drivers/rf/lib/gcc/m4f/rf_multiMode_cc13x2.a(RFCC26X2_multiMode.c.cc13x2.gcc.o)
 .text.RF_clkPowerUp
                0x000028fc       0x24 C:/ti/simplelink_cc13xx_cc26xx_sdk_8_32_00_07/source/ti/drivers/rf/lib/gcc/m4f/rf_multiMode_cc13x2.a(RFCC26X2_multiMode.c.cc13x2.gcc.o)
 .text.RF_postCmd
                0x00002920      0x100 C:/ti/simplelink_cc13xx_cc26xx_sdk_8_32_00_07/source/ti/drivers/rf/lib/gcc/m4f/rf_multiMode_cc13x2.a(RFCC26X2_multiMode.c.cc13x2.gcc.o)
                0x00002920                RF_postCmd
 .text.RF_pendCmd
                0x00002a20       0xa8 C:/ti/simplelink_cc13xx_cc26xx_sdk_8_32_00_07/source/ti/drivers/rf/lib/gcc/m4f/rf_multiMode_cc13x2.a(RFCC26X2_multiMode.c.cc13x2.gcc.o)
                0x00002a20                RF_pendCmd
 .text.RF_runCmd
                0x00002ac8       0x24 C:/ti/simplelink_cc13xx_cc26xx_sdk_8_32_00_07/source/ti/drivers/rf/lib/gcc/m4f/rf_multiMode_cc13x2.a(RFCC26X2_multiMode.c.cc13x2.gcc.o)
                0x00002ac8                RF_runCmd
 .text.RF_Params_init
                0x00002aec       0x18 C:/ti/simplelink_cc13xx_cc26xx_sdk_8_32_00_07/source/ti/drivers/rf/lib/gcc/m4f/rf_multiMode_cc13x2.a(RFCC26X2_multiMode.c.cc13x2.gcc.o)
                0x00002aec                RF_Params_init
 .text.RF_open  0x00002b04      0x2cc C:/ti/simplelink_cc13xx_cc26xx_sdk_8_32_00_07/source/ti/drivers/rf/lib/gcc/m4f/rf_multiMode_cc13x2.a(RFCC26X2_multiMode.c.cc13x2.gcc.o)
                0x00002b04                RF_open
 .text.NOROM_RFCCpeIntGetAndClear
                0x00002dd0       0x10 C:/ti/simplelink_cc13xx_cc26xx_sdk_8_32_00_07/source/ti/drivers/rf/lib/gcc/m4f/rf_multiMode_cc13x2.a(rfc.c.cc13x2.gcc.o)
                0x00002dd0                NOROM_RFCCpeIntGetAndClear
 .text.NOROM_RFCDoorbellSendTo
                0x00002de0       0x20 C:/ti/simplelink_cc13xx_cc26xx_sdk_8_32_00_07/source/ti/drivers/rf/lib/gcc/m4f/rf_multiMode_cc13x2.a(rfc.c.cc13x2.gcc.o)
                0x00002de0                NOROM_RFCDoorbellSendTo
 .text.NOROM_RFCSynthPowerDown
                0x00002e00       0x4c C:/ti/simplelink_cc13xx_cc26xx_sdk_8_32_00_07/source/ti/drivers/rf/lib/gcc/m4f/rf_multiMode_cc13x2.a(rfc.c.cc13x2.gcc.o)
                0x00002e00                NOROM_RFCSynthPowerDown
 .text.NOROM_RFCCpePatchReset
                0x00002e4c        0x2 C:/ti/simplelink_cc13xx_cc26xx_sdk_8_32_00_07/source/ti/drivers/rf/lib/gcc/m4f/rf_multiMode_cc13x2.a(rfc.c.cc13x2.gcc.o)
                0x00002e4c                NOROM_RFCCpePatchReset
 .text.NOROM_RFCOverrideSearch
                0x00002e4e       0x26 C:/ti/simplelink_cc13xx_cc26xx_sdk_8_32_00_07/source/ti/drivers/rf/lib/gcc/m4f/rf_multiMode_cc13x2.a(rfc.c.cc13x2.gcc.o)
                0x00002e4e                NOROM_RFCOverrideSearch
 .text.NOROM_RFCAnaDivTxOverride
                0x00002e74       0x3c C:/ti/simplelink_cc13xx_cc26xx_sdk_8_32_00_07/source/ti/drivers/rf/lib/gcc/m4f/rf_multiMode_cc13x2.a(rfc.c.cc13x2.gcc.o)
                0x00002e74                NOROM_RFCAnaDivTxOverride
 .text.NOROM_RFCOverrideUpdate
                0x00002eb0        0x4 C:/ti/simplelink_cc13xx_cc26xx_sdk_8_32_00_07/source/ti/drivers/rf/lib/gcc/m4f/rf_multiMode_cc13x2.a(rfc.c.cc13x2.gcc.o)
                0x00002eb0                NOROM_RFCOverrideUpdate
 .text.NOROM_RFCHwIntGetAndClear
                0x00002eb4       0x10 C:/ti/simplelink_cc13xx_cc26xx_sdk_8_32_00_07/source/ti/drivers/rf/lib/gcc/m4f/rf_multiMode_cc13x2.a(rfc.c.cc13x2.gcc.o)
                0x00002eb4                NOROM_RFCHwIntGetAndClear
 .text.configurePropPatch
                0x00002ec4       0x48 C:/ti/simplelink_cc13xx_cc26xx_sdk_8_32_00_07/source/ti/drivers/rf/lib/gcc/m4f/rf_multiMode_cc13x2.a(rf_patch_cpe_prop.c.cc13x2.gcc.o)
 .text.rf_patch_cpe_prop
                0x00002f0c       0x2c C:/ti/simplelink_cc13xx_cc26xx_sdk_8_32_00_07/source/ti/drivers/rf/lib/gcc/m4f/rf_multiMode_cc13x2.a(rf_patch_cpe_prop.c.cc13x2.gcc.o)
                0x00002f0c                rf_patch_cpe_prop
 .text.List_clearList
                0x00002f38       0x18 C:/ti/simplelink_cc13xx_cc26xx_sdk_8_32_00_07/source/ti/drivers/lib/gcc/m4f/drivers_cc13x2x7.a(List.c.obj)
                0x00002f38                List_clearList
 .text.List_get
                0x00002f50       0x28 C:/ti/simplelink_cc13xx_cc26xx_sdk_8_32_00_07/source/ti/drivers/lib/gcc/m4f/drivers_cc13x2x7.a(List.c.obj)
                0x00002f50                List_get
 .text.List_insert
                0x00002f78       0x2c C:/ti/simplelink_cc13xx_cc26xx_sdk_8_32_00_07/source/ti/drivers/lib/gcc/m4f/drivers_cc13x2x7.a(List.c.obj)
                0x00002f78                List_insert
 .text.List_put
                0x00002fa4       0x2c C:/ti/simplelink_cc13xx_cc26xx_sdk_8_32_00_07/source/ti/drivers/lib/gcc/m4f/drivers_cc13x2x7.a(List.c.obj)
                0x00002fa4                List_put
 .text.List_putHead
                0x00002fd0       0x2c C:/ti/simplelink_cc13xx_cc26xx_sdk_8_32_00_07/source/ti/drivers/lib/gcc/m4f/drivers_cc13x2x7.a(List.c.obj)
                0x00002fd0                List_putHead
 .text.List_remove
                0x00002ffc       0x30 C:/ti/simplelink_cc13xx_cc26xx_sdk_8_32_00_07/source/ti/drivers/lib/gcc/m4f/drivers_cc13x2x7.a(List.c.obj)
                0x00002ffc                List_remove
 .text.GPIO_resetConfig
                0x0000302c       0x3c C:/ti/simplelink_cc13xx_cc26xx_sdk_8_32_00_07/source/ti/drivers/lib/gcc/m4f/drivers_cc13x2x7.a(GPIO.c.obj)
                0x0000302c                GPIO_resetConfig
 .text.GPIO_disableInt
                0x00003068       0x18 C:/ti/simplelink_cc13xx_cc26xx_sdk_8_32_00_07/source/ti/drivers/lib/gcc/m4f/drivers_cc13x2x7.a(GPIOCC26XX.c.obj)
                0x00003068                GPIO_disableInt
 .text.GPIO_setConfig
                0x00003080       0x98 C:/ti/simplelink_cc13xx_cc26xx_sdk_8_32_00_07/source/ti/drivers/lib/gcc/m4f/drivers_cc13x2x7.a(GPIOCC26XX.c.obj)
                0x00003080                GPIO_setConfig
 .text.GPIO_setConfigAndMux
                0x00003118       0xa4 C:/ti/simplelink_cc13xx_cc26xx_sdk_8_32_00_07/source/ti/drivers/lib/gcc/m4f/drivers_cc13x2x7.a(GPIOCC26XX.c.obj)
                0x00003118                GPIO_setConfigAndMux
 .text.GPIO_write
                0x000031bc       0x14 C:/ti/simplelink_cc13xx_cc26xx_sdk_8_32_00_07/source/ti/drivers/lib/gcc/m4f/drivers_cc13x2x7.a(GPIOCC26XX.c.obj)
                0x000031bc                GPIO_write
 .text.emptyClockFunc
                0x000031d0        0x4 C:/ti/simplelink_cc13xx_cc26xx_sdk_8_32_00_07/source/ti/drivers/lib/gcc/m4f/drivers_cc13x2x7.a(PowerCC26X2.c.obj)
 .text.nopResourceHandler
                0x000031d4        0x4 C:/ti/simplelink_cc13xx_cc26xx_sdk_8_32_00_07/source/ti/drivers/lib/gcc/m4f/drivers_cc13x2x7.a(PowerCC26X2.c.obj)
 .text.configureRFCoreClocks
                0x000031d8        0x4 C:/ti/simplelink_cc13xx_cc26xx_sdk_8_32_00_07/source/ti/drivers/lib/gcc/m4f/drivers_cc13x2x7.a(PowerCC26X2.c.obj)
 .text.configureXOSCHF
                0x000031dc      0x13c C:/ti/simplelink_cc13xx_cc26xx_sdk_8_32_00_07/source/ti/drivers/lib/gcc/m4f/drivers_cc13x2x7.a(PowerCC26X2.c.obj)
 .text.switchXOSCHF
                0x00003318       0x7c C:/ti/simplelink_cc13xx_cc26xx_sdk_8_32_00_07/source/ti/drivers/lib/gcc/m4f/drivers_cc13x2x7.a(PowerCC26X2.c.obj)
 .text.switchToTCXO
                0x00003394       0x10 C:/ti/simplelink_cc13xx_cc26xx_sdk_8_32_00_07/source/ti/drivers/lib/gcc/m4f/drivers_cc13x2x7.a(PowerCC26X2.c.obj)
 .text.oscillatorISR
                0x000033a4       0xc0 C:/ti/simplelink_cc13xx_cc26xx_sdk_8_32_00_07/source/ti/drivers/lib/gcc/m4f/drivers_cc13x2x7.a(PowerCC26X2.c.obj)
 .text.Power_disablePolicy
                0x00003464       0x14 C:/ti/simplelink_cc13xx_cc26xx_sdk_8_32_00_07/source/ti/drivers/lib/gcc/m4f/drivers_cc13x2x7.a(PowerCC26X2.c.obj)
                0x00003464                Power_disablePolicy
 .text.Power_enablePolicy
                0x00003478       0x10 C:/ti/simplelink_cc13xx_cc26xx_sdk_8_32_00_07/source/ti/drivers/lib/gcc/m4f/drivers_cc13x2x7.a(PowerCC26X2.c.obj)
                0x00003478                Power_enablePolicy
 .text.Power_getConstraintMask
                0x00003488        0xc C:/ti/simplelink_cc13xx_cc26xx_sdk_8_32_00_07/source/ti/drivers/lib/gcc/m4f/drivers_cc13x2x7.a(PowerCC26X2.c.obj)
                0x00003488                Power_getConstraintMask
 .text.Power_getTransitionLatency
                0x00003494       0x20 C:/ti/simplelink_cc13xx_cc26xx_sdk_8_32_00_07/source/ti/drivers/lib/gcc/m4f/drivers_cc13x2x7.a(PowerCC26X2.c.obj)
                0x00003494                Power_getTransitionLatency
 .text.Power_idleFunc
                0x000034b4       0x18 C:/ti/simplelink_cc13xx_cc26xx_sdk_8_32_00_07/source/ti/drivers/lib/gcc/m4f/drivers_cc13x2x7.a(PowerCC26X2.c.obj)
                0x000034b4                Power_idleFunc
 .text.Power_init
                0x000034cc      0x16c C:/ti/simplelink_cc13xx_cc26xx_sdk_8_32_00_07/source/ti/drivers/lib/gcc/m4f/drivers_cc13x2x7.a(PowerCC26X2.c.obj)
                0x000034cc                Power_init
 .text.Power_registerNotify
                0x00003638       0x24 C:/ti/simplelink_cc13xx_cc26xx_sdk_8_32_00_07/source/ti/drivers/lib/gcc/m4f/drivers_cc13x2x7.a(PowerCC26X2.c.obj)
                0x00003638                Power_registerNotify
 .text.Power_releaseConstraint
                0x0000365c       0x34 C:/ti/simplelink_cc13xx_cc26xx_sdk_8_32_00_07/source/ti/drivers/lib/gcc/m4f/drivers_cc13x2x7.a(PowerCC26X2.c.obj)
                0x0000365c                Power_releaseConstraint
 .text.Power_releaseDependency
                0x00003690       0xc8 C:/ti/simplelink_cc13xx_cc26xx_sdk_8_32_00_07/source/ti/drivers/lib/gcc/m4f/drivers_cc13x2x7.a(PowerCC26X2.c.obj)
                0x00003690                Power_releaseDependency
 .text.Power_setConstraint
                0x00003758       0x2c C:/ti/simplelink_cc13xx_cc26xx_sdk_8_32_00_07/source/ti/drivers/lib/gcc/m4f/drivers_cc13x2x7.a(PowerCC26X2.c.obj)
                0x00003758                Power_setConstraint
 .text.Power_setDependency
                0x00003784       0xd4 C:/ti/simplelink_cc13xx_cc26xx_sdk_8_32_00_07/source/ti/drivers/lib/gcc/m4f/drivers_cc13x2x7.a(PowerCC26X2.c.obj)
                0x00003784                Power_setDependency
 .text.Power_sleep
                0x00003858      0x1e4 C:/ti/simplelink_cc13xx_cc26xx_sdk_8_32_00_07/source/ti/drivers/lib/gcc/m4f/drivers_cc13x2x7.a(PowerCC26X2.c.obj)
                0x00003858                Power_sleep
 .text.PowerCC26XX_calibrate
                0x00003a3c       0x18 C:/ti/simplelink_cc13xx_cc26xx_sdk_8_32_00_07/source/ti/drivers/lib/gcc/m4f/drivers_cc13x2x7.a(PowerCC26X2.c.obj)
                0x00003a3c                PowerCC26XX_calibrate
 .text.PowerCC26XX_isStableXOSC_HF
                0x00003a54       0x30 C:/ti/simplelink_cc13xx_cc26xx_sdk_8_32_00_07/source/ti/drivers/lib/gcc/m4f/drivers_cc13x2x7.a(PowerCC26X2.c.obj)
                0x00003a54                PowerCC26XX_isStableXOSC_HF
 .text.PowerCC26XX_switchXOSC_HF
                0x00003a84       0x78 C:/ti/simplelink_cc13xx_cc26xx_sdk_8_32_00_07/source/ti/drivers/lib/gcc/m4f/drivers_cc13x2x7.a(PowerCC26X2.c.obj)
                0x00003a84                PowerCC26XX_switchXOSC_HF
 .text.PowerCC26X2_initiateCalibration
                0x00003afc       0x64 C:/ti/simplelink_cc13xx_cc26xx_sdk_8_32_00_07/source/ti/drivers/lib/gcc/m4f/drivers_cc13x2x7.a(PowerCC26X2_calibrateRCOSC.c.obj)
                0x00003afc                PowerCC26X2_initiateCalibration
 .text.PowerCC26X2_auxISR
                0x00003b60      0x2b4 C:/ti/simplelink_cc13xx_cc26xx_sdk_8_32_00_07/source/ti/drivers/lib/gcc/m4f/drivers_cc13x2x7.a(PowerCC26X2_calibrateRCOSC.c.obj)
                0x00003b60                PowerCC26X2_auxISR
 .text.PowerCC26X2_calibrate
                0x00003e14      0x110 C:/ti/simplelink_cc13xx_cc26xx_sdk_8_32_00_07/source/ti/drivers/lib/gcc/m4f/drivers_cc13x2x7.a(PowerCC26X2_calibrateRCOSC.c.obj)
                0x00003e14                PowerCC26X2_calibrate
 .text.PowerCC26X2_RCOSC_clockFunc
                0x00003f24       0x44 C:/ti/simplelink_cc13xx_cc26xx_sdk_8_32_00_07/source/ti/drivers/lib/gcc/m4f/drivers_cc13x2x7.a(PowerCC26X2_calibrateRCOSC.c.obj)
                0x00003f24                PowerCC26X2_RCOSC_clockFunc
 .text.UART2_Params_init
                0x00003f68       0x24 C:/ti/simplelink_cc13xx_cc26xx_sdk_8_32_00_07/source/ti/drivers/lib/gcc/m4f/drivers_cc13x2x7.a(UART2.c.obj)
                0x00003f68                UART2_Params_init
 .text.UART2_rxEnable
                0x00003f8c       0x44 C:/ti/simplelink_cc13xx_cc26xx_sdk_8_32_00_07/source/ti/drivers/lib/gcc/m4f/drivers_cc13x2x7.a(UART2.c.obj)
                0x00003f8c                UART2_rxEnable
 .text.UART2_readTimeout
                0x00003fd0      0x1b8 C:/ti/simplelink_cc13xx_cc26xx_sdk_8_32_00_07/source/ti/drivers/lib/gcc/m4f/drivers_cc13x2x7.a(UART2.c.obj)
                0x00003fd0                UART2_readTimeout
 .text.UART2_readFull
                0x00004188       0x50 C:/ti/simplelink_cc13xx_cc26xx_sdk_8_32_00_07/source/ti/drivers/lib/gcc/m4f/drivers_cc13x2x7.a(UART2.c.obj)
                0x00004188                UART2_readFull
 .text.UART2_read
                0x000041d8       0x24 C:/ti/simplelink_cc13xx_cc26xx_sdk_8_32_00_07/source/ti/drivers/lib/gcc/m4f/drivers_cc13x2x7.a(UART2.c.obj)
                0x000041d8                UART2_read
 .text.UART2_writeTimeoutBlocking
                0x000041fc      0x180 C:/ti/simplelink_cc13xx_cc26xx_sdk_8_32_00_07/source/ti/drivers/lib/gcc/m4f/drivers_cc13x2x7.a(UART2.c.obj)
                0x000041fc                UART2_writeTimeoutBlocking
 .text.UART2_writeTimeoutNonblocking
                0x0000437c      0x128 C:/ti/simplelink_cc13xx_cc26xx_sdk_8_32_00_07/source/ti/drivers/lib/gcc/m4f/drivers_cc13x2x7.a(UART2.c.obj)
                0x0000437c                UART2_writeTimeoutNonblocking
 .text.UART2_writeTimeout
                0x000044a4       0x24 C:/ti/simplelink_cc13xx_cc26xx_sdk_8_32_00_07/source/ti/drivers/lib/gcc/m4f/drivers_cc13x2x7.a(UART2.c.obj)
                0x000044a4                UART2_writeTimeout
 .text.UART2_write
                0x000044c8       0x14 C:/ti/simplelink_cc13xx_cc26xx_sdk_8_32_00_07/source/ti/drivers/lib/gcc/m4f/drivers_cc13x2x7.a(UART2.c.obj)
                0x000044c8                UART2_write
 .text.UART2CC26X2_eventCallback
                0x000044dc        0x4 C:/ti/simplelink_cc13xx_cc26xx_sdk_8_32_00_07/source/ti/drivers/lib/gcc/m4f/drivers_cc13x2x7.a(UART2CC26X2.c.obj)
 .text.UART2CC26X2_initHw.isra.0
                0x000044e0      0x130 C:/ti/simplelink_cc13xx_cc26xx_sdk_8_32_00_07/source/ti/drivers/lib/gcc/m4f/drivers_cc13x2x7.a(UART2CC26X2.c.obj)
 .text.UART2CC26X2_postNotifyFxn
                0x00004610       0x18 C:/ti/simplelink_cc13xx_cc26xx_sdk_8_32_00_07/source/ti/drivers/lib/gcc/m4f/drivers_cc13x2x7.a(UART2CC26X2.c.obj)
 .text.UART2_open
                0x00004628      0x1bc C:/ti/simplelink_cc13xx_cc26xx_sdk_8_32_00_07/source/ti/drivers/lib/gcc/m4f/drivers_cc13x2x7.a(UART2CC26X2.c.obj)
                0x00004628                UART2_open
 .text.UART2Support_disableTx
                0x000047e4        0xc C:/ti/simplelink_cc13xx_cc26xx_sdk_8_32_00_07/source/ti/drivers/lib/gcc/m4f/drivers_cc13x2x7.a(UART2CC26X2.c.obj)
                0x000047e4                UART2Support_disableTx
 .text.UART2Support_dmaStartTx
                0x000047f0       0xe4 C:/ti/simplelink_cc13xx_cc26xx_sdk_8_32_00_07/source/ti/drivers/lib/gcc/m4f/drivers_cc13x2x7.a(UART2CC26X2.c.obj)
                0x000047f0                UART2Support_dmaStartTx
 .text.UART2Support_dmaStopRx
                0x000048d4       0x74 C:/ti/simplelink_cc13xx_cc26xx_sdk_8_32_00_07/source/ti/drivers/lib/gcc/m4f/drivers_cc13x2x7.a(UART2CC26X2.c.obj)
                0x000048d4                UART2Support_dmaStopRx
 .text.UART2Support_dmaStartRx
                0x00004948       0xfc C:/ti/simplelink_cc13xx_cc26xx_sdk_8_32_00_07/source/ti/drivers/lib/gcc/m4f/drivers_cc13x2x7.a(UART2CC26X2.c.obj)
                0x00004948                UART2Support_dmaStartRx
 .text.UART2Support_dmaStopTx
                0x00004a44       0x8c C:/ti/simplelink_cc13xx_cc26xx_sdk_8_32_00_07/source/ti/drivers/lib/gcc/m4f/drivers_cc13x2x7.a(UART2CC26X2.c.obj)
                0x00004a44                UART2Support_dmaStopTx
 .text.UART2CC26X2_hwiIntFxn
                0x00004ad0      0x2bc C:/ti/simplelink_cc13xx_cc26xx_sdk_8_32_00_07/source/ti/drivers/lib/gcc/m4f/drivers_cc13x2x7.a(UART2CC26X2.c.obj)
 .text.UART2Support_enableInts
                0x00004d8c       0x2c C:/ti/simplelink_cc13xx_cc26xx_sdk_8_32_00_07/source/ti/drivers/lib/gcc/m4f/drivers_cc13x2x7.a(UART2CC26X2.c.obj)
                0x00004d8c                UART2Support_enableInts
 .text.UART2Support_enableRx
                0x00004db8        0xc C:/ti/simplelink_cc13xx_cc26xx_sdk_8_32_00_07/source/ti/drivers/lib/gcc/m4f/drivers_cc13x2x7.a(UART2CC26X2.c.obj)
                0x00004db8                UART2Support_enableRx
 .text.UART2Support_enableTx
                0x00004dc4        0xc C:/ti/simplelink_cc13xx_cc26xx_sdk_8_32_00_07/source/ti/drivers/lib/gcc/m4f/drivers_cc13x2x7.a(UART2CC26X2.c.obj)
                0x00004dc4                UART2Support_enableTx
 .text.UART2Support_powerSetConstraint
                0x00004dd0       0x28 C:/ti/simplelink_cc13xx_cc26xx_sdk_8_32_00_07/source/ti/drivers/lib/gcc/m4f/drivers_cc13x2x7.a(UART2CC26X2.c.obj)
                0x00004dd0                UART2Support_powerSetConstraint
 .text.UART2Support_sendData
                0x00004df8       0x34 C:/ti/simplelink_cc13xx_cc26xx_sdk_8_32_00_07/source/ti/drivers/lib/gcc/m4f/drivers_cc13x2x7.a(UART2CC26X2.c.obj)
                0x00004df8                UART2Support_sendData
 .text.UART2Support_txDone
                0x00004e2c       0x10 C:/ti/simplelink_cc13xx_cc26xx_sdk_8_32_00_07/source/ti/drivers/lib/gcc/m4f/drivers_cc13x2x7.a(UART2CC26X2.c.obj)
                0x00004e2c                UART2Support_txDone
 .text.GPIO_hwiIntFxn
                0x00004e3c       0x4c C:/ti/simplelink_cc13xx_cc26xx_sdk_8_32_00_07/source/ti/drivers/lib/gcc/m4f/drivers_cc13x2x7.a(GPIOCC26X2.c.obj)
                0x00004e3c                GPIO_hwiIntFxn
 .text.GPIO_init
                0x00004e88      0x120 C:/ti/simplelink_cc13xx_cc26xx_sdk_8_32_00_07/source/ti/drivers/lib/gcc/m4f/drivers_cc13x2x7.a(GPIOCC26X2.c.obj)
                0x00004e88                GPIO_init
 .text.PowerCC26X2_updateSubSecInc
                0x00004fa8       0x84 C:/ti/simplelink_cc13xx_cc26xx_sdk_8_32_00_07/source/ti/drivers/lib/gcc/m4f/drivers_cc13x2x7.a(PowerCC26X2_calibrateRCOSC_helpers.c.obj)
                0x00004fa8                PowerCC26X2_updateSubSecInc
 .text.PowerCC26X2_readCtrim
                0x0000502c       0x10 C:/ti/simplelink_cc13xx_cc26xx_sdk_8_32_00_07/source/ti/drivers/lib/gcc/m4f/drivers_cc13x2x7.a(PowerCC26X2_calibrateRCOSC_helpers.c.obj)
                0x0000502c                PowerCC26X2_readCtrim
 .text.PowerCC26X2_readCtrimFract
                0x0000503c       0x10 C:/ti/simplelink_cc13xx_cc26xx_sdk_8_32_00_07/source/ti/drivers/lib/gcc/m4f/drivers_cc13x2x7.a(PowerCC26X2_calibrateRCOSC_helpers.c.obj)
                0x0000503c                PowerCC26X2_readCtrimFract
 .text.PowerCC26X2_readRtrim
                0x0000504c       0x10 C:/ti/simplelink_cc13xx_cc26xx_sdk_8_32_00_07/source/ti/drivers/lib/gcc/m4f/drivers_cc13x2x7.a(PowerCC26X2_calibrateRCOSC_helpers.c.obj)
                0x0000504c                PowerCC26X2_readRtrim
 .text.PowerCC26X2_writeCtrim
                0x0000505c       0x28 C:/ti/simplelink_cc13xx_cc26xx_sdk_8_32_00_07/source/ti/drivers/lib/gcc/m4f/drivers_cc13x2x7.a(PowerCC26X2_calibrateRCOSC_helpers.c.obj)
                0x0000505c                PowerCC26X2_writeCtrim
 .text.PowerCC26X2_writeCtrimFract
                0x00005084       0x28 C:/ti/simplelink_cc13xx_cc26xx_sdk_8_32_00_07/source/ti/drivers/lib/gcc/m4f/drivers_cc13x2x7.a(PowerCC26X2_calibrateRCOSC_helpers.c.obj)
                0x00005084                PowerCC26X2_writeCtrimFract
 .text.PowerCC26X2_writeCtrimFractEn
                0x000050ac       0x28 C:/ti/simplelink_cc13xx_cc26xx_sdk_8_32_00_07/source/ti/drivers/lib/gcc/m4f/drivers_cc13x2x7.a(PowerCC26X2_calibrateRCOSC_helpers.c.obj)
                0x000050ac                PowerCC26X2_writeCtrimFractEn
 .text.PowerCC26X2_writeRtrim
                0x000050d4       0x28 C:/ti/simplelink_cc13xx_cc26xx_sdk_8_32_00_07/source/ti/drivers/lib/gcc/m4f/drivers_cc13x2x7.a(PowerCC26X2_calibrateRCOSC_helpers.c.obj)
                0x000050d4                PowerCC26X2_writeRtrim
 .text.PowerCC26X2_setTdcClkSrc24M
                0x000050fc       0x40 C:/ti/simplelink_cc13xx_cc26xx_sdk_8_32_00_07/source/ti/drivers/lib/gcc/m4f/drivers_cc13x2x7.a(PowerCC26X2_calibrateRCOSC_helpers.c.obj)
                0x000050fc                PowerCC26X2_setTdcClkSrc24M
 .text.PowerCC26X2_setAclkRefSrc
                0x0000513c       0x44 C:/ti/simplelink_cc13xx_cc26xx_sdk_8_32_00_07/source/ti/drivers/lib/gcc/m4f/drivers_cc13x2x7.a(PowerCC26X2_calibrateRCOSC_helpers.c.obj)
                0x0000513c                PowerCC26X2_setAclkRefSrc
 .text.PowerCC26X2_oscCtlClearXtal
                0x00005180       0x10 C:/ti/simplelink_cc13xx_cc26xx_sdk_8_32_00_07/source/ti/drivers/lib/gcc/m4f/drivers_cc13x2x7.a(PowerCC26X2_helpers.c.obj)
                0x00005180                PowerCC26X2_oscCtlClearXtal
 .text.PowerCC26X2_prcmEnableCacheRetention
                0x00005190       0x14 C:/ti/simplelink_cc13xx_cc26xx_sdk_8_32_00_07/source/ti/drivers/lib/gcc/m4f/drivers_cc13x2x7.a(PowerCC26X2_helpers.c.obj)
                0x00005190                PowerCC26X2_prcmEnableCacheRetention
 .text.PowerCC26X2_oschfSwitchToRcosc
                0x000051a4        0x4 C:/ti/simplelink_cc13xx_cc26xx_sdk_8_32_00_07/source/ti/drivers/lib/gcc/m4f/drivers_cc13x2x7.a(PowerCC26X2_helpers.c.obj)
                0x000051a4                PowerCC26X2_oschfSwitchToRcosc
 .text.PowerCC26X2_oscClockSourceGet
                0x000051a8        0xc C:/ti/simplelink_cc13xx_cc26xx_sdk_8_32_00_07/source/ti/drivers/lib/gcc/m4f/drivers_cc13x2x7.a(PowerCC26X2_helpers.c.obj)
                0x000051a8                PowerCC26X2_oscClockSourceGet
 .text.PowerCC26X2_oscDisableQualifiers
                0x000051b4       0x40 C:/ti/simplelink_cc13xx_cc26xx_sdk_8_32_00_07/source/ti/drivers/lib/gcc/m4f/drivers_cc13x2x7.a(PowerCC26X2_helpers.c.obj)
                0x000051b4                PowerCC26X2_oscDisableQualifiers
 .text.PowerCC26X2_getOscHfSourceReady
                0x000051f4       0x24 C:/ti/simplelink_cc13xx_cc26xx_sdk_8_32_00_07/source/ti/drivers/lib/gcc/m4f/drivers_cc13x2x7.a(PowerCC26X2_helpers.c.obj)
                0x000051f4                PowerCC26X2_getOscHfSourceReady
 .text.PowerCC26X2_oschfTrySwitchToXosc
                0x00005218        0x8 C:/ti/simplelink_cc13xx_cc26xx_sdk_8_32_00_07/source/ti/drivers/lib/gcc/m4f/drivers_cc13x2x7.a(PowerCC26X2_helpers.c.obj)
                0x00005218                PowerCC26X2_oschfTrySwitchToXosc
 .text.PowerCC26X2_enableTCXOQual
                0x00005220       0x24 C:/ti/simplelink_cc13xx_cc26xx_sdk_8_32_00_07/source/ti/drivers/lib/gcc/m4f/drivers_cc13x2x7.a(PowerCC26X2_helpers.c.obj)
                0x00005220                PowerCC26X2_enableTCXOQual
 .text.PowerCC26X2_disableTCXOQual
                0x00005244       0x24 C:/ti/simplelink_cc13xx_cc26xx_sdk_8_32_00_07/source/ti/drivers/lib/gcc/m4f/drivers_cc13x2x7.a(PowerCC26X2_helpers.c.obj)
                0x00005244                PowerCC26X2_disableTCXOQual
 .text.PowerCC26X2_turnOnXosc
                0x00005268        0x4 C:/ti/simplelink_cc13xx_cc26xx_sdk_8_32_00_07/source/ti/drivers/lib/gcc/m4f/drivers_cc13x2x7.a(PowerCC26X2_helpers.c.obj)
                0x00005268                PowerCC26X2_turnOnXosc
 .text.PowerCC26X2_switchToTCXO
                0x0000526c       0x10 C:/ti/simplelink_cc13xx_cc26xx_sdk_8_32_00_07/source/ti/drivers/lib/gcc/m4f/drivers_cc13x2x7.a(PowerCC26X2_helpers.c.obj)
                0x0000526c                PowerCC26X2_switchToTCXO
 .text.PowerCC26X2_sysCtrlStandby
                0x0000527c        0xc C:/ti/simplelink_cc13xx_cc26xx_sdk_8_32_00_07/source/ti/drivers/lib/gcc/m4f/drivers_cc13x2x7.a(PowerCC26X2_helpers.c.obj)
                0x0000527c                PowerCC26X2_sysCtrlStandby
 .text.PowerCC26X2_sysCtrlIdle
                0x00005288        0x4 C:/ti/simplelink_cc13xx_cc26xx_sdk_8_32_00_07/source/ti/drivers/lib/gcc/m4f/drivers_cc13x2x7.a(PowerCC26X2_helpers.c.obj)
                0x00005288                PowerCC26X2_sysCtrlIdle
 .text.PowerCC26X2_setPeriphDeepSleepEnable
                0x0000528c        0xc C:/ti/simplelink_cc13xx_cc26xx_sdk_8_32_00_07/source/ti/drivers/lib/gcc/m4f/drivers_cc13x2x7.a(PowerCC26X2_helpers.c.obj)
                0x0000528c                PowerCC26X2_setPeriphDeepSleepEnable
 .text.PowerCC26X2_sysCtrlGetResetSource
                0x00005298        0xc C:/ti/simplelink_cc13xx_cc26xx_sdk_8_32_00_07/source/ti/drivers/lib/gcc/m4f/drivers_cc13x2x7.a(PowerCC26X2_helpers.c.obj)
                0x00005298                PowerCC26X2_sysCtrlGetResetSource
 .text.PowerCC26X2_setSubSecIncToXoscLf
                0x000052a4       0x34 C:/ti/simplelink_cc13xx_cc26xx_sdk_8_32_00_07/source/ti/drivers/lib/gcc/m4f/drivers_cc13x2x7.a(PowerCC26X2_helpers.c.obj)
                0x000052a4                PowerCC26X2_setSubSecIncToXoscLf
 .text.PowerCC26X2_sysCtrlUpdateVoltageRegulator
                0x000052d8        0xc C:/ti/simplelink_cc13xx_cc26xx_sdk_8_32_00_07/source/ti/drivers/lib/gcc/m4f/drivers_cc13x2x7.a(PowerCC26X2_helpers.c.obj)
                0x000052d8                PowerCC26X2_sysCtrlUpdateVoltageRegulator
 .text.RingBuf_construct
                0x000052e4       0x18 C:/ti/simplelink_cc13xx_cc26xx_sdk_8_32_00_07/source/ti/drivers/lib/gcc/m4f/drivers_cc13x2x7.a(RingBuf.c.obj)
                0x000052e4                RingBuf_construct
 .text.RingBuf_getConsume
                0x000052fc       0x30 C:/ti/simplelink_cc13xx_cc26xx_sdk_8_32_00_07/source/ti/drivers/lib/gcc/m4f/drivers_cc13x2x7.a(RingBuf.c.obj)
                0x000052fc                RingBuf_getConsume
 .text.RingBuf_getCount
                0x0000532c        0x4 C:/ti/simplelink_cc13xx_cc26xx_sdk_8_32_00_07/source/ti/drivers/lib/gcc/m4f/drivers_cc13x2x7.a(RingBuf.c.obj)
                0x0000532c                RingBuf_getCount
 .text.RingBuf_getPointer
                0x00005330       0x28 C:/ti/simplelink_cc13xx_cc26xx_sdk_8_32_00_07/source/ti/drivers/lib/gcc/m4f/drivers_cc13x2x7.a(RingBuf.c.obj)
                0x00005330                RingBuf_getPointer
 .text.RingBuf_put
                0x00005358       0x48 C:/ti/simplelink_cc13xx_cc26xx_sdk_8_32_00_07/source/ti/drivers/lib/gcc/m4f/drivers_cc13x2x7.a(RingBuf.c.obj)
                0x00005358                RingBuf_put
 .text.RingBuf_putAdvance
                0x000053a0       0x3c C:/ti/simplelink_cc13xx_cc26xx_sdk_8_32_00_07/source/ti/drivers/lib/gcc/m4f/drivers_cc13x2x7.a(RingBuf.c.obj)
                0x000053a0                RingBuf_putAdvance
 .text.RingBuf_putPointer
                0x000053dc       0x34 C:/ti/simplelink_cc13xx_cc26xx_sdk_8_32_00_07/source/ti/drivers/lib/gcc/m4f/drivers_cc13x2x7.a(RingBuf.c.obj)
                0x000053dc                RingBuf_putPointer
 .text.UDMACC26XX_hwiIntFxn
                0x00005410        0xc C:/ti/simplelink_cc13xx_cc26xx_sdk_8_32_00_07/source/ti/drivers/lib/gcc/m4f/drivers_cc13x2x7.a(UDMACC26XX.c.obj)
                0x00005410                UDMACC26XX_hwiIntFxn
 .text.UDMACC26XX_open
                0x0000541c       0x6c C:/ti/simplelink_cc13xx_cc26xx_sdk_8_32_00_07/source/ti/drivers/lib/gcc/m4f/drivers_cc13x2x7.a(UDMACC26XX.c.obj)
                0x0000541c                UDMACC26XX_open
 .text.NoRTOS_start
                0x00005488        0x4 C:/ti/simplelink_cc13xx_cc26xx_sdk_8_32_00_07/kernel/nortos/lib/gcc/m4f/nortos_cc13x2x7.a(NoRTOS.c.obj)
                0x00005488                NoRTOS_start
 .text.clkFxn   0x0000548c        0x4 C:/ti/simplelink_cc13xx_cc26xx_sdk_8_32_00_07/kernel/nortos/lib/gcc/m4f/nortos_cc13x2x7.a(SemaphoreP_nortos.c.obj)
                0x0000548c                clkFxn
 .text.SemaphoreP_construct
                0x00005490       0x60 C:/ti/simplelink_cc13xx_cc26xx_sdk_8_32_00_07/kernel/nortos/lib/gcc/m4f/nortos_cc13x2x7.a(SemaphoreP_nortos.c.obj)
                0x00005490                SemaphoreP_construct
 .text.SemaphoreP_constructBinary
                0x000054f0       0x3c C:/ti/simplelink_cc13xx_cc26xx_sdk_8_32_00_07/kernel/nortos/lib/gcc/m4f/nortos_cc13x2x7.a(SemaphoreP_nortos.c.obj)
                0x000054f0                SemaphoreP_constructBinary
 .text.SemaphoreP_destruct
                0x0000552c        0x4 C:/ti/simplelink_cc13xx_cc26xx_sdk_8_32_00_07/kernel/nortos/lib/gcc/m4f/nortos_cc13x2x7.a(SemaphoreP_nortos.c.obj)
                0x0000552c                SemaphoreP_destruct
 .text.SemaphoreP_pend
                0x00005530      0x100 C:/ti/simplelink_cc13xx_cc26xx_sdk_8_32_00_07/kernel/nortos/lib/gcc/m4f/nortos_cc13x2x7.a(SemaphoreP_nortos.c.obj)
                0x00005530                SemaphoreP_pend
 .text.SemaphoreP_post
                0x00005630       0x44 C:/ti/simplelink_cc13xx_cc26xx_sdk_8_32_00_07/kernel/nortos/lib/gcc/m4f/nortos_cc13x2x7.a(SemaphoreP_nortos.c.obj)
                0x00005630                SemaphoreP_post
 .text.SwiP_Params_init
                0x00005674       0x10 C:/ti/simplelink_cc13xx_cc26xx_sdk_8_32_00_07/kernel/nortos/lib/gcc/m4f/nortos_cc13x2x7.a(SwiP_nortos.c.obj)
                0x00005674                SwiP_Params_init
 .text.SwiP_construct
                0x00005684      0x114 C:/ti/simplelink_cc13xx_cc26xx_sdk_8_32_00_07/kernel/nortos/lib/gcc/m4f/nortos_cc13x2x7.a(SwiP_nortos.c.obj)
                0x00005684                SwiP_construct
 .text.SwiP_disable
                0x00005798       0x1c C:/ti/simplelink_cc13xx_cc26xx_sdk_8_32_00_07/kernel/nortos/lib/gcc/m4f/nortos_cc13x2x7.a(SwiP_nortos.c.obj)
                0x00005798                SwiP_disable
 .text.SwiP_dispatch
                0x000057b4       0xd4 C:/ti/simplelink_cc13xx_cc26xx_sdk_8_32_00_07/kernel/nortos/lib/gcc/m4f/nortos_cc13x2x7.a(SwiP_nortos.c.obj)
                0x000057b4                SwiP_dispatch
 .text.SwiP_handleHwi
                0x00005888       0x18 C:/ti/simplelink_cc13xx_cc26xx_sdk_8_32_00_07/kernel/nortos/lib/gcc/m4f/nortos_cc13x2x7.a(SwiP_nortos.c.obj)
 .text.SwiP_getTrigger
                0x000058a0        0xc C:/ti/simplelink_cc13xx_cc26xx_sdk_8_32_00_07/kernel/nortos/lib/gcc/m4f/nortos_cc13x2x7.a(SwiP_nortos.c.obj)
                0x000058a0                SwiP_getTrigger
 .text.SwiP_or  0x000058ac       0x80 C:/ti/simplelink_cc13xx_cc26xx_sdk_8_32_00_07/kernel/nortos/lib/gcc/m4f/nortos_cc13x2x7.a(SwiP_nortos.c.obj)
                0x000058ac                SwiP_or
 .text.SwiP_post
                0x0000592c       0x70 C:/ti/simplelink_cc13xx_cc26xx_sdk_8_32_00_07/kernel/nortos/lib/gcc/m4f/nortos_cc13x2x7.a(SwiP_nortos.c.obj)
                0x0000592c                SwiP_post
 .text.SwiP_restore
                0x0000599c       0x48 C:/ti/simplelink_cc13xx_cc26xx_sdk_8_32_00_07/kernel/nortos/lib/gcc/m4f/nortos_cc13x2x7.a(SwiP_nortos.c.obj)
                0x0000599c                SwiP_restore
 .text.ClockP_doTick
                0x000059e4        0xc C:/ti/simplelink_cc13xx_cc26xx_sdk_8_32_00_07/kernel/nortos/lib/gcc/m4f/nortos_cc13x2x7.a(ClockPTimer_nortos.c.obj)
                0x000059e4                ClockP_doTick
 .text.ClockP_startup.part.0
                0x000059f0       0x84 C:/ti/simplelink_cc13xx_cc26xx_sdk_8_32_00_07/kernel/nortos/lib/gcc/m4f/nortos_cc13x2x7.a(ClockPTimer_nortos.c.obj)
 .text.ClockP_workFuncDynamic
                0x00005a74      0x154 C:/ti/simplelink_cc13xx_cc26xx_sdk_8_32_00_07/kernel/nortos/lib/gcc/m4f/nortos_cc13x2x7.a(ClockPTimer_nortos.c.obj)
                0x00005a74                ClockP_workFuncDynamic
 .text.ClockP_Params_init
                0x00005bc8       0x10 C:/ti/simplelink_cc13xx_cc26xx_sdk_8_32_00_07/kernel/nortos/lib/gcc/m4f/nortos_cc13x2x7.a(ClockPTimer_nortos.c.obj)
                0x00005bc8                ClockP_Params_init
 .text.ClockP_startup
                0x00005bd8       0x10 C:/ti/simplelink_cc13xx_cc26xx_sdk_8_32_00_07/kernel/nortos/lib/gcc/m4f/nortos_cc13x2x7.a(ClockPTimer_nortos.c.obj)
                0x00005bd8                ClockP_startup
 .text.ClockP_getTicksUntilInterrupt
                0x00005be8       0x30 C:/ti/simplelink_cc13xx_cc26xx_sdk_8_32_00_07/kernel/nortos/lib/gcc/m4f/nortos_cc13x2x7.a(ClockPTimer_nortos.c.obj)
                0x00005be8                ClockP_getTicksUntilInterrupt
 .text.ClockP_add
                0x00005c18       0x24 C:/ti/simplelink_cc13xx_cc26xx_sdk_8_32_00_07/kernel/nortos/lib/gcc/m4f/nortos_cc13x2x7.a(ClockPTimer_nortos.c.obj)
                0x00005c18                ClockP_add
 .text.ClockP_destruct
                0x00005c3c       0x1c C:/ti/simplelink_cc13xx_cc26xx_sdk_8_32_00_07/kernel/nortos/lib/gcc/m4f/nortos_cc13x2x7.a(ClockPTimer_nortos.c.obj)
                0x00005c3c                ClockP_destruct
 .text.ClockP_start
                0x00005c58       0x98 C:/ti/simplelink_cc13xx_cc26xx_sdk_8_32_00_07/kernel/nortos/lib/gcc/m4f/nortos_cc13x2x7.a(ClockPTimer_nortos.c.obj)
                0x00005c58                ClockP_start
 .text.ClockP_construct
                0x00005cf0       0x58 C:/ti/simplelink_cc13xx_cc26xx_sdk_8_32_00_07/kernel/nortos/lib/gcc/m4f/nortos_cc13x2x7.a(ClockPTimer_nortos.c.obj)
                0x00005cf0                ClockP_construct
 .text.ClockP_stop
                0x00005d48        0x8 C:/ti/simplelink_cc13xx_cc26xx_sdk_8_32_00_07/kernel/nortos/lib/gcc/m4f/nortos_cc13x2x7.a(ClockPTimer_nortos.c.obj)
                0x00005d48                ClockP_stop
 .text.ClockP_setTimeout
                0x00005d50        0x4 C:/ti/simplelink_cc13xx_cc26xx_sdk_8_32_00_07/kernel/nortos/lib/gcc/m4f/nortos_cc13x2x7.a(ClockPTimer_nortos.c.obj)
                0x00005d50                ClockP_setTimeout
 .text.ClockP_getTimeout
                0x00005d54       0x30 C:/ti/simplelink_cc13xx_cc26xx_sdk_8_32_00_07/kernel/nortos/lib/gcc/m4f/nortos_cc13x2x7.a(ClockPTimer_nortos.c.obj)
                0x00005d54                ClockP_getTimeout
 .text.ClockP_isActive
                0x00005d84        0x4 C:/ti/simplelink_cc13xx_cc26xx_sdk_8_32_00_07/kernel/nortos/lib/gcc/m4f/nortos_cc13x2x7.a(ClockPTimer_nortos.c.obj)
                0x00005d84                ClockP_isActive
 .text.ClockP_getCpuFreq
                0x00005d88       0x10 C:/ti/simplelink_cc13xx_cc26xx_sdk_8_32_00_07/kernel/nortos/lib/gcc/m4f/nortos_cc13x2x7.a(ClockPTimer_nortos.c.obj)
                0x00005d88                ClockP_getCpuFreq
 .text.ClockP_getSystemTickPeriod
                0x00005d98        0xc C:/ti/simplelink_cc13xx_cc26xx_sdk_8_32_00_07/kernel/nortos/lib/gcc/m4f/nortos_cc13x2x7.a(ClockPTimer_nortos.c.obj)
                0x00005d98                ClockP_getSystemTickPeriod
 .text.ClockP_getSystemTicks
                0x00005da4       0x34 C:/ti/simplelink_cc13xx_cc26xx_sdk_8_32_00_07/kernel/nortos/lib/gcc/m4f/nortos_cc13x2x7.a(ClockPTimer_nortos.c.obj)
                0x00005da4                ClockP_getSystemTicks
 .text.ClockP_usleep
                0x00005dd8       0x8c C:/ti/simplelink_cc13xx_cc26xx_sdk_8_32_00_07/kernel/nortos/lib/gcc/m4f/nortos_cc13x2x7.a(ClockPTimer_nortos.c.obj)
                0x00005dd8                ClockP_usleep
 .text.QueueP_init
                0x00005e64        0x8 C:/ti/simplelink_cc13xx_cc26xx_sdk_8_32_00_07/kernel/nortos/lib/gcc/m4f/nortos_cc13x2x7.a(QueueP_nortos.c.obj)
                0x00005e64                QueueP_init
 .text.QueueP_empty
                0x00005e6c        0xc C:/ti/simplelink_cc13xx_cc26xx_sdk_8_32_00_07/kernel/nortos/lib/gcc/m4f/nortos_cc13x2x7.a(QueueP_nortos.c.obj)
                0x00005e6c                QueueP_empty
 .text.QueueP_get
                0x00005e78       0x1c C:/ti/simplelink_cc13xx_cc26xx_sdk_8_32_00_07/kernel/nortos/lib/gcc/m4f/nortos_cc13x2x7.a(QueueP_nortos.c.obj)
                0x00005e78                QueueP_get
 .text.QueueP_head
                0x00005e94        0x4 C:/ti/simplelink_cc13xx_cc26xx_sdk_8_32_00_07/kernel/nortos/lib/gcc/m4f/nortos_cc13x2x7.a(QueueP_nortos.c.obj)
                0x00005e94                QueueP_head
 .text.QueueP_next
                0x00005e98        0x4 C:/ti/simplelink_cc13xx_cc26xx_sdk_8_32_00_07/kernel/nortos/lib/gcc/m4f/nortos_cc13x2x7.a(QueueP_nortos.c.obj)
                0x00005e98                QueueP_next
 .text.QueueP_put
                0x00005e9c       0x20 C:/ti/simplelink_cc13xx_cc26xx_sdk_8_32_00_07/kernel/nortos/lib/gcc/m4f/nortos_cc13x2x7.a(QueueP_nortos.c.obj)
                0x00005e9c                QueueP_put
 .text.QueueP_remove
                0x00005ebc       0x10 C:/ti/simplelink_cc13xx_cc26xx_sdk_8_32_00_07/kernel/nortos/lib/gcc/m4f/nortos_cc13x2x7.a(QueueP_nortos.c.obj)
                0x00005ebc                QueueP_remove
 .text.HwiP_dispatch
                0x00005ecc       0x1c C:/ti/simplelink_cc13xx_cc26xx_sdk_8_32_00_07/kernel/nortos/lib/gcc/m4f/nortos_cc13x2x7.a(HwiPCC26XX_nortos.c.obj)
 .text.HwiP_enable
                0x00005ee8        0x4 C:/ti/simplelink_cc13xx_cc26xx_sdk_8_32_00_07/kernel/nortos/lib/gcc/m4f/nortos_cc13x2x7.a(HwiPCC26XX_nortos.c.obj)
                0x00005ee8                HwiP_enable
 .text.HwiP_disable
                0x00005eec       0x10 C:/ti/simplelink_cc13xx_cc26xx_sdk_8_32_00_07/kernel/nortos/lib/gcc/m4f/nortos_cc13x2x7.a(HwiPCC26XX_nortos.c.obj)
                0x00005eec                HwiP_disable
 .text.HwiP_restore
                0x00005efc        0x8 C:/ti/simplelink_cc13xx_cc26xx_sdk_8_32_00_07/kernel/nortos/lib/gcc/m4f/nortos_cc13x2x7.a(HwiPCC26XX_nortos.c.obj)
                0x00005efc                HwiP_restore
 .text.HwiP_enableInterrupt
                0x00005f04        0xc C:/ti/simplelink_cc13xx_cc26xx_sdk_8_32_00_07/kernel/nortos/lib/gcc/m4f/nortos_cc13x2x7.a(HwiPCC26XX_nortos.c.obj)
                0x00005f04                HwiP_enableInterrupt
 .text.HwiP_interruptsEnabled
                0x00005f10       0x10 C:/ti/simplelink_cc13xx_cc26xx_sdk_8_32_00_07/kernel/nortos/lib/gcc/m4f/nortos_cc13x2x7.a(HwiPCC26XX_nortos.c.obj)
                0x00005f10                HwiP_interruptsEnabled
 .text.HwiP_construct
                0x00005f20       0x88 C:/ti/simplelink_cc13xx_cc26xx_sdk_8_32_00_07/kernel/nortos/lib/gcc/m4f/nortos_cc13x2x7.a(HwiPCC26XX_nortos.c.obj)
                0x00005f20                HwiP_construct
 .text.HwiP_Params_init
                0x00005fa8       0x14 C:/ti/simplelink_cc13xx_cc26xx_sdk_8_32_00_07/kernel/nortos/lib/gcc/m4f/nortos_cc13x2x7.a(HwiPCC26XX_nortos.c.obj)
                0x00005fa8                HwiP_Params_init
 .text.HwiP_setFunc
                0x00005fbc       0x1c C:/ti/simplelink_cc13xx_cc26xx_sdk_8_32_00_07/kernel/nortos/lib/gcc/m4f/nortos_cc13x2x7.a(HwiPCC26XX_nortos.c.obj)
                0x00005fbc                HwiP_setFunc
 .text.HwiP_post
                0x00005fd8        0xc C:/ti/simplelink_cc13xx_cc26xx_sdk_8_32_00_07/kernel/nortos/lib/gcc/m4f/nortos_cc13x2x7.a(HwiPCC26XX_nortos.c.obj)
                0x00005fd8                HwiP_post
 .text.HwiP_inISR
                0x00005fe4       0x14 C:/ti/simplelink_cc13xx_cc26xx_sdk_8_32_00_07/kernel/nortos/lib/gcc/m4f/nortos_cc13x2x7.a(HwiPCC26XX_nortos.c.obj)
                0x00005fe4                HwiP_inISR
 .text.PowerCC26XX_standbyPolicy
                0x00005ff8       0xf0 C:/ti/simplelink_cc13xx_cc26xx_sdk_8_32_00_07/kernel/nortos/lib/gcc/m4f/nortos_cc13x2x7.a(PowerCC26X2_nortos.c.obj)
                0x00005ff8                PowerCC26XX_standbyPolicy
 .text.PowerCC26XX_schedulerDisable
                0x000060e8       0x10 C:/ti/simplelink_cc13xx_cc26xx_sdk_8_32_00_07/kernel/nortos/lib/gcc/m4f/nortos_cc13x2x7.a(PowerCC26X2_nortos.c.obj)
                0x000060e8                PowerCC26XX_schedulerDisable
 .text.PowerCC26XX_schedulerRestore
                0x000060f8        0xc C:/ti/simplelink_cc13xx_cc26xx_sdk_8_32_00_07/kernel/nortos/lib/gcc/m4f/nortos_cc13x2x7.a(PowerCC26X2_nortos.c.obj)
                0x000060f8                PowerCC26XX_schedulerRestore
 .text.TimerP_dynamicStub
                0x00006104       0x20 C:/ti/simplelink_cc13xx_cc26xx_sdk_8_32_00_07/kernel/nortos/lib/gcc/m4f/nortos_cc13x2x7.a(TimerPCC26XX_nortos.c.obj)
                0x00006104                TimerP_dynamicStub
 .text.TimerP_Params_init
                0x00006124       0x10 C:/ti/simplelink_cc13xx_cc26xx_sdk_8_32_00_07/kernel/nortos/lib/gcc/m4f/nortos_cc13x2x7.a(TimerPCC26XX_nortos.c.obj)
                0x00006124                TimerP_Params_init
 .text.TimerP_construct
                0x00006134       0xf8 C:/ti/simplelink_cc13xx_cc26xx_sdk_8_32_00_07/kernel/nortos/lib/gcc/m4f/nortos_cc13x2x7.a(TimerPCC26XX_nortos.c.obj)
                0x00006134                TimerP_construct
 .text.TimerP_getMaxTicks
                0x0000622c       0x1c C:/ti/simplelink_cc13xx_cc26xx_sdk_8_32_00_07/kernel/nortos/lib/gcc/m4f/nortos_cc13x2x7.a(TimerPCC26XX_nortos.c.obj)
                0x0000622c                TimerP_getMaxTicks
 .text.TimerP_setNextTick
                0x00006248       0x54 C:/ti/simplelink_cc13xx_cc26xx_sdk_8_32_00_07/kernel/nortos/lib/gcc/m4f/nortos_cc13x2x7.a(TimerPCC26XX_nortos.c.obj)
                0x00006248                TimerP_setNextTick
 .text.TimerP_getCount64
                0x0000629c        0xc C:/ti/simplelink_cc13xx_cc26xx_sdk_8_32_00_07/kernel/nortos/lib/gcc/m4f/nortos_cc13x2x7.a(TimerPCC26XX_nortos.c.obj)
                0x0000629c                TimerP_getCount64
 .text.TimerP_getCurrentTick
                0x000062a8       0x38 C:/ti/simplelink_cc13xx_cc26xx_sdk_8_32_00_07/kernel/nortos/lib/gcc/m4f/nortos_cc13x2x7.a(TimerPCC26XX_nortos.c.obj)
                0x000062a8                TimerP_getCurrentTick
 .text.NOROM_ChipInfo_GetChipType
                0x000062e0       0x58 C:/ti/simplelink_cc13xx_cc26xx_sdk_8_32_00_07/source/ti/devices/cc13x2x7_cc26x2x7/driverlib/bin/gcc/driverlib.lib(chipinfo.c.obj)
                0x000062e0                NOROM_ChipInfo_GetChipType
 .text.NOROM_ThisLibraryIsFor_CC13x2x7_CC26x2x7_HaltIfViolated
                0x00006338       0x1c C:/ti/simplelink_cc13xx_cc26xx_sdk_8_32_00_07/source/ti/devices/cc13x2x7_cc26x2x7/driverlib/bin/gcc/driverlib.lib(chipinfo.c.obj)
                0x00006338                NOROM_ThisLibraryIsFor_CC13x2x7_CC26x2x7_HaltIfViolated
 .text.NOROM_CPUcpsid
                0x00006354        0x8 C:/ti/simplelink_cc13xx_cc26xx_sdk_8_32_00_07/source/ti/devices/cc13x2x7_cc26x2x7/driverlib/bin/gcc/driverlib.lib(cpu.c.obj)
                0x00006354                NOROM_CPUcpsid
 .text.NOROM_CPUprimask
                0x0000635c        0x8 C:/ti/simplelink_cc13xx_cc26xx_sdk_8_32_00_07/source/ti/devices/cc13x2x7_cc26x2x7/driverlib/bin/gcc/driverlib.lib(cpu.c.obj)
                0x0000635c                NOROM_CPUprimask
 .text.NOROM_CPUcpsie
                0x00006364        0x8 C:/ti/simplelink_cc13xx_cc26xx_sdk_8_32_00_07/source/ti/devices/cc13x2x7_cc26x2x7/driverlib/bin/gcc/driverlib.lib(cpu.c.obj)
                0x00006364                NOROM_CPUcpsie
 .text.NOROM_CPUdelay
                0x0000636c        0x8 C:/ti/simplelink_cc13xx_cc26xx_sdk_8_32_00_07/source/ti/devices/cc13x2x7_cc26x2x7/driverlib/bin/gcc/driverlib.lib(cpu.c.obj)
                0x0000636c                NOROM_CPUdelay
 .text.NOROM_IntRegister
                0x00006374       0x40 C:/ti/simplelink_cc13xx_cc26xx_sdk_8_32_00_07/source/ti/devices/cc13x2x7_cc26x2x7/driverlib/bin/gcc/driverlib.lib(interrupt.c.obj)
                0x00006374                NOROM_IntRegister
 .text.NOROM_OSCHF_TurnOnXosc
                0x000063b4       0x24 C:/ti/simplelink_cc13xx_cc26xx_sdk_8_32_00_07/source/ti/devices/cc13x2x7_cc26x2x7/driverlib/bin/gcc/driverlib.lib(osc.c.obj)
                0x000063b4                NOROM_OSCHF_TurnOnXosc
 .text.NOROM_OSCHF_AttemptToSwitchToXosc
                0x000063d8       0x88 C:/ti/simplelink_cc13xx_cc26xx_sdk_8_32_00_07/source/ti/devices/cc13x2x7_cc26x2x7/driverlib/bin/gcc/driverlib.lib(osc.c.obj)
                0x000063d8                NOROM_OSCHF_AttemptToSwitchToXosc
 .text.NOROM_OSCHF_SwitchToRcOscTurnOffXosc
                0x00006460       0x6c C:/ti/simplelink_cc13xx_cc26xx_sdk_8_32_00_07/source/ti/devices/cc13x2x7_cc26x2x7/driverlib/bin/gcc/driverlib.lib(osc.c.obj)
                0x00006460                NOROM_OSCHF_SwitchToRcOscTurnOffXosc
 .text.NOROM_OSC_HPOSCRelativeFrequencyOffsetGet
                0x000064cc       0x40 C:/ti/simplelink_cc13xx_cc26xx_sdk_8_32_00_07/source/ti/devices/cc13x2x7_cc26x2x7/driverlib/bin/gcc/driverlib.lib(osc.c.obj)
                0x000064cc                NOROM_OSC_HPOSCRelativeFrequencyOffsetGet
 .text.NOROM_PRCMPowerDomainsAllOff
                0x0000650c       0x58 C:/ti/simplelink_cc13xx_cc26xx_sdk_8_32_00_07/source/ti/devices/cc13x2x7_cc26x2x7/driverlib/bin/gcc/driverlib.lib(prcm.c.obj)
                0x0000650c                NOROM_PRCMPowerDomainsAllOff
 .text.NOROM_PRCMPowerDomainsAllOn
                0x00006564       0x40 C:/ti/simplelink_cc13xx_cc26xx_sdk_8_32_00_07/source/ti/devices/cc13x2x7_cc26x2x7/driverlib/bin/gcc/driverlib.lib(prcm.c.obj)
                0x00006564                NOROM_PRCMPowerDomainsAllOn
 .text.TrimAfterColdResetWakeupFromShutDown
                0x000065a4       0xd4 C:/ti/simplelink_cc13xx_cc26xx_sdk_8_32_00_07/source/ti/devices/cc13x2x7_cc26x2x7/driverlib/bin/gcc/driverlib.lib(setup.c.obj)
 .text.NOROM_SetupTrimDevice
                0x00006678       0xe8 C:/ti/simplelink_cc13xx_cc26xx_sdk_8_32_00_07/source/ti/devices/cc13x2x7_cc26x2x7/driverlib/bin/gcc/driverlib.lib(setup.c.obj)
                0x00006678                NOROM_SetupTrimDevice
 .text.NOROM_SysCtrlIdle
                0x00006760       0x3c C:/ti/simplelink_cc13xx_cc26xx_sdk_8_32_00_07/source/ti/devices/cc13x2x7_cc26x2x7/driverlib/bin/gcc/driverlib.lib(sys_ctrl.c.obj)
                0x00006760                NOROM_SysCtrlIdle
 .text.NOROM_SysCtrlStandby
                0x0000679c      0x10c C:/ti/simplelink_cc13xx_cc26xx_sdk_8_32_00_07/source/ti/devices/cc13x2x7_cc26x2x7/driverlib/bin/gcc/driverlib.lib(sys_ctrl.c.obj)
                0x0000679c                NOROM_SysCtrlStandby
 .text.NOROM_AUXSYSIFOpModeChange
                0x000068a8       0x38 C:/ti/simplelink_cc13xx_cc26xx_sdk_8_32_00_07/source/ti/devices/cc13x2x7_cc26x2x7/driverlib/bin/gcc/driverlib.lib(aux_sysif.c.obj)
                0x000068a8                NOROM_AUXSYSIFOpModeChange
 .text.__udivmoddi4
                0x000068e0      0x320 C:/Program Files/Arm/GNU Toolchain mingw-w64-x86_64-arm-none-eabi/bin/../lib/gcc/arm-none-eabi/15.2.1/thumb/v7e-m+fp/hard\libgcc.a(_udivmoddi4.o)
                0x000068e0                __udivmoddi4
 .text.atoi     0x00006c00        0x8 C:/Program Files/Arm/GNU Toolchain mingw-w64-x86_64-arm-none-eabi/bin/../lib/gcc/arm-none-eabi/15.2.1/../../../../arm-none-eabi/lib/thumb/v7e-m+fp/hard\libc_nano.a(libc_a-atoi.o)
                0x00006c00                atoi
 .text.sbrk_aligned
                0x00006c08       0x44 C:/Program Files/Arm/GNU Toolchain mingw-w64-x86_64-arm-none-eabi/bin/../lib/gcc/arm-none-eabi/15.2.1/../../../../arm-none-eabi/lib/thumb/v7e-m+fp/hard\libc_nano.a(libc_a-mallocr.o)
 .text._malloc_r
                0x00006c4c       0xf8 C:/Program Files/Arm/GNU Toolchain mingw-w64-x86_64-arm-none-eabi/bin/../lib/gcc/arm-none-eabi/15.2.1/../../../../arm-none-eabi/lib/thumb/v7e-m+fp/hard\libc_nano.a(libc_a-mallocr.o)
                0x00006c4c                _malloc_r
 .text.__malloc_lock
                0x00006d44        0xc C:/Program Files/Arm/GNU Toolchain mingw-w64-x86_64-arm-none-eabi/bin/../lib/gcc/arm-none-eabi/15.2.1/../../../../arm-none-eabi/lib/thumb/v7e-m+fp/hard\libc_nano.a(libc_a-mlock.o)
                0x00006d44                __malloc_lock
 .text.__malloc_unlock
                0x00006d50        0xc C:/Program Files/Arm/GNU Toolchain mingw-w64-x86_64-arm-none-eabi/bin/../lib/gcc/arm-none-eabi/15.2.1/../../../../arm-none-eabi/lib/thumb/v7e-m+fp/hard\libc_nano.a(libc_a-mlock.o)
                0x00006d50                __malloc_unlock
 .text._strtol_l.isra.0
                0x00006d5c       0xf4 C:/Program Files/Arm/GNU Toolchain mingw-w64-x86_64-arm-none-eabi/bin/../lib/gcc/arm-none-eabi/15.2.1/../../../../arm-none-eabi/lib/thumb/v7e-m+fp/hard\libc_nano.a(libc_a-strtol.o)
 .text.strtol   0x00006e50       0x14 C:/Program Files/Arm/GNU Toolchain mingw-w64-x86_64-arm-none-eabi/bin/../lib/gcc/arm-none-eabi/15.2.1/../../../../arm-none-eabi/lib/thumb/v7e-m+fp/hard\libc_nano.a(libc_a-strtol.o)
                0x00006e50                strtol
 .text._vsnprintf_r
                0x00006e64       0x50 C:/Program Files/Arm/GNU Toolchain mingw-w64-x86_64-arm-none-eabi/bin/../lib/gcc/arm-none-eabi/15.2.1/../../../../arm-none-eabi/lib/thumb/v7e-m+fp/hard\libc_nano.a(libc_a-vsnprintf.o)
                0x00006e64                _vsniprintf_r
                0x00006e64                _vsnprintf_r
 .text.vsnprintf
                0x00006eb4       0x1c C:/Program Files/Arm/GNU Toolchain mingw-w64-x86_64-arm-none-eabi/bin/../lib/gcc/arm-none-eabi/15.2.1/../../../../arm-none-eabi/lib/thumb/v7e-m+fp/hard\libc_nano.a(libc_a-vsnprintf.o)
                0x00006eb4                vsniprintf
                0x00006eb4                vsnprintf
 .text.memset   0x00006ed0       0x10 C:/Program Files/Arm/GNU Toolchain mingw-w64-x86_64-arm-none-eabi/bin/../lib/gcc/arm-none-eabi/15.2.1/../../../../arm-none-eabi/lib/thumb/v7e-m+fp/hard\libc_nano.a(libc_a-memset.o)
                0x00006ed0                memset
 .text.strchr   0x00006ee0       0x1c C:/Program Files/Arm/GNU Toolchain mingw-w64-x86_64-arm-none-eabi/bin/../lib/gcc/arm-none-eabi/15.2.1/../../../../arm-none-eabi/lib/thumb/v7e-m+fp/hard\libc_nano.a(libc_a-strchr.o)
                0x00006ee0                strchr
 .text.strncmp  0x00006efc       0x24 C:/Program Files/Arm/GNU Toolchain mingw-w64-x86_64-arm-none-eabi/bin/../lib/gcc/arm-none-eabi/15.2.1/../../../../arm-none-eabi/lib/thumb/v7e-m+fp/hard\libc_nano.a(libc_a-strncmp.o)
                0x00006efc                strncmp
 .text._sbrk_r  0x00006f20       0x20 C:/Program Files/Arm/GNU Toolchain mingw-w64-x86_64-arm-none-eabi/bin/../lib/gcc/arm-none-eabi/15.2.1/../../../../arm-none-eabi/lib/thumb/v7e-m+fp/hard\libc_nano.a(libc_a-sbrkr.o)
                0x00006f20                _sbrk_r
 .text.__errno  0x00006f40        0xc C:/Program Files/Arm/GNU Toolchain mingw-w64-x86_64-arm-none-eabi/bin/../lib/gcc/arm-none-eabi/15.2.1/../../../../arm-none-eabi/lib/thumb/v7e-m+fp/hard\libc_nano.a(libc_a-errno.o)
                0x00006f40                __errno
 .text.__retarget_lock_acquire_recursive
                0x00006f4c        0x2 C:/Program Files/Arm/GNU Toolchain mingw-w64-x86_64-arm-none-eabi/bin/../lib/gcc/arm-none-eabi/15.2.1/../../../../arm-none-eabi/lib/thumb/v7e-m+fp/hard\libc_nano.a(libc_a-lock.o)
                0x00006f4c                __retarget_lock_acquire_recursive
 .text.__retarget_lock_release_recursive
                0x00006f4e        0x2 C:/Program Files/Arm/GNU Toolchain mingw-w64-x86_64-arm-none-eabi/bin/../lib/gcc/arm-none-eabi/15.2.1/../../../../arm-none-eabi/lib/thumb/v7e-m+fp/hard\libc_nano.a(libc_a-lock.o)
                0x00006f4e                __retarget_lock_release_recursive
 .text.memcpy   0x00006f50       0x1c C:/Program Files/Arm/GNU Toolchain mingw-w64-x86_64-arm-none-eabi/bin/../lib/gcc/arm-none-eabi/15.2.1/../../../../arm-none-eabi/lib/thumb/v7e-m+fp/hard\libc_nano.a(libc_a-memcpy-stub.o)
                0x00006f50                memcpy
 .text._free_r  0x00006f6c       0x98 C:/Program Files/Arm/GNU Toolchain mingw-w64-x86_64-arm-none-eabi/bin/../lib/gcc/arm-none-eabi/15.2.1/../../../../arm-none-eabi/lib/thumb/v7e-m+fp/hard\libc_nano.a(libc_a-freer.o)
                0x00006f6c                _free_r
 .text.__ssputs_r
                0x00007004       0xc0 C:/Program Files/Arm/GNU Toolchain mingw-w64-x86_64-arm-none-eabi/bin/../lib/gcc/arm-none-eabi/15.2.1/../../../../arm-none-eabi/lib/thumb/v7e-m+fp/hard\libc_nano.a(libc_a-nano-svfprintf.o)
                0x00007004                __ssputs_r
 .text._svfprintf_r
                0x000070c4      0x1f0 C:/Program Files/Arm/GNU Toolchain mingw-w64-x86_64-arm-none-eabi/bin/../lib/gcc/arm-none-eabi/15.2.1/../../../../arm-none-eabi/lib/thumb/v7e-m+fp/hard\libc_nano.a(libc_a-nano-svfprintf.o)
                0x000070c4                _svfiprintf_r
                0x000070c4                _svfprintf_r
 .text._printf_common
                0x000072b4       0xea C:/Program Files/Arm/GNU Toolchain mingw-w64-x86_64-arm-none-eabi/bin/../lib/gcc/arm-none-eabi/15.2.1/../../../../arm-none-eabi/lib/thumb/v7e-m+fp/hard\libc_nano.a(libc_a-nano-vfprintf_i.o)
                0x000072b4                _printf_common
 *fill*         0x0000739e        0x2 
 .text._printf_i
                0x000073a0      0x254 C:/Program Files/Arm/GNU Toolchain mingw-w64-x86_64-arm-none-eabi/bin/../lib/gcc/arm-none-eabi/15.2.1/../../../../arm-none-eabi/lib/thumb/v7e-m+fp/hard\libc_nano.a(libc_a-nano-vfprintf_i.o)
                0x000073a0                _printf_i
 .text.memmove  0x000075f4       0x32 C:/Program Files/Arm/GNU Toolchain mingw-w64-x86_64-arm-none-eabi/bin/../lib/gcc/arm-none-eabi/15.2.1/../../../../arm-none-eabi/lib/thumb/v7e-m+fp/hard\libc_nano.a(libc_a-memmove.o)
                0x000075f4                memmove
 .text._realloc_r
                0x00007626       0x5c C:/Program Files/Arm/GNU Toolchain mingw-w64-x86_64-arm-none-eabi/bin/../lib/gcc/arm-none-eabi/15.2.1/../../../../arm-none-eabi/lib/thumb/v7e-m+fp/hard\libc_nano.a(libc_a-reallocr.o)
                0x00007626                _realloc_r
 .text._malloc_usable_size_r
                0x00007682       0x10 C:/Program Files/Arm/GNU Toolchain mingw-w64-x86_64-arm-none-eabi/bin/../lib/gcc/arm-none-eabi/15.2.1/../../../../arm-none-eabi/lib/thumb/v7e-m+fp/hard\libc_nano.a(libc_a-msizer.o)
                0x00007682                _malloc_usable_size_r
 *fill*         0x00007692        0x2 
 .text._sbrk    0x00007694       0x1c C:/Program Files/Arm/GNU Toolchain mingw-w64-x86_64-arm-none-eabi/bin/../lib/gcc/arm-none-eabi/15.2.1/../../../../arm-none-eabi/lib/thumb/v7e-m+fp/hard\libnosys.a(sbrk.o)
                0x00007694                _sbrk
                0x000076b0                        . = ALIGN (0x4)
 *(.ctors)
                0x000076b0                        . = ALIGN (0x4)
 *(.dtors)
                0x000076b0                        . = ALIGN (0x4)
                0x000076b0                        __init_array_start = .
 *(.init_array*)
                0x000076b0                        __init_array_end = .
 *(.init)
 *(.fini*)
                [!provide]                        PROVIDE (__etext = .)
                [!provide]                        PROVIDE (_etext = .)
                [!provide]                        PROVIDE (etext = .)

.glue_7         0x000076b0        0x0
 .glue_7        0x000076b0        0x0 linker stubs

.glue_7t        0x000076b0        0x0
 .glue_7t       0x000076b0        0x0 linker stubs

.vfp11_veneer   0x000076b0        0x0
 .vfp11_veneer  0x000076b0        0x0 linker stubs

.v4_bx          0x000076b0        0x0
 .v4_bx         0x000076b0        0x0 linker stubs

.iplt           0x000076b0        0x0
 .iplt          0x000076b0        0x0 CMakeFiles/nrf24_sniffer.dir/nrf24_sniffer.c.obj

.rodata         0x000076b0      0xc91
 *(.rodata)
 .rodata        0x000076b0      0x300 CMakeFiles/nrf24_sniffer.dir/nrf24_sniffer.c.obj
 *(.rodata.*)
 .rodata.process_and_report.str1.1
                0x000079b0      0x3e4 CMakeFiles/nrf24_sniffer.dir/nrf24_sniffer.c.obj
                                 0xa3 (size before relaxing)
 .rodata.handle_command.str1.1
                0x00007d94        0x0 CMakeFiles/nrf24_sniffer.dir/nrf24_sniffer.c.obj
                                0x245 (size before relaxing)
 .rodata.main.str1.1
                0x00007d94        0x0 CMakeFiles/nrf24_sniffer.dir/nrf24_sniffer.c.obj
                                 0xdc (size before relaxing)
 .rodata.hex.0  0x00007d94       0x11 CMakeFiles/nrf24_sniffer.dir/nrf24_sniffer.c.obj
 .rodata.crc_types.1
                0x00007da5        0x2 CMakeFiles/nrf24_sniffer.dir/nrf24_sniffer.c.obj
 .rodata.addr_widths.2
                0x00007da7        0x3 CMakeFiles/nrf24_sniffer.dir/nrf24_sniffer.c.obj
 .rodata.UART2_count
                0x00007daa        0x1 CMakeFiles/nrf24_sniffer.dir/syscfg/ti_drivers_config.c.obj
                0x00007daa                UART2_count
 *fill*         0x00007dab        0x1 
 .rodata.UART2_config
                0x00007dac        0x8 CMakeFiles/nrf24_sniffer.dir/syscfg/ti_drivers_config.c.obj
                0x00007dac                UART2_config
 .rodata.uart2CC26X2HWAttrs
                0x00007db4       0x58 CMakeFiles/nrf24_sniffer.dir/syscfg/ti_drivers_config.c.obj
 .rodata.RFCC26XX_hwAttrs
                0x00007e0c        0xc CMakeFiles/nrf24_sniffer.dir/syscfg/ti_drivers_config.c.obj
                0x00007e0c                RFCC26XX_hwAttrs
 .rodata.PowerCC26X2_config
                0x00007e18       0x14 CMakeFiles/nrf24_sniffer.dir/syscfg/ti_drivers_config.c.obj
                0x00007e18                PowerCC26X2_config
 .rodata.GPIO_config
                0x00007e2c       0x10 CMakeFiles/nrf24_sniffer.dir/syscfg/ti_drivers_config.c.obj
                0x00007e2c                GPIO_config
 .rodata.GPIO_pinUpperBound
                0x00007e3c        0x1 CMakeFiles/nrf24_sniffer.dir/syscfg/ti_drivers_config.c.obj
                0x00007e3c                GPIO_pinUpperBound
 .rodata.GPIO_pinLowerBound
                0x00007e3d        0x1 CMakeFiles/nrf24_sniffer.dir/syscfg/ti_drivers_config.c.obj
                0x00007e3d                GPIO_pinLowerBound
 *fill*         0x00007e3e        0x2 
 .rodata.UDMACC26XX_config
                0x00007e40        0x8 CMakeFiles/nrf24_sniffer.dir/syscfg/ti_drivers_config.c.obj
                0x00007e40                UDMACC26XX_config
 .rodata.udmaCC26XXHWAttrs
                0x00007e48        0x8 CMakeFiles/nrf24_sniffer.dir/syscfg/ti_drivers_config.c.obj
                0x00007e48                udmaCC26XXHWAttrs
 .rodata.RF_defaultParams
                0x00007e50       0x20 C:/ti/simplelink_cc13xx_cc26xx_sdk_8_32_00_07/source/ti/drivers/rf/lib/gcc/m4f/rf_multiMode_cc13x2.a(RFCC26X2_multiMode.c.cc13x2.gcc.o)
 .rodata.CSWTCH.10
                0x00007e70       0x3e C:/ti/simplelink_cc13xx_cc26xx_sdk_8_32_00_07/source/ti/drivers/rf/lib/gcc/m4f/rf_multiMode_cc13x2.a(rfc.c.cc13x2.gcc.o)
 *fill*         0x00007eae        0x2 
 .rodata.patchImageProp
                0x00007eb0      0x2e0 C:/ti/simplelink_cc13xx_cc26xx_sdk_8_32_00_07/source/ti/drivers/rf/lib/gcc/m4f/rf_multiMode_cc13x2.a(rf_patch_cpe_prop.c.cc13x2.gcc.o)
 .rodata.resourceDB
                0x00008190       0x54 C:/ti/simplelink_cc13xx_cc26xx_sdk_8_32_00_07/source/ti/drivers/lib/gcc/m4f/drivers_cc13x2x7.a(PowerCC26X2.c.obj)
                0x00008190                resourceDB
 .rodata.UART2_defaultParams
                0x000081e4       0x24 C:/ti/simplelink_cc13xx_cc26xx_sdk_8_32_00_07/source/ti/drivers/lib/gcc/m4f/drivers_cc13x2x7.a(UART2.c.obj)
                0x000081e4                UART2_defaultParams
 .rodata.rxFifoThreshold
                0x00008208        0x5 C:/ti/simplelink_cc13xx_cc26xx_sdk_8_32_00_07/source/ti/drivers/lib/gcc/m4f/drivers_cc13x2x7.a(UART2CC26X2.c.obj)
 *fill*         0x0000820d        0x3 
 .rodata.txFifoThreshold
                0x00008210        0x5 C:/ti/simplelink_cc13xx_cc26xx_sdk_8_32_00_07/source/ti/drivers/lib/gcc/m4f/drivers_cc13x2x7.a(UART2CC26X2.c.obj)
 *fill*         0x00008215        0x3 
 .rodata.parityType
                0x00008218        0x5 C:/ti/simplelink_cc13xx_cc26xx_sdk_8_32_00_07/source/ti/drivers/lib/gcc/m4f/drivers_cc13x2x7.a(UART2CC26X2.c.obj)
 *fill*         0x0000821d        0x3 
 .rodata.stopBits
                0x00008220        0x2 C:/ti/simplelink_cc13xx_cc26xx_sdk_8_32_00_07/source/ti/drivers/lib/gcc/m4f/drivers_cc13x2x7.a(UART2CC26X2.c.obj)
 *fill*         0x00008222        0x2 
 .rodata.dataLength
                0x00008224        0x4 C:/ti/simplelink_cc13xx_cc26xx_sdk_8_32_00_07/source/ti/drivers/lib/gcc/m4f/drivers_cc13x2x7.a(UART2CC26X2.c.obj)
 .rodata.SwiP_defaultParams
                0x00008228       0x10 C:/ti/simplelink_cc13xx_cc26xx_sdk_8_32_00_07/kernel/nortos/lib/gcc/m4f/nortos_cc13x2x7.a(SwiP_nortos.c.obj)
 .rodata.g_Order_to_OpMode
                0x00008238        0x4 C:/ti/simplelink_cc13xx_cc26xx_sdk_8_32_00_07/source/ti/devices/cc13x2x7_cc26x2x7/driverlib/bin/gcc/driverlib.lib(aux_sysif.c.obj)
 .rodata.g_OpMode_to_order
                0x0000823c        0x4 C:/ti/simplelink_cc13xx_cc26xx_sdk_8_32_00_07/source/ti/devices/cc13x2x7_cc26x2x7/driverlib/bin/gcc/driverlib.lib(aux_sysif.c.obj)
 .rodata._ctype_
                0x00008240      0x101 C:/Program Files/Arm/GNU Toolchain mingw-w64-x86_64-arm-none-eabi/bin/../lib/gcc/arm-none-eabi/15.2.1/../../../../arm-none-eabi/lib/thumb/v7e-m+fp/hard\libc_nano.a(libc_a-ctype_.o)
                0x00008240                _ctype_
 .rodata._svfprintf_r.str1.1
                0x00008341        0x0 C:/Program Files/Arm/GNU Toolchain mingw-w64-x86_64-arm-none-eabi/bin/../lib/gcc/arm-none-eabi/15.2.1/../../../../arm-none-eabi/lib/thumb/v7e-m+fp/hard\libc_nano.a(libc_a-nano-svfprintf.o)
                                 0x11 (size before relaxing)
 .rodata._printf_i.str1.1
                0x00008341        0x0 C:/Program Files/Arm/GNU Toolchain mingw-w64-x86_64-arm-none-eabi/bin/../lib/gcc/arm-none-eabi/15.2.1/../../../../arm-none-eabi/lib/thumb/v7e-m+fp/hard\libc_nano.a(libc_a-nano-vfprintf_i.o)
                                 0x22 (size before relaxing)
 *(.timestampPFormat)

.data           0x20001870      0x31c load address 0x00008344
                0x00008344                        __data_load__ = LOADADDR (.data)
                0x20001870                        __data_start__ = .
                0x20009bb4                        _ldata = __data_load__
                0x20001870                        _data = __data_start__
 *(.data)
 *(.data.*)
 .data.g_state  0x20001870        0x9 CMakeFiles/nrf24_sniffer.dir/nrf24_sniffer.c.obj
 *fill*         0x20001879        0x3 
 .data.RF_nrf24_cmdPropTx
                0x2000187c       0x18 CMakeFiles/nrf24_sniffer.dir/smartrf_settings.c.obj
                0x2000187c                RF_nrf24_cmdPropTx
 .data.RF_nrf24_cmdPropRxAdv
                0x20001894       0x30 CMakeFiles/nrf24_sniffer.dir/smartrf_settings.c.obj
                0x20001894                RF_nrf24_cmdPropRxAdv
 .data.RF_nrf24_cmdPropRadioDivSetup_1M
                0x200018c4       0x30 CMakeFiles/nrf24_sniffer.dir/smartrf_settings.c.obj
                0x200018c4                RF_nrf24_cmdPropRadioDivSetup_1M
 .data.pOverrides
                0x200018f4       0x20 CMakeFiles/nrf24_sniffer.dir/smartrf_settings.c.obj
                0x200018f4                pOverrides
 .data.RF_prop  0x20001914       0x10 CMakeFiles/nrf24_sniffer.dir/smartrf_settings.c.obj
                0x20001914                RF_prop
 .data.gpioPinConfigs
                0x20001924       0x7c CMakeFiles/nrf24_sniffer.dir/syscfg/ti_drivers_config.c.obj
                0x20001924                gpioPinConfigs
 .data.RFCC26XX_schedulerPolicy
                0x200019a0        0x8 C:/ti/simplelink_cc13xx_cc26xx_sdk_8_32_00_07/source/ti/drivers/rf/lib/gcc/m4f/rf_multiMode_cc13x2.a(RFCC26X2_multiMode.c.cc13x2.gcc.o)
                0x200019a0                RFCC26XX_schedulerPolicy
 .data.PowerCC26X2_rtcSubSecInc
                0x200019a8        0x4 C:/ti/simplelink_cc13xx_cc26xx_sdk_8_32_00_07/source/ti/drivers/lib/gcc/m4f/drivers_cc13x2x7.a(PowerCC26X2.c.obj)
 .data.PowerCC26X2_module
                0x200019ac      0x174 C:/ti/simplelink_cc13xx_cc26xx_sdk_8_32_00_07/source/ti/drivers/lib/gcc/m4f/drivers_cc13x2x7.a(PowerCC26X2.c.obj)
                0x200019ac                PowerCC26X2_module
 .data.SemaphoreP_defaultParams
                0x20001b20        0x8 C:/ti/simplelink_cc13xx_cc26xx_sdk_8_32_00_07/kernel/nortos/lib/gcc/m4f/nortos_cc13x2x7.a(SemaphoreP_nortos.c.obj)
                0x20001b20                SemaphoreP_defaultParams
 .data.ClockP_tickPeriod
                0x20001b28        0x4 C:/ti/simplelink_cc13xx_cc26xx_sdk_8_32_00_07/kernel/nortos/lib/gcc/m4f/nortos_cc13x2x7.a(ClockPTimer_nortos.c.obj)
                0x20001b28                ClockP_tickPeriod
 .data.HwiP_swiPIntNum
                0x20001b2c        0x4 C:/ti/simplelink_cc13xx_cc26xx_sdk_8_32_00_07/kernel/nortos/lib/gcc/m4f/nortos_cc13x2x7.a(HwiPCC26XX_nortos.c.obj)
                0x20001b2c                HwiP_swiPIntNum
 .data.TimerP_defaultParams
                0x20001b30        0xc C:/ti/simplelink_cc13xx_cc26xx_sdk_8_32_00_07/kernel/nortos/lib/gcc/m4f/nortos_cc13x2x7.a(TimerPCC26XX_nortos.c.obj)
 .data._impure_ptr
                0x20001b3c        0x4 C:/Program Files/Arm/GNU Toolchain mingw-w64-x86_64-arm-none-eabi/bin/../lib/gcc/arm-none-eabi/15.2.1/../../../../arm-none-eabi/lib/thumb/v7e-m+fp/hard\libc_nano.a(libc_a-impure.o)
                0x20001b3c                _impure_ptr
 .data._impure_data
                0x20001b40       0x4c C:/Program Files/Arm/GNU Toolchain mingw-w64-x86_64-arm-none-eabi/bin/../lib/gcc/arm-none-eabi/15.2.1/../../../../arm-none-eabi/lib/thumb/v7e-m+fp/hard\libc_nano.a(libc_a-impure.o)
                0x20001b40                _impure_data
                0x20001b8c                        . = ALIGN (0x4)
                0x20001b8c                        __data_end__ = .
                0x20001b8c                        _edata = __data_end__

.igot.plt       0x20001b8c        0x0 load address 0x00008660
 .igot.plt      0x20001b8c        0x0 CMakeFiles/nrf24_sniffer.dir/nrf24_sniffer.c.obj

.ARM.exidx      0x00008660        0x8
                0x00008660                        __exidx_start = .
 *(.ARM.exidx* .gnu.linkonce.armexidx.*)
 .ARM.exidx     0x00008660        0x8 C:/Program Files/Arm/GNU Toolchain mingw-w64-x86_64-arm-none-eabi/bin/../lib/gcc/arm-none-eabi/15.2.1/../../../../arm-none-eabi/lib/thumb/v7e-m+fp/hard\libc_nano.a(libc_a-strcmp.o)
 .ARM.exidx     0x00008668        0x0 C:/Program Files/Arm/GNU Toolchain mingw-w64-x86_64-arm-none-eabi/bin/../lib/gcc/arm-none-eabi/15.2.1/../../../../arm-none-eabi/lib/thumb/v7e-m+fp/hard\libc_nano.a(libc_a-strlen.o)