Archive member included to satisfy reference by file (symbol)

C:/ti/simplelink_cc13xx_cc26xx_sdk_8_32_00_07/source/ti/drivers/rf/lib/gcc/m4f/rf_multiMode_cc13x2.a(RFCC26X2_multiMode.c.cc13x2.gcc.o)
                              CMakeFiles/nrf24_sniffer.dir/nrf24_sniffer.c.obj (RF_runCmd)
C:/ti/simplelink_cc13xx_cc26xx_sdk_8_32_00_07/source/ti/drivers/rf/lib/gcc/m4f/rf_multiMode_cc13x2.a(rfc.c.cc13x2.gcc.o)
                              C:/ti/simplelink_cc13xx_cc26xx_sdk_8_32_00_07/source/ti/drivers/rf/lib/gcc/m4f/rf_multiMode_cc13x2.a(RFCC26X2_multiMode.c.cc13x2.gcc.o) (NOROM_RFCCpeIntGetAndClear)
C:/ti/simplelink_cc13xx_cc26xx_sdk_8_32_00_07/source/ti/drivers/rf/lib/gcc/m4f/rf_multiMode_cc13x2.a(rf_patch_cpe_prop.c.cc13x2.gcc.o)
                              CMakeFiles/nrf24_sniffer.dir/smartrf_settings.c.obj (rf_patch_cpe_prop)
C:/ti/simplelink_cc13xx_cc26xx_sdk_8_32_00_07/source/ti/drivers/lib/gcc/m4f/drivers_cc13x2x7.a(List.c.obj)
                              C:/ti/simplelink_cc13xx_cc26xx_sdk_8_32_00_07/source/ti/drivers/rf/lib/gcc/m4f/rf_multiMode_cc13x2.a(RFCC26X2_multiMode.c.cc13x2.gcc.o) (List_clearList)
C:/ti/simplelink_cc13xx_cc26xx_sdk_8_32_00_07/source/ti/drivers/lib/gcc/m4f/drivers_cc13x2x7.a(GPIO.c.obj)
                              CMakeFiles/nrf24_sniffer.dir/syscfg/ti_drivers_config.c.obj (GPIO_resetConfig)
C:/ti/simplelink_cc13xx_cc26xx_sdk_8_32_00_07/source/ti/drivers/lib/gcc/m4f/drivers_cc13x2x7.a(GPIOCC26XX.c.obj)
                              C:/ti/simplelink_cc13xx_cc26xx_sdk_8_32_00_07/source/ti/drivers/lib/gcc/m4f/drivers_cc13x2x7.a(GPIO.c.obj) (GPIO_disableInt)
C:/ti/simplelink_cc13xx_cc26xx_sdk_8_32_00_07/source/ti/drivers/lib/gcc/m4f/drivers_cc13x2x7.a(PowerCC26X2.c.obj)
                              CMakeFiles/nrf24_sniffer.dir/syscfg/ti_drivers_config.c.obj (Power_init)
C:/ti/simplelink_cc13xx_cc26xx_sdk_8_32_00_07/source/ti/drivers/lib/gcc/m4f/drivers_cc13x2x7.a(PowerCC26X2_calibrateRCOSC.c.obj)
                              C:/ti/simplelink_cc13xx_cc26xx_sdk_8_32_00_07/source/ti/drivers/lib/gcc/m4f/drivers_cc13x2x7.a(PowerCC26X2.c.obj) (PowerCC26X2_initiateCalibration)
C:/ti/simplelink_cc13xx_cc26xx_sdk_8_32_00_07/source/ti/drivers/lib/gcc/m4f/drivers_cc13x2x7.a(TemperatureCC26X2.c.obj)
                              C:/ti/simplelink_cc13xx_cc26xx_sdk_8_32_00_07/source/ti/drivers/rf/lib/gcc/m4f/rf_multiMode_cc13x2.a(RFCC26X2_multiMode.c.cc13x2.gcc.o) (Temperature_init)
C:/ti/simplelink_cc13xx_cc26xx_sdk_8_32_00_07/source/ti/drivers/lib/gcc/m4f/drivers_cc13x2x7.a(UART2.c.obj)
                              CMakeFiles/nrf24_sniffer.dir/nrf24_sniffer.c.obj (UART2_Params_init)
C:/ti/simplelink_cc13xx_cc26xx_sdk_8_32_00_07/source/ti/drivers/lib/gcc/m4f/drivers_cc13x2x7.a(UART2CC26X2.c.obj)
                              CMakeFiles/nrf24_sniffer.dir/nrf24_sniffer.c.obj (UART2_open)
C:/ti/simplelink_cc13xx_cc26xx_sdk_8_32_00_07/source/ti/drivers/lib/gcc/m4f/drivers_cc13x2x7.a(GPIOCC26X2.c.obj)
                              CMakeFiles/nrf24_sniffer.dir/syscfg/ti_drivers_config.c.obj (GPIO_init)
C:/ti/simplelink_cc13xx_cc26xx_sdk_8_32_00_07/source/ti/drivers/lib/gcc/m4f/drivers_cc13x2x7.a(PowerCC26X2_calibrateRCOSC_helpers.c.obj)
                              C:/ti/simplelink_cc13xx_cc26xx_sdk_8_32_00_07/source/ti/drivers/lib/gcc/m4f/drivers_cc13x2x7.a(PowerCC26X2_calibrateRCOSC.c.obj) (PowerCC26X2_updateSubSecInc)
C:/ti/simplelink_cc13xx_cc26xx_sdk_8_32_00_07/source/ti/drivers/lib/gcc/m4f/drivers_cc13x2x7.a(PowerCC26X2_helpers.c.obj)
                              C:/ti/simplelink_cc13xx_cc26xx_sdk_8_32_00_07/source/ti/drivers/lib/gcc/m4f/drivers_cc13x2x7.a(PowerCC26X2.c.obj) (PowerCC26X2_oscCtlClearXtal)
C:/ti/simplelink_cc13xx_cc26xx_sdk_8_32_00_07/source/ti/drivers/lib/gcc/m4f/drivers_cc13x2x7.a(RingBuf.c.obj)
                              C:/ti/simplelink_cc13xx_cc26xx_sdk_8_32_00_07/source/ti/drivers/lib/gcc/m4f/drivers_cc13x2x7.a(UART2CC26X2.c.obj) (RingBuf_construct)
C:/ti/simplelink_cc13xx_cc26xx_sdk_8_32_00_07/source/ti/drivers/lib/gcc/m4f/drivers_cc13x2x7.a(UDMACC26XX.c.obj)
                              C:/ti/simplelink_cc13xx_cc26xx_sdk_8_32_00_07/source/ti/drivers/lib/gcc/m4f/drivers_cc13x2x7.a(UART2CC26X2.c.obj) (UDMACC26XX_open)
C:/ti/simplelink_cc13xx_cc26xx_sdk_8_32_00_07/kernel/nortos/lib/gcc/m4f/nortos_cc13x2x7.a(NoRTOS.c.obj)
                              CMakeFiles/nrf24_sniffer.dir/nrf24_sniffer.c.obj (NoRTOS_start)
C:/ti/simplelink_cc13xx_cc26xx_sdk_8_32_00_07/kernel/nortos/lib/gcc/m4f/nortos_cc13x2x7.a(SemaphoreP_nortos.c.obj)
                              C:/ti/simplelink_cc13xx_cc26xx_sdk_8_32_00_07/kernel/nortos/lib/gcc/m4f/nortos_cc13x2x7.a(NoRTOS.c.obj) (SemaphoreP_defaultParams)
C:/ti/simplelink_cc13xx_cc26xx_sdk_8_32_00_07/kernel/nortos/lib/gcc/m4f/nortos_cc13x2x7.a(SwiP_nortos.c.obj)
[...]
Memory Configuration

Name             Origin             Length             Attributes
FLASH            0x00000000         0x000affa8         xr
FLASH_CCFG       0x000affa8         0x00000058         r
SRAM             0x20000000         0x00024000         xrw
GPRAM            0x11000000         0x00002000         xrw
LOG_DATA         0x90000000         0x00040000         r
LOG_PTR          0x94000008         0x00040000         r
*default*        0x00000000         0xffffffff

Linker script and memory map

LOAD CMakeFiles/nrf24_sniffer.dir/nrf24_sniffer.c.obj
LOAD CMakeFiles/nrf24_sniffer.dir/smartrf_settings.c.obj
LOAD CMakeFiles/nrf24_sniffer.dir/C_/ti/simplelink_cc13xx_cc26xx_sdk_8_32_00_07/source/ti/devices/cc13x2x7_cc26x2x7/startup_files/startup_gcc.c.obj
LOAD CMakeFiles/nrf24_sniffer.dir/C_/ti/simplelink_cc13xx_cc26xx_sdk_8_32_00_07/source/ti/devices/cc13x2x7_cc26x2x7/startup_files/ccfg.c.obj
LOAD CMakeFiles/nrf24_sniffer.dir/syscfg/ti_drivers_config.c.obj
START GROUP
LOAD C:/ti/simplelink_cc13xx_cc26xx_sdk_8_32_00_07/source/ti/drivers/rf/lib/gcc/m4f/rf_multiMode_cc13x2.a
LOAD C:/ti/simplelink_cc13xx_cc26xx_sdk_8_32_00_07/source/ti/drivers/lib/gcc/m4f/drivers_cc13x2x7.a
LOAD C:/ti/simplelink_cc13xx_cc26xx_sdk_8_32_00_07/kernel/nortos/lib/gcc/m4f/nortos_cc13x2x7.a
LOAD C:/ti/simplelink_cc13xx_cc26xx_sdk_8_32_00_07/source/ti/devices/cc13x2x7_cc26x2x7/driverlib/bin/gcc/driverlib.lib
LOAD C:/Program Files/Arm/GNU Toolchain mingw-w64-x86_64-arm-none-eabi/bin/../lib/gcc/arm-none-eabi/15.2.1/thumb/v7e-m+fp/hard\libgcc.a
LOAD C:/Program Files/Arm/GNU Toolchain mingw-w64-x86_64-arm-none-eabi/bin/../lib/gcc/arm-none-eabi/15.2.1/../../../../arm-none-eabi/lib/thumb/v7e-m+fp/hard\libc_nano.a
LOAD C:/Program Files/Arm/GNU Toolchain mingw-w64-x86_64-arm-none-eabi/bin/../lib/gcc/arm-none-eabi/15.2.1/../../../../arm-none-eabi/lib/thumb/v7e-m+fp/hard\libm.a
END GROUP
START GROUP
LOAD C:/Program Files/Arm/GNU Toolchain mingw-w64-x86_64-arm-none-eabi/bin/../lib/gcc/arm-none-eabi/15.2.1/thumb/v7e-m+fp/hard\libgcc.a
LOAD C:/Program Files/Arm/GNU Toolchain mingw-w64-x86_64-arm-none-eabi/bin/../lib/gcc/arm-none-eabi/15.2.1/../../../../arm-none-eabi/lib/thumb/v7e-m+fp/hard\libc_nano.a
END GROUP
START GROUP
LOAD C:/Program Files/Arm/GNU Toolchain mingw-w64-x86_64-arm-none-eabi/bin/../lib/gcc/arm-none-eabi/15.2.1/thumb/v7e-m+fp/hard\libgcc.a
LOAD C:/Program Files/Arm/GNU Toolchain mingw-w64-x86_64-arm-none-eabi/bin/../lib/gcc/arm-none-eabi/15.2.1/../../../../arm-none-eabi/lib/thumb/v7e-m+fp/hard\libc_nano.a
LOAD C:/Program Files/Arm/GNU Toolchain mingw-w64-x86_64-arm-none-eabi/bin/../lib/gcc/arm-none-eabi/15.2.1/../../../../arm-none-eabi/lib/thumb/v7e-m+fp/hard\libnosys.a
END GROUP
START GROUP
LOAD C:/Program Files/Arm/GNU Toolchain mingw-w64-x86_64-arm-none-eabi/bin/../lib/gcc/arm-none-eabi/15.2.1/thumb/v7e-m+fp/hard\libgcc.a
LOAD C:/Program Files/Arm/GNU Toolchain mingw-w64-x86_64-arm-none-eabi/bin/../lib/gcc/arm-none-eabi/15.2.1/../../../../arm-none-eabi/lib/thumb/v7e-m+fp/hard\libc_nano.a
LOAD C:/Program Files/Arm/GNU Toolchain mingw-w64-x86_64-arm-none-eabi/bin/../lib/gcc/arm-none-eabi/15.2.1/../../../../arm-none-eabi/lib/thumb/v7e-m+fp/hard\libnosys.a
END GROUP
                0x00000400                        STACKSIZE = 0x400
                0x00004000                        HEAPSIZE = 0x4000
                0x00000000                        PROVIDE (_resetVecs_base_address = DEFINED (_resetVecs_base_address)?_resetVecs_base_address:0x0)

.resetVecs      0x00000000       0xd8
 *(.resetVecs)
 .resetVecs     0x00000000       0xd8 CMakeFiles/nrf24_sniffer.dir/C_/ti/simplelink_cc13xx_cc26xx_sdk_8_32_00_07/source/ti/devices/cc13x2x7_cc26x2x7/startup_files/startup_gcc.c.obj
                0x00000000                g_pfnVectors

.ramVecs        0x20000000       0xd8
 *(.ramVecs)
 .ramVecs       0x20000000       0xd8 C:/ti/simplelink_cc13xx_cc26xx_sdk_8_32_00_07/source/ti/devices/cc13x2x7_cc26x2x7/driverlib/bin/gcc/driverlib.lib(interrupt.c.obj)
                0x20001800                        UDMACC26XX_CONFIG_BASE = 0x20001800
                0x20001810                        DMA_UART0_RX_CONTROL_TABLE_ENTRY_ADDRESS = (UDMACC26XX_CONFIG_BASE + 0x10)
                0x20001820                        DMA_UART0_TX_CONTROL_TABLE_ENTRY_ADDRESS = (UDMACC26XX_CONFIG_BASE + 0x20)
                0x20001830                        DMA_SPI0_RX_CONTROL_TABLE_ENTRY_ADDRESS = (UDMACC26XX_CONFIG_BASE + 0x30)
                0x20001840                        DMA_SPI0_TX_CONTROL_TABLE_ENTRY_ADDRESS = (UDMACC26XX_CONFIG_BASE + 0x40)
                0x20001850                        DMA_UART1_RX_CONTROL_TABLE_ENTRY_ADDRESS = (UDMACC26XX_CONFIG_BASE + 0x50)
                0x20001860                        DMA_UART1_TX_CONTROL_TABLE_ENTRY_ADDRESS = (UDMACC26XX_CONFIG_BASE + 0x60)
                0x20001870                        DMA_ADC_PRI_CONTROL_TABLE_ENTRY_ADDRESS = (UDMACC26XX_CONFIG_BASE + 0x70)
                0x20001890                        DMA_GPT0A_PRI_CONTROL_TABLE_ENTRY_ADDRESS = (UDMACC26XX_CONFIG_BASE + 0x90)
                0x20001900                        DMA_SPI1_RX_CONTROL_TABLE_ENTRY_ADDRESS = (UDMACC26XX_CONFIG_BASE + 0x100)
                0x20001910                        DMA_SPI1_TX_CONTROL_TABLE_ENTRY_ADDRESS = (UDMACC26XX_CONFIG_BASE + 0x110)
                0x20001a10                        DMA_UART0_RX_ALT_CONTROL_TABLE_ENTRY_ADDRESS = (UDMACC26XX_CONFIG_BASE + 0x210)
                0x20001a20                        DMA_UART0_TX_ALT_CONTROL_TABLE_ENTRY_ADDRESS = (UDMACC26XX_CONFIG_BASE + 0x220)
                0x20001a30                        DMA_SPI0_RX_ALT_CONTROL_TABLE_ENTRY_ADDRESS = (UDMACC26XX_CONFIG_BASE + 0x230)
                0x20001a40                        DMA_SPI0_TX_ALT_CONTROL_TABLE_ENTRY_ADDRESS = (UDMACC26XX_CONFIG_BASE + 0x240)
                0x20001a50                        DMA_UART1_RX_ALT_CONTROL_TABLE_ENTRY_ADDRESS = (UDMACC26XX_CONFIG_BASE + 0x250)
                0x20001a60                        DMA_UART1_TX_ALT_CONTROL_TABLE_ENTRY_ADDRESS = (UDMACC26XX_CONFIG_BASE + 0x260)
                0x20001a70                        DMA_ADC_ALT_CONTROL_TABLE_ENTRY_ADDRESS = (UDMACC26XX_CONFIG_BASE + 0x270)
                0x20001a90                        DMA_GPT0A_ALT_CONTROL_TABLE_ENTRY_ADDRESS = (UDMACC26XX_CONFIG_BASE + 0x290)
                0x20001b00                        DMA_SPI1_RX_ALT_CONTROL_TABLE_ENTRY_ADDRESS = (UDMACC26XX_CONFIG_BASE + 0x300)
                0x20001b10                        DMA_SPI1_TX_ALT_CONTROL_TABLE_ENTRY_ADDRESS = (UDMACC26XX_CONFIG_BASE + 0x310)
                0x00000000                        UDMACC26XX_uart0RxControlTableEntry_is_placed = 0x0

.dmaUart0RxControlTableEntry
 *(.dmaUart0RxControlTableEntry)
                0x00000000                        UDMACC26XX_uart0TxControlTableEntry_is_placed = 0x0

.dmaUart0TxControlTableEntry
 *(.dmaUart0TxControlTableEntry)
                0x00000000                        UDMACC26XX_dmaSpi0RxControlTableEntry_is_placed = 0x0

.dmaSpi0RxControlTableEntry
 *(.dmaSpi0RxControlTableEntry)
                0x00000000                        UDMACC26XX_dmaSpi0TxControlTableEntry_is_placed = 0x0

.dmaSpi0TxControlTableEntry
 *(.dmaSpi0TxControlTableEntry)
                0x00000000                        UDMACC26XX_uart1RxControlTableEntry_is_placed = 0x0

.dmaUart1RxControlTableEntry
                0x20001850       0x10
 *(.dmaUart1RxControlTableEntry)
 .dmaUart1RxControlTableEntry
                0x20001850       0x10 CMakeFiles/nrf24_sniffer.dir/syscfg/ti_drivers_config.c.obj
                0x00000000                        UDMACC26XX_uart1TxControlTableEntry_is_placed = 0x0

.dmaUart1TxControlTableEntry
                0x20001860       0x10
 *(.dmaUart1TxControlTableEntry)
 .dmaUart1TxControlTableEntry
                0x20001860       0x10 CMakeFiles/nrf24_sniffer.dir/syscfg/ti_drivers_config.c.obj
                0x00000000                        UDMACC26XX_dmaADCPriControlTableEntry_is_placed = 0x0

.dmaADCPriControlTableEntry
 *(.dmaADCPriControlTableEntry)
                0x00000000                        UDMACC26XX_dmaGPT0APriControlTableEntry_is_placed = 0x0

.dmaGPT0APriControlTableEntry
 *(.dmaGPT0APriControlTableEntry)
                0x00000000                        UDMACC26XX_dmaSpi1RxControlTableEntry_is_placed = 0x0

.dmaSpi1RxControlTableEntry
 *(.dmaSpi1RxControlTableEntry)
                0x00000000                        UDMACC26XX_dmaSpi1TxControlTableEntry_is_placed = 0x0

.dmaSpi1TxControlTableEntry
 *(.dmaSpi1TxControlTableEntry)
                0x00000000                        UDMACC26XX_uart0RxAltControlTableEntry_is_placed = 0x0

.dmaUart0RxAltControlTableEntry
 *(.dmaUart0RxAltControlTableEntry)
                0x00000000                        UDMACC26XX_uart0TxAltControlTableEntry_is_placed = 0x0

.dmaUart0TxAltControlTableEntry
 *(.dmaUart0TxAltControlTableEntry)
                0x00000000                        UDMACC26XX_dmaSpi0RxAltControlTableEntry_is_placed = 0x0

.dmaSpi0RxAltControlTableEntry
 *(.dmaSpi0RxAltControlTableEntry)
                0x00000000                        UDMACC26XX_dmaSpi0TxAltControlTableEntry_is_placed = 0x0

.dmaSpi0TxAltControlTableEntry
 *(.dmaSpi0TxAltControlTableEntry)
                0x00000000                        UDMACC26XX_uart1RxAltControlTableEntry_is_placed = 0x0

.dmaUart1RxAltControlTableEntry
 *(.dmaUart1RxAltControlTableEntry)
                0x00000000                        UDMACC26XX_uart1TxAltControlTableEntry_is_placed = 0x0

.dmaUart1TxAltControlTableEntry
 *(.dmaUart1TxAltControlTableEntry)
                0x00000000                        UDMACC26XX_dmaADCAltControlTableEntry_is_placed = 0x0

.dmaADCAltControlTableEntry
 *(.dmaADCAltControlTableEntry)
                0x00000000                        UDMACC26XX_dmaGPT0AAltControlTableEntry_is_placed = 0x0

.dmaGPT0AAltControlTableEntry
 *(.dmaGPT0AAltControlTableEntry)
                0x00000000                        UDMACC26XX_dmaSpi1RxAltControlTableEntry_is_placed = 0x0

.dmaSpi1RxAltControlTableEntry
 *(.dmaSpi1RxAltControlTableEntry)
                0x00000000                        UDMACC26XX_dmaSpi1TxAltControlTableEntry_is_placed = 0x0

.dmaSpi1TxAltControlTableEntry
 *(.dmaSpi1TxAltControlTableEntry)

.text           0x000000e0     0x7620
 CREATE_OBJECT_SYMBOLS
 *(.text)
 .text          0x000000e0       0x30 C:/Program Files/Arm/GNU Toolchain mingw-w64-x86_64-arm-none-eabi/bin/../lib/gcc/arm-none-eabi/15.2.1/thumb/v7e-m+fp/hard\libgcc.a(_aeabi_uldivmod.o)
                0x000000e0                __aeabi_uldivmod
 .text          0x00000110        0x4 C:/Program Files/Arm/GNU Toolchain mingw-w64-x86_64-arm-none-eabi/bin/../lib/gcc/arm-none-eabi/15.2.1/thumb/v7e-m+fp/hard\libgcc.a(_dvmd_tls.o)
                0x00000110                __aeabi_idiv0
                0x00000110                __aeabi_ldiv0
 .text          0x00000114       0x14 C:/Program Files/Arm/GNU Toolchain mingw-w64-x86_64-arm-none-eabi/bin/../lib/gcc/arm-none-eabi/15.2.1/../../../../arm-none-eabi/lib/thumb/v7e-m+fp/hard\libc_nano.a(libc_a-strcmp.o)
                0x00000114                strcmp
 .text          0x00000128       0x10 C:/Program Files/Arm/GNU Toolchain mingw-w64-x86_64-arm-none-eabi/bin/../lib/gcc/arm-none-eabi/15.2.1/../../../../arm-none-eabi/lib/thumb/v7e-m+fp/hard\libc_nano.a(libc_a-strlen.o)
                0x00000128                strlen
 *fill*         0x00000138        0x8 
 .text          0x00000140       0xa0 C:/Program Files/Arm/GNU Toolchain mingw-w64-x86_64-arm-none-eabi/bin/../lib/gcc/arm-none-eabi/15.2.1/../../../../arm-none-eabi/lib/thumb/v7e-m+fp/hard\libc_nano.a(libc_a-memchr.o)
                0x00000140                memchr
 *(.text.*)
 .text.esb_crc16
                0x000001e0       0x2c CMakeFiles/nrf24_sniffer.dir/nrf24_sniffer.c.obj
 .text.uart_read_callback
                0x0000020c       0x68 CMakeFiles/nrf24_sniffer.dir/nrf24_sniffer.c.obj
 .text.uart_puts
                0x00000274       0x20 CMakeFiles/nrf24_sniffer.dir/nrf24_sniffer.c.obj
 .text.uart_printf
                0x00000294       0x26 CMakeFiles/nrf24_sniffer.dir/nrf24_sniffer.c.obj
 .text.parse_hex_addr.part.0
                0x000002ba       0x36 CMakeFiles/nrf24_sniffer.dir/nrf24_sniffer.c.obj
 .text.rf_tx_frame
                0x000002f0       0x6c CMakeFiles/nrf24_sniffer.dir/nrf24_sniffer.c.obj
 .text.parse_hex_addr.constprop.0
                0x0000035c       0x2e CMakeFiles/nrf24_sniffer.dir/nrf24_sniffer.c.obj
 *fill*         0x0000038a        0x2 
 .text.rx_one_packet.constprop.0
                0x0000038c       0xb0 CMakeFiles/nrf24_sniffer.dir/nrf24_sniffer.c.obj
 .text.esb_parse.constprop.0
                0x0000043c      0x10c CMakeFiles/nrf24_sniffer.dir/nrf24_sniffer.c.obj
 .text.process_and_report
                0x00000548      0x1cc CMakeFiles/nrf24_sniffer.dir/nrf24_sniffer.c.obj
 .text.rf_set_channel.isra.0
                0x00000714       0x30 CMakeFiles/nrf24_sniffer.dir/nrf24_sniffer.c.obj
 .text.handle_command
                0x00000744      0x3d8 CMakeFiles/nrf24_sniffer.dir/nrf24_sniffer.c.obj
 .text.startup.main
                0x00000b1c      0x218 CMakeFiles/nrf24_sniffer.dir/nrf24_sniffer.c.obj
                0x00000b1c                main
 .text.NmiSRHandler
                0x00000d34        0x2 CMakeFiles/nrf24_sniffer.dir/C_/ti/simplelink_cc13xx_cc26xx_sdk_8_32_00_07/source/ti/devices/cc13x2x7_cc26x2x7/startup_files/startup_gcc.c.obj
                0x00000d34                NmiSR
 .text.FaultISRHandler
                0x00000d36        0x2 CMakeFiles/nrf24_sniffer.dir/C_/ti/simplelink_cc13xx_cc26xx_sdk_8_32_00_07/source/ti/devices/cc13x2x7_cc26x2x7/startup_files/startup_gcc.c.obj
                0x00000d36                FaultISR
 .text.IntDefaultHandler
                0x00000d38        0x2 CMakeFiles/nrf24_sniffer.dir/C_/ti/simplelink_cc13xx_cc26xx_sdk_8_32_00_07/source/ti/devices/cc13x2x7_cc26x2x7/startup_files/startup_gcc.c.obj
                0x00000d38                TRNGIntHandler
                0x00000d38                SSI0IntHandler
                0x00000d38                SWEvent0IntHandler
                0x00000d38                uDMAIntHandler
                0x00000d38                WatchdogIntHandler
                0x00000d38                RFCHardwareIntHandler
                0x00000d38                Timer1BIntHandler
                0x00000d38                I2SIntHandler
                0x00000d38                Timer2BIntHandler
                0x00000d38                Timer2AIntHandler
                0x00000d38                AUXTimer2IntHandler
                0x00000d38                Timer1AIntHandler
                0x00000d38                UART0IntHandler
                0x00000d38                GPIOIntHandler
                0x00000d38                BatMonIntHandler
                0x00000d38                AUXSWEvent0IntHandler
                0x00000d38                AUXADCIntHandler
                0x00000d38                PendSVIntHandler
                0x00000d38                RFCCPE1IntHandler
                0x00000d38                AUXSWEvent1IntHandler
                0x00000d38                SVCallIntHandler
                0x00000d38                MPUFaultIntHandler
                0x00000d38                SysTickIntHandler
                0x00000d38                BusFaultIntHandler
                0x00000d38                OSCIntHandler
                0x00000d38                AONProgIntHandler
                0x00000d38                AUXCompAIntHandler
                0x00000d38                SSI1IntHandler
                0x00000d38                FlashIntHandler
                0x00000d38                uDMAErrIntHandler
                0x00000d38                UsageFaultIntHandler
                0x00000d38                RFCCmdAckIntHandler
                0x00000d38                PKAIntHandler
                0x00000d38                RFCCPE0IntHandler
                0x00000d38                UART1IntHandler
                0x00000d38                CryptoIntHandler
                0x00000d38                Timer0AIntHandler
                0x00000d38                I2CIntHandler
                0x00000d38                DebugMonIntHandler
                0x00000d38                Timer0BIntHandler
                0x00000d38                AUXCombEventIntHandler
                0x00000d38                Timer3AIntHandler
                0x00000d38                DynProgIntHandler
                0x00000d38                Timer3BIntHandler
                0x00000d38                AONRTCIntHandler
 *fill*         0x00000d3a        0x2 
 .text.ResetISR
                0x00000d3c       0x5c CMakeFiles/nrf24_sniffer.dir/C_/ti/simplelink_cc13xx_cc26xx_sdk_8_32_00_07/source/ti/devices/cc13x2x7_cc26x2x7/startup_files/startup_gcc.c.obj
                0x00000d3c                ResetISR
 .text.Board_sendExtFlashByte
                0x00000d98       0x52 CMakeFiles/nrf24_sniffer.dir/syscfg/ti_drivers_config.c.obj
                0x00000d98                Board_sendExtFlashByte
 *fill*         0x00000dea        0x2 
 .text.Board_wakeUpExtFlash
                0x00000dec       0x30 CMakeFiles/nrf24_sniffer.dir/syscfg/ti_drivers_config.c.obj
                0x00000dec                Board_wakeUpExtFlash
 .text.Board_shutDownExtFlash
                0x00000e1c       0x54 CMakeFiles/nrf24_sniffer.dir/syscfg/ti_drivers_config.c.obj
                0x00000e1c                Board_shutDownExtFlash
 .text.Board_initHook
                0x00000e70        0x2 CMakeFiles/nrf24_sniffer.dir/syscfg/ti_drivers_config.c.obj
                0x00000e70                Board_initHook
 .text.Board_init
                0x00000e72       0x14 CMakeFiles/nrf24_sniffer.dir/syscfg/ti_drivers_config.c.obj
                0x00000e72                Board_init
 *fill*         0x00000e86        0x2 
 .text.RF_cmdGet
                0x00000e88       0x40 C:/ti/simplelink_cc13xx_cc26xx_sdk_8_32_00_07/source/ti/drivers/rf/lib/gcc/m4f/rf_multiMode_cc13x2.a(RFCC26X2_multiMode.c.cc13x2.gcc.o)
 .text.RF_dbellSyncOnAck
                0x00000ec8       0x14 C:/ti/simplelink_cc13xx_cc26xx_sdk_8_32_00_07/source/ti/drivers/rf/lib/gcc/m4f/rf_multiMode_cc13x2.a(RFCC26X2_multiMode.c.cc13x2.gcc.o)
 .text.RF_verifyGap
                0x00000edc       0xa8 C:/ti/simplelink_cc13xx_cc26xx_sdk_8_32_00_07/source/ti/drivers/rf/lib/gcc/m4f/rf_multiMode_cc13x2.a(RFCC26X2_multiMode.c.cc13x2.gcc.o)
 .text.RF_defaultExecutionPolicy
                0x00000f84        0x4 C:/ti/simplelink_cc13xx_cc26xx_sdk_8_32_00_07/source/ti/drivers/rf/lib/gcc/m4f/rf_multiMode_cc13x2.a(RFCC26X2_multiMode.c.cc13x2.gcc.o)
                0x00000f84                RF_defaultExecutionPolicy
 .text.RF_checkCmdFsError
                0x00000f88       0x30 C:/ti/simplelink_cc13xx_cc26xx_sdk_8_32_00_07/source/ti/drivers/rf/lib/gcc/m4f/rf_multiMode_cc13x2.a(RFCC26X2_multiMode.c.cc13x2.gcc.o)
 .text.RF_invokeGlobalCallback
                0x00000fb8       0x20 C:/ti/simplelink_cc13xx_cc26xx_sdk_8_32_00_07/source/ti/drivers/rf/lib/gcc/m4f/rf_multiMode_cc13x2.a(RFCC26X2_multiMode.c.cc13x2.gcc.o)
 .text.RF_defaultCallback
                0x00000fd8        0x2 C:/ti/simplelink_cc13xx_cc26xx_sdk_8_32_00_07/source/ti/drivers/rf/lib/gcc/m4f/rf_multiMode_cc13x2.a(RFCC26X2_multiMode.c.cc13x2.gcc.o)
 *fill*         0x00000fda        0x2 
 .text.RF_isStateTransitionAllowed
                0x00000fdc       0x24 C:/ti/simplelink_cc13xx_cc26xx_sdk_8_32_00_07/source/ti/drivers/rf/lib/gcc/m4f/rf_multiMode_cc13x2.a(RFCC26X2_multiMode.c.cc13x2.gcc.o)
 .text.RF_updatePowerupDuration
                0x00001000       0x44 C:/ti/simplelink_cc13xx_cc26xx_sdk_8_32_00_07/source/ti/drivers/rf/lib/gcc/m4f/rf_multiMode_cc13x2.a(RFCC26X2_multiMode.c.cc13x2.gcc.o)
 .text.RF_attachOverrides
                0x00001044       0x66 C:/ti/simplelink_cc13xx_cc26xx_sdk_8_32_00_07/source/ti/drivers/rf/lib/gcc/m4f/rf_multiMode_cc13x2.a(RFCC26X2_multiMode.c.cc13x2.gcc.o)
 .text.RF_detachOverrides
                0x000010aa       0x6a C:/ti/simplelink_cc13xx_cc26xx_sdk_8_32_00_07/source/ti/drivers/rf/lib/gcc/m4f/rf_multiMode_cc13x2.a(RFCC26X2_multiMode.c.cc13x2.gcc.o)
 .text.RF_cmdStoreEvents
                0x00001114       0x2e C:/ti/simplelink_cc13xx_cc26xx_sdk_8_32_00_07/source/ti/drivers/rf/lib/gcc/m4f/rf_multiMode_cc13x2.a(RFCC26X2_multiMode.c.cc13x2.gcc.o)
 .text.RF_searchAndReplacePAOverride
                0x00001142       0x32 C:/ti/simplelink_cc13xx_cc26xx_sdk_8_32_00_07/source/ti/drivers/rf/lib/gcc/m4f/rf_multiMode_cc13x2.a(RFCC26X2_multiMode.c.cc13x2.gcc.o)
 .text.RF_issueRadioFreeCb
                0x00001174       0x78 C:/ti/simplelink_cc13xx_cc26xx_sdk_8_32_00_07/source/ti/drivers/rf/lib/gcc/m4f/rf_multiMode_cc13x2.a(RFCC26X2_multiMode.c.cc13x2.gcc.o)
 .text.RF_clkReqAccess
                0x000011ec        0x6 C:/ti/simplelink_cc13xx_cc26xx_sdk_8_32_00_07/source/ti/drivers/rf/lib/gcc/m4f/rf_multiMode_cc13x2.a(RFCC26X2_multiMode.c.cc13x2.gcc.o)
 .text.RF_restartClockTimeout
                0x000011f2       0x18 C:/ti/simplelink_cc13xx_cc26xx_sdk_8_32_00_07/source/ti/drivers/rf/lib/gcc/m4f/rf_multiMode_cc13x2.a(RFCC26X2_multiMode.c.cc13x2.gcc.o)
 .text.RF_syncCb
                0x0000120a       0x62 C:/ti/simplelink_cc13xx_cc26xx_sdk_8_32_00_07/source/ti/drivers/rf/lib/gcc/m4f/rf_multiMode_cc13x2.a(RFCC26X2_multiMode.c.cc13x2.gcc.o)
 .text.RF_applyRfCorePatch
                0x0000126c       0x74 C:/ti/simplelink_cc13xx_cc26xx_sdk_8_32_00_07/source/ti/drivers/rf/lib/gcc/m4f/rf_multiMode_cc13x2.a(RFCC26X2_multiMode.c.cc13x2.gcc.o)
 .text.RF_hwiHw
                0x000012e0       0x6c C:/ti/simplelink_cc13xx_cc26xx_sdk_8_32_00_07/source/ti/drivers/rf/lib/gcc/m4f/rf_multiMode_cc13x2.a(RFCC26X2_multiMode.c.cc13x2.gcc.o)
 .text.RF_swiFsm
                0x0000134c       0x24 C:/ti/simplelink_cc13xx_cc26xx_sdk_8_32_00_07/source/ti/drivers/rf/lib/gcc/m4f/rf_multiMode_cc13x2.a(RFCC26X2_multiMode.c.cc13x2.gcc.o)
 .text.RF_fsmXOSCState
                0x00001370       0x50 C:/ti/simplelink_cc13xx_cc26xx_sdk_8_32_00_07/source/ti/drivers/rf/lib/gcc/m4f/rf_multiMode_cc13x2.a(RFCC26X2_multiMode.c.cc13x2.gcc.o)
 .text.RF_hwiCpe0ChangePhy
                0x000013c0       0x24 C:/ti/simplelink_cc13xx_cc26xx_sdk_8_32_00_07/source/ti/drivers/rf/lib/gcc/m4f/rf_multiMode_cc13x2.a(RFCC26X2_multiMode.c.cc13x2.gcc.o)
 .text.RF_executeDirectImmediateCmd
                0x000013e4       0x2c C:/ti/simplelink_cc13xx_cc26xx_sdk_8_32_00_07/source/ti/drivers/rf/lib/gcc/m4f/rf_multiMode_cc13x2.a(RFCC26X2_multiMode.c.cc13x2.gcc.o)
 .text.RF_wakeupNotification
                0x00001410       0x50 C:/ti/simplelink_cc13xx_cc26xx_sdk_8_32_00_07/source/ti/drivers/rf/lib/gcc/m4f/rf_multiMode_cc13x2.a(RFCC26X2_multiMode.c.cc13x2.gcc.o)
 .text.RF_decodeOverridePointers.constprop.0
                0x00001460      0x120 C:/ti/simplelink_cc13xx_cc26xx_sdk_8_32_00_07/source/ti/drivers/rf/lib/gcc/m4f/rf_multiMode_cc13x2.a(RFCC26X2_multiMode.c.cc13x2.gcc.o)
 .text.RF_initRadioSetup
                0x00001580       0xb0 C:/ti/simplelink_cc13xx_cc26xx_sdk_8_32_00_07/source/ti/drivers/rf/lib/gcc/m4f/rf_multiMode_cc13x2.a(RFCC26X2_multiMode.c.cc13x2.gcc.o)
 .text.RF_fsmSetupState
                0x00001630      0x10c C:/ti/simplelink_cc13xx_cc26xx_sdk_8_32_00_07/source/ti/drivers/rf/lib/gcc/m4f/rf_multiMode_cc13x2.a(RFCC26X2_multiMode.c.cc13x2.gcc.o)
 .text.RF_updatePaConfiguration
                0x0000173c       0xb8 C:/ti/simplelink_cc13xx_cc26xx_sdk_8_32_00_07/source/ti/drivers/rf/lib/gcc/m4f/rf_multiMode_cc13x2.a(RFCC26X2_multiMode.c.cc13x2.gcc.o)
 .text.RF_defaultSubmitPolicy
                0x000017f4       0x94 C:/ti/simplelink_cc13xx_cc26xx_sdk_8_32_00_07/source/ti/drivers/rf/lib/gcc/m4f/rf_multiMode_cc13x2.a(RFCC26X2_multiMode.c.cc13x2.gcc.o)
                0x000017f4                RF_defaultSubmitPolicy
 .text.RF_discardPendCmd
                0x00001888       0x8c C:/ti/simplelink_cc13xx_cc26xx_sdk_8_32_00_07/source/ti/drivers/rf/lib/gcc/m4f/rf_multiMode_cc13x2.a(RFCC26X2_multiMode.c.cc13x2.gcc.o)
 .text.RF_abortCmd
                0x00001914      0x160 C:/ti/simplelink_cc13xx_cc26xx_sdk_8_32_00_07/source/ti/drivers/rf/lib/gcc/m4f/rf_multiMode_cc13x2.a(RFCC26X2_multiMode.c.cc13x2.gcc.o)
 .text.RF_powerConstraintSet
                0x00001a74       0x1c C:/ti/simplelink_cc13xx_cc26xx_sdk_8_32_00_07/source/ti/drivers/rf/lib/gcc/m4f/rf_multiMode_cc13x2.a(RFCC26X2_multiMode.c.cc13x2.gcc.o)
                0x00001a74                RF_powerConstraintSet
 .text.RF_ratRestartChannels
                0x00001a90       0x88 C:/ti/simplelink_cc13xx_cc26xx_sdk_8_32_00_07/source/ti/drivers/rf/lib/gcc/m4f/rf_multiMode_cc13x2.a(RFCC26X2_multiMode.c.cc13x2.gcc.o)
 .text.RF_powerConstraintRelease
                0x00001b18       0x34 C:/ti/simplelink_cc13xx_cc26xx_sdk_8_32_00_07/source/ti/drivers/rf/lib/gcc/m4f/rf_multiMode_cc13x2.a(RFCC26X2_multiMode.c.cc13x2.gcc.o)
                0x00001b18                RF_powerConstraintRelease
 .text.RF_clkInactivityCallback
                0x00001b4c       0x1c C:/ti/simplelink_cc13xx_cc26xx_sdk_8_32_00_07/source/ti/drivers/rf/lib/gcc/m4f/rf_multiMode_cc13x2.a(RFCC26X2_multiMode.c.cc13x2.gcc.o)
 .text.RF_radioOpDoneCb
                0x00001b68      0x140 C:/ti/simplelink_cc13xx_cc26xx_sdk_8_32_00_07/source/ti/drivers/rf/lib/gcc/m4f/rf_multiMode_cc13x2.a(RFCC26X2_multiMode.c.cc13x2.gcc.o)
 .text.RF_ratFreeChannel
                0x00001ca8       0x88 C:/ti/simplelink_cc13xx_cc26xx_sdk_8_32_00_07/source/ti/drivers/rf/lib/gcc/m4f/rf_multiMode_cc13x2.a(RFCC26X2_multiMode.c.cc13x2.gcc.o)
 .text.RF_swiHw
                0x00001d30       0xcc C:/ti/simplelink_cc13xx_cc26xx_sdk_8_32_00_07/source/ti/drivers/rf/lib/gcc/m4f/rf_multiMode_cc13x2.a(RFCC26X2_multiMode.c.cc13x2.gcc.o)
 .text.RF_getCurrentTime
                0x00001dfc       0x60 C:/ti/simplelink_cc13xx_cc26xx_sdk_8_32_00_07/source/ti/drivers/rf/lib/gcc/m4f/rf_multiMode_cc13x2.a(RFCC26X2_multiMode.c.cc13x2.gcc.o)
                0x00001dfc                RF_getCurrentTime
 .text.RF_cmdDispatchTime
                0x00001e5c       0xac C:/ti/simplelink_cc13xx_cc26xx_sdk_8_32_00_07/source/ti/drivers/rf/lib/gcc/m4f/rf_multiMode_cc13x2.a(RFCC26X2_multiMode.c.cc13x2.gcc.o)
 .text.RF_dispatchNextCmd
                0x00001f08      0x1c4 C:/ti/simplelink_cc13xx_cc26xx_sdk_8_32_00_07/source/ti/drivers/rf/lib/gcc/m4f/rf_multiMode_cc13x2.a(RFCC26X2_multiMode.c.cc13x2.gcc.o)
 .text.RF_hwiCpe0Active
                0x000020cc       0xf8 C:/ti/simplelink_cc13xx_cc26xx_sdk_8_32_00_07/source/ti/drivers/rf/lib/gcc/m4f/rf_multiMode_cc13x2.a(RFCC26X2_multiMode.c.cc13x2.gcc.o)
 .text.RF_hwiCpe0PowerFsm
                0x000021c4       0x60 C:/ti/simplelink_cc13xx_cc26xx_sdk_8_32_00_07/source/ti/drivers/rf/lib/gcc/m4f/rf_multiMode_cc13x2.a(RFCC26X2_multiMode.c.cc13x2.gcc.o)
 .text.RF_calculateDispatchTime
                0x00002224       0xc8 C:/ti/simplelink_cc13xx_cc26xx_sdk_8_32_00_07/source/ti/drivers/rf/lib/gcc/m4f/rf_multiMode_cc13x2.a(RFCC26X2_multiMode.c.cc13x2.gcc.o)
 .text.RF_dispatchNextEvent
                0x000022ec       0x6c C:/ti/simplelink_cc13xx_cc26xx_sdk_8_32_00_07/source/ti/drivers/rf/lib/gcc/m4f/rf_multiMode_cc13x2.a(RFCC26X2_multiMode.c.cc13x2.gcc.o)
 .text.RF_fsmPowerUpState
                0x00002358      0x118 C:/ti/simplelink_cc13xx_cc26xx_sdk_8_32_00_07/source/ti/drivers/rf/lib/gcc/m4f/rf_multiMode_cc13x2.a(RFCC26X2_multiMode.c.cc13x2.gcc.o)
 .text.RF_fsmActiveState
                0x00002470      0x4dc C:/ti/simplelink_cc13xx_cc26xx_sdk_8_32_00_07/source/ti/drivers/rf/lib/gcc/m4f/rf_multiMode_cc13x2.a(RFCC26X2_multiMode.c.cc13x2.gcc.o)
 .text.RF_clkPowerUp
                0x0000294c       0x24 C:/ti/simplelink_cc13xx_cc26xx_sdk_8_32_00_07/source/ti/drivers/rf/lib/gcc/m4f/rf_multiMode_cc13x2.a(RFCC26X2_multiMode.c.cc13x2.gcc.o)
 .text.RF_postCmd
                0x00002970      0x100 C:/ti/simplelink_cc13xx_cc26xx_sdk_8_32_00_07/source/ti/drivers/rf/lib/gcc/m4f/rf_multiMode_cc13x2.a(RFCC26X2_multiMode.c.cc13x2.gcc.o)
                0x00002970                RF_postCmd
 .text.RF_pendCmd
                0x00002a70       0xa8 C:/ti/simplelink_cc13xx_cc26xx_sdk_8_32_00_07/source/ti/drivers/rf/lib/gcc/m4f/rf_multiMode_cc13x2.a(RFCC26X2_multiMode.c.cc13x2.gcc.o)
                0x00002a70                RF_pendCmd
 .text.RF_runCmd
                0x00002b18       0x24 C:/ti/simplelink_cc13xx_cc26xx_sdk_8_32_00_07/source/ti/drivers/rf/lib/gcc/m4f/rf_multiMode_cc13x2.a(RFCC26X2_multiMode.c.cc13x2.gcc.o)
                0x00002b18                RF_runCmd
 .text.RF_Params_init
                0x00002b3c       0x18 C:/ti/simplelink_cc13xx_cc26xx_sdk_8_32_00_07/source/ti/drivers/rf/lib/gcc/m4f/rf_multiMode_cc13x2.a(RFCC26X2_multiMode.c.cc13x2.gcc.o)
                0x00002b3c                RF_Params_init
 .text.RF_open  0x00002b54      0x2cc C:/ti/simplelink_cc13xx_cc26xx_sdk_8_32_00_07/source/ti/drivers/rf/lib/gcc/m4f/rf_multiMode_cc13x2.a(RFCC26X2_multiMode.c.cc13x2.gcc.o)
                0x00002b54                RF_open
 .text.NOROM_RFCCpeIntGetAndClear
                0x00002e20       0x10 C:/ti/simplelink_cc13xx_cc26xx_sdk_8_32_00_07/source/ti/drivers/rf/lib/gcc/m4f/rf_multiMode_cc13x2.a(rfc.c.cc13x2.gcc.o)
                0x00002e20                NOROM_RFCCpeIntGetAndClear
 .text.NOROM_RFCDoorbellSendTo
                0x00002e30       0x20 C:/ti/simplelink_cc13xx_cc26xx_sdk_8_32_00_07/source/ti/drivers/rf/lib/gcc/m4f/rf_multiMode_cc13x2.a(rfc.c.cc13x2.gcc.o)
                0x00002e30                NOROM_RFCDoorbellSendTo
 .text.NOROM_RFCSynthPowerDown
                0x00002e50       0x4c C:/ti/simplelink_cc13xx_cc26xx_sdk_8_32_00_07/source/ti/drivers/rf/lib/gcc/m4f/rf_multiMode_cc13x2.a(rfc.c.cc13x2.gcc.o)
                0x00002e50                NOROM_RFCSynthPowerDown
 .text.NOROM_RFCCpePatchReset
                0x00002e9c        0x2 C:/ti/simplelink_cc13xx_cc26xx_sdk_8_32_00_07/source/ti/drivers/rf/lib/gcc/m4f/rf_multiMode_cc13x2.a(rfc.c.cc13x2.gcc.o)
                0x00002e9c                NOROM_RFCCpePatchReset
 .text.NOROM_RFCOverrideSearch
                0x00002e9e       0x26 C:/ti/simplelink_cc13xx_cc26xx_sdk_8_32_00_07/source/ti/drivers/rf/lib/gcc/m4f/rf_multiMode_cc13x2.a(rfc.c.cc13x2.gcc.o)
                0x00002e9e                NOROM_RFCOverrideSearch
 .text.NOROM_RFCAnaDivTxOverride
                0x00002ec4       0x3c C:/ti/simplelink_cc13xx_cc26xx_sdk_8_32_00_07/source/ti/drivers/rf/lib/gcc/m4f/rf_multiMode_cc13x2.a(rfc.c.cc13x2.gcc.o)
                0x00002ec4                NOROM_RFCAnaDivTxOverride
 .text.NOROM_RFCOverrideUpdate
                0x00002f00        0x4 C:/ti/simplelink_cc13xx_cc26xx_sdk_8_32_00_07/source/ti/drivers/rf/lib/gcc/m4f/rf_multiMode_cc13x2.a(rfc.c.cc13x2.gcc.o)
                0x00002f00                NOROM_RFCOverrideUpdate
 .text.NOROM_RFCHwIntGetAndClear
                0x00002f04       0x10 C:/ti/simplelink_cc13xx_cc26xx_sdk_8_32_00_07/source/ti/drivers/rf/lib/gcc/m4f/rf_multiMode_cc13x2.a(rfc.c.cc13x2.gcc.o)
                0x00002f04                NOROM_RFCHwIntGetAndClear
 .text.configurePropPatch
                0x00002f14       0x48 C:/ti/simplelink_cc13xx_cc26xx_sdk_8_32_00_07/source/ti/drivers/rf/lib/gcc/m4f/rf_multiMode_cc13x2.a(rf_patch_cpe_prop.c.cc13x2.gcc.o)
 .text.rf_patch_cpe_prop
                0x00002f5c       0x2c C:/ti/simplelink_cc13xx_cc26xx_sdk_8_32_00_07/source/ti/drivers/rf/lib/gcc/m4f/rf_multiMode_cc13x2.a(rf_patch_cpe_prop.c.cc13x2.gcc.o)
                0x00002f5c                rf_patch_cpe_prop
 .text.List_clearList
                0x00002f88       0x18 C:/ti/simplelink_cc13xx_cc26xx_sdk_8_32_00_07/source/ti/drivers/lib/gcc/m4f/drivers_cc13x2x7.a(List.c.obj)
                0x00002f88                List_clearList
 .text.List_get
                0x00002fa0       0x28 C:/ti/simplelink_cc13xx_cc26xx_sdk_8_32_00_07/source/ti/drivers/lib/gcc/m4f/drivers_cc13x2x7.a(List.c.obj)
                0x00002fa0                List_get
 .text.List_insert
                0x00002fc8       0x2c C:/ti/simplelink_cc13xx_cc26xx_sdk_8_32_00_07/source/ti/drivers/lib/gcc/m4f/drivers_cc13x2x7.a(List.c.obj)
                0x00002fc8                List_insert
 .text.List_put
                0x00002ff4       0x2c C:/ti/simplelink_cc13xx_cc26xx_sdk_8_32_00_07/source/ti/drivers/lib/gcc/m4f/drivers_cc13x2x7.a(List.c.obj)
                0x00002ff4                List_put
 .text.List_putHead
                0x00003020       0x2c C:/ti/simplelink_cc13xx_cc26xx_sdk_8_32_00_07/source/ti/drivers/lib/gcc/m4f/drivers_cc13x2x7.a(List.c.obj)
                0x00003020                List_putHead
 .text.List_remove
                0x0000304c       0x30 C:/ti/simplelink_cc13xx_cc26xx_sdk_8_32_00_07/source/ti/drivers/lib/gcc/m4f/drivers_cc13x2x7.a(List.c.obj)
                0x0000304c                List_remove
 .text.GPIO_resetConfig
                0x0000307c       0x3c C:/ti/simplelink_cc13xx_cc26xx_sdk_8_32_00_07/source/ti/drivers/lib/gcc/m4f/drivers_cc13x2x7.a(GPIO.c.obj)
                0x0000307c                GPIO_resetConfig
 .text.GPIO_disableInt
                0x000030b8       0x18 C:/ti/simplelink_cc13xx_cc26xx_sdk_8_32_00_07/source/ti/drivers/lib/gcc/m4f/drivers_cc13x2x7.a(GPIOCC26XX.c.obj)
                0x000030b8                GPIO_disableInt
 .text.GPIO_setConfig
                0x000030d0       0x98 C:/ti/simplelink_cc13xx_cc26xx_sdk_8_32_00_07/source/ti/drivers/lib/gcc/m4f/drivers_cc13x2x7.a(GPIOCC26XX.c.obj)
                0x000030d0                GPIO_setConfig
 .text.GPIO_setConfigAndMux
                0x00003168       0xa4 C:/ti/simplelink_cc13xx_cc26xx_sdk_8_32_00_07/source/ti/drivers/lib/gcc/m4f/drivers_cc13x2x7.a(GPIOCC26XX.c.obj)
                0x00003168                GPIO_setConfigAndMux
 .text.GPIO_write
                0x0000320c       0x14 C:/ti/simplelink_cc13xx_cc26xx_sdk_8_32_00_07/source/ti/drivers/lib/gcc/m4f/drivers_cc13x2x7.a(GPIOCC26XX.c.obj)
                0x0000320c                GPIO_write
 .text.emptyClockFunc
                0x00003220        0x4 C:/ti/simplelink_cc13xx_cc26xx_sdk_8_32_00_07/source/ti/drivers/lib/gcc/m4f/drivers_cc13x2x7.a(PowerCC26X2.c.obj)
 .text.nopResourceHandler
                0x00003224        0x4 C:/ti/simplelink_cc13xx_cc26xx_sdk_8_32_00_07/source/ti/drivers/lib/gcc/m4f/drivers_cc13x2x7.a(PowerCC26X2.c.obj)
 .text.configureRFCoreClocks
                0x00003228        0x4 C:/ti/simplelink_cc13xx_cc26xx_sdk_8_32_00_07/source/ti/drivers/lib/gcc/m4f/drivers_cc13x2x7.a(PowerCC26X2.c.obj)
 .text.configureXOSCHF
                0x0000322c      0x13c C:/ti/simplelink_cc13xx_cc26xx_sdk_8_32_00_07/source/ti/drivers/lib/gcc/m4f/drivers_cc13x2x7.a(PowerCC26X2.c.obj)
 .text.switchXOSCHF
                0x00003368       0x7c C:/ti/simplelink_cc13xx_cc26xx_sdk_8_32_00_07/source/ti/drivers/lib/gcc/m4f/drivers_cc13x2x7.a(PowerCC26X2.c.obj)
 .text.switchToTCXO
                0x000033e4       0x10 C:/ti/simplelink_cc13xx_cc26xx_sdk_8_32_00_07/source/ti/drivers/lib/gcc/m4f/drivers_cc13x2x7.a(PowerCC26X2.c.obj)
 .text.oscillatorISR
                0x000033f4       0xc0 C:/ti/simplelink_cc13xx_cc26xx_sdk_8_32_00_07/source/ti/drivers/lib/gcc/m4f/drivers_cc13x2x7.a(PowerCC26X2.c.obj)
 .text.Power_disablePolicy
                0x000034b4       0x14 C:/ti/simplelink_cc13xx_cc26xx_sdk_8_32_00_07/source/ti/drivers/lib/gcc/m4f/drivers_cc13x2x7.a(PowerCC26X2.c.obj)
                0x000034b4                Power_disablePolicy
 .text.Power_enablePolicy
                0x000034c8       0x10 C:/ti/simplelink_cc13xx_cc26xx_sdk_8_32_00_07/source/ti/drivers/lib/gcc/m4f/drivers_cc13x2x7.a(PowerCC26X2.c.obj)
                0x000034c8                Power_enablePolicy
 .text.Power_getConstraintMask
                0x000034d8        0xc C:/ti/simplelink_cc13xx_cc26xx_sdk_8_32_00_07/source/ti/drivers/lib/gcc/m4f/drivers_cc13x2x7.a(PowerCC26X2.c.obj)
                0x000034d8                Power_getConstraintMask
 .text.Power_getTransitionLatency
                0x000034e4       0x20 C:/ti/simplelink_cc13xx_cc26xx_sdk_8_32_00_07/source/ti/drivers/lib/gcc/m4f/drivers_cc13x2x7.a(PowerCC26X2.c.obj)
                0x000034e4                Power_getTransitionLatency
 .text.Power_idleFunc
                0x00003504       0x18 C:/ti/simplelink_cc13xx_cc26xx_sdk_8_32_00_07/source/ti/drivers/lib/gcc/m4f/drivers_cc13x2x7.a(PowerCC26X2.c.obj)
                0x00003504                Power_idleFunc
 .text.Power_init
                0x0000351c      0x16c C:/ti/simplelink_cc13xx_cc26xx_sdk_8_32_00_07/source/ti/drivers/lib/gcc/m4f/drivers_cc13x2x7.a(PowerCC26X2.c.obj)
                0x0000351c                Power_init
 .text.Power_registerNotify
                0x00003688       0x24 C:/ti/simplelink_cc13xx_cc26xx_sdk_8_32_00_07/source/ti/drivers/lib/gcc/m4f/drivers_cc13x2x7.a(PowerCC26X2.c.obj)
                0x00003688                Power_registerNotify
 .text.Power_releaseConstraint
                0x000036ac       0x34 C:/ti/simplelink_cc13xx_cc26xx_sdk_8_32_00_07/source/ti/drivers/lib/gcc/m4f/drivers_cc13x2x7.a(PowerCC26X2.c.obj)
                0x000036ac                Power_releaseConstraint
 .text.Power_releaseDependency
                0x000036e0       0xc8 C:/ti/simplelink_cc13xx_cc26xx_sdk_8_32_00_07/source/ti/drivers/lib/gcc/m4f/drivers_cc13x2x7.a(PowerCC26X2.c.obj)
                0x000036e0                Power_releaseDependency
 .text.Power_setConstraint
                0x000037a8       0x2c C:/ti/simplelink_cc13xx_cc26xx_sdk_8_32_00_07/source/ti/drivers/lib/gcc/m4f/drivers_cc13x2x7.a(PowerCC26X2.c.obj)
                0x000037a8                Power_setConstraint
 .text.Power_setDependency
                0x000037d4       0xd4 C:/ti/simplelink_cc13xx_cc26xx_sdk_8_32_00_07/source/ti/drivers/lib/gcc/m4f/drivers_cc13x2x7.a(PowerCC26X2.c.obj)
                0x000037d4                Power_setDependency
 .text.Power_sleep
                0x000038a8      0x1e4 C:/ti/simplelink_cc13xx_cc26xx_sdk_8_32_00_07/source/ti/drivers/lib/gcc/m4f/drivers_cc13x2x7.a(PowerCC26X2.c.obj)
                0x000038a8                Power_sleep
 .text.PowerCC26XX_calibrate
                0x00003a8c       0x18 C:/ti/simplelink_cc13xx_cc26xx_sdk_8_32_00_07/source/ti/drivers/lib/gcc/m4f/drivers_cc13x2x7.a(PowerCC26X2.c.obj)
                0x00003a8c                PowerCC26XX_calibrate
 .text.PowerCC26XX_isStableXOSC_HF
                0x00003aa4       0x30 C:/ti/simplelink_cc13xx_cc26xx_sdk_8_32_00_07/source/ti/drivers/lib/gcc/m4f/drivers_cc13x2x7.a(PowerCC26X2.c.obj)
                0x00003aa4                PowerCC26XX_isStableXOSC_HF
 .text.PowerCC26XX_switchXOSC_HF
                0x00003ad4       0x78 C:/ti/simplelink_cc13xx_cc26xx_sdk_8_32_00_07/source/ti/drivers/lib/gcc/m4f/drivers_cc13x2x7.a(PowerCC26X2.c.obj)
                0x00003ad4                PowerCC26XX_switchXOSC_HF
 .text.PowerCC26X2_initiateCalibration
                0x00003b4c       0x64 C:/ti/simplelink_cc13xx_cc26xx_sdk_8_32_00_07/source/ti/drivers/lib/gcc/m4f/drivers_cc13x2x7.a(PowerCC26X2_calibrateRCOSC.c.obj)
                0x00003b4c                PowerCC26X2_initiateCalibration
 .text.PowerCC26X2_auxISR
                0x00003bb0      0x2b4 C:/ti/simplelink_cc13xx_cc26xx_sdk_8_32_00_07/source/ti/drivers/lib/gcc/m4f/drivers_cc13x2x7.a(PowerCC26X2_calibrateRCOSC.c.obj)
                0x00003bb0                PowerCC26X2_auxISR
 .text.PowerCC26X2_calibrate
                0x00003e64      0x110 C:/ti/simplelink_cc13xx_cc26xx_sdk_8_32_00_07/source/ti/drivers/lib/gcc/m4f/drivers_cc13x2x7.a(PowerCC26X2_calibrateRCOSC.c.obj)
                0x00003e64                PowerCC26X2_calibrate
 .text.PowerCC26X2_RCOSC_clockFunc
                0x00003f74       0x44 C:/ti/simplelink_cc13xx_cc26xx_sdk_8_32_00_07/source/ti/drivers/lib/gcc/m4f/drivers_cc13x2x7.a(PowerCC26X2_calibrateRCOSC.c.obj)
                0x00003f74                PowerCC26X2_RCOSC_clockFunc
 .text.UART2_Params_init
                0x00003fb8       0x24 C:/ti/simplelink_cc13xx_cc26xx_sdk_8_32_00_07/source/ti/drivers/lib/gcc/m4f/drivers_cc13x2x7.a(UART2.c.obj)
                0x00003fb8                UART2_Params_init
 .text.UART2_rxEnable
                0x00003fdc       0x44 C:/ti/simplelink_cc13xx_cc26xx_sdk_8_32_00_07/source/ti/drivers/lib/gcc/m4f/drivers_cc13x2x7.a(UART2.c.obj)
                0x00003fdc                UART2_rxEnable
 .text.UART2_readTimeout
                0x00004020      0x1b8 C:/ti/simplelink_cc13xx_cc26xx_sdk_8_32_00_07/source/ti/drivers/lib/gcc/m4f/drivers_cc13x2x7.a(UART2.c.obj)
                0x00004020                UART2_readTimeout
 .text.UART2_readFull
                0x000041d8       0x50 C:/ti/simplelink_cc13xx_cc26xx_sdk_8_32_00_07/source/ti/drivers/lib/gcc/m4f/drivers_cc13x2x7.a(UART2.c.obj)
                0x000041d8                UART2_readFull
 .text.UART2_read
                0x00004228       0x24 C:/ti/simplelink_cc13xx_cc26xx_sdk_8_32_00_07/source/ti/drivers/lib/gcc/m4f/drivers_cc13x2x7.a(UART2.c.obj)
                0x00004228                UART2_read
 .text.UART2_writeTimeoutBlocking
                0x0000424c      0x180 C:/ti/simplelink_cc13xx_cc26xx_sdk_8_32_00_07/source/ti/drivers/lib/gcc/m4f/drivers_cc13x2x7.a(UART2.c.obj)
                0x0000424c                UART2_writeTimeoutBlocking
 .text.UART2_writeTimeoutNonblocking
                0x000043cc      0x128 C:/ti/simplelink_cc13xx_cc26xx_sdk_8_32_00_07/source/ti/drivers/lib/gcc/m4f/drivers_cc13x2x7.a(UART2.c.obj)
                0x000043cc                UART2_writeTimeoutNonblocking
 .text.UART2_writeTimeout
                0x000044f4       0x24 C:/ti/simplelink_cc13xx_cc26xx_sdk_8_32_00_07/source/ti/drivers/lib/gcc/m4f/drivers_cc13x2x7.a(UART2.c.obj)
                0x000044f4                UART2_writeTimeout
 .text.UART2_write
                0x00004518       0x14 C:/ti/simplelink_cc13xx_cc26xx_sdk_8_32_00_07/source/ti/drivers/lib/gcc/m4f/drivers_cc13x2x7.a(UART2.c.obj)
                0x00004518                UART2_write
 .text.UART2CC26X2_eventCallback
                0x0000452c        0x4 C:/ti/simplelink_cc13xx_cc26xx_sdk_8_32_00_07/source/ti/drivers/lib/gcc/m4f/drivers_cc13x2x7.a(UART2CC26X2.c.obj)
 .text.UART2CC26X2_initHw.isra.0
                0x00004530      0x130 C:/ti/simplelink_cc13xx_cc26xx_sdk_8_32_00_07/source/ti/drivers/lib/gcc/m4f/drivers_cc13x2x7.a(UART2CC26X2.c.obj)
 .text.UART2CC26X2_postNotifyFxn
                0x00004660       0x18 C:/ti/simplelink_cc13xx_cc26xx_sdk_8_32_00_07/source/ti/drivers/lib/gcc/m4f/drivers_cc13x2x7.a(UART2CC26X2.c.obj)
 .text.UART2_open
                0x00004678      0x1bc C:/ti/simplelink_cc13xx_cc26xx_sdk_8_32_00_07/source/ti/drivers/lib/gcc/m4f/drivers_cc13x2x7.a(UART2CC26X2.c.obj)
                0x00004678                UART2_open
 .text.UART2Support_disableTx
                0x00004834        0xc C:/ti/simplelink_cc13xx_cc26xx_sdk_8_32_00_07/source/ti/drivers/lib/gcc/m4f/drivers_cc13x2x7.a(UART2CC26X2.c.obj)
                0x00004834                UART2Support_disableTx
 .text.UART2Support_dmaStartTx
                0x00004840       0xe4 C:/ti/simplelink_cc13xx_cc26xx_sdk_8_32_00_07/source/ti/drivers/lib/gcc/m4f/drivers_cc13x2x7.a(UART2CC26X2.c.obj)
                0x00004840                UART2Support_dmaStartTx
 .text.UART2Support_dmaStopRx
                0x00004924       0x74 C:/ti/simplelink_cc13xx_cc26xx_sdk_8_32_00_07/source/ti/drivers/lib/gcc/m4f/drivers_cc13x2x7.a(UART2CC26X2.c.obj)
                0x00004924                UART2Support_dmaStopRx
 .text.UART2Support_dmaStartRx
                0x00004998       0xfc C:/ti/simplelink_cc13xx_cc26xx_sdk_8_32_00_07/source/ti/drivers/lib/gcc/m4f/drivers_cc13x2x7.a(UART2CC26X2.c.obj)
                0x00004998                UART2Support_dmaStartRx
 .text.UART2Support_dmaStopTx
                0x00004a94       0x8c C:/ti/simplelink_cc13xx_cc26xx_sdk_8_32_00_07/source/ti/drivers/lib/gcc/m4f/drivers_cc13x2x7.a(UART2CC26X2.c.obj)
                0x00004a94                UART2Support_dmaStopTx
 .text.UART2CC26X2_hwiIntFxn
                0x00004b20      0x2bc C:/ti/simplelink_cc13xx_cc26xx_sdk_8_32_00_07/source/ti/drivers/lib/gcc/m4f/drivers_cc13x2x7.a(UART2CC26X2.c.obj)
 .text.UART2Support_enableInts
                0x00004ddc       0x2c C:/ti/simplelink_cc13xx_cc26xx_sdk_8_32_00_07/source/ti/drivers/lib/gcc/m4f/drivers_cc13x2x7.a(UART2CC26X2.c.obj)
                0x00004ddc                UART2Support_enableInts
 .text.UART2Support_enableRx
                0x00004e08        0xc C:/ti/simplelink_cc13xx_cc26xx_sdk_8_32_00_07/source/ti/drivers/lib/gcc/m4f/drivers_cc13x2x7.a(UART2CC26X2.c.obj)
                0x00004e08                UART2Support_enableRx
 .text.UART2Support_enableTx
                0x00004e14        0xc C:/ti/simplelink_cc13xx_cc26xx_sdk_8_32_00_07/source/ti/drivers/lib/gcc/m4f/drivers_cc13x2x7.a(UART2CC26X2.c.obj)
                0x00004e14                UART2Support_enableTx
 .text.UART2Support_powerSetConstraint
                0x00004e20       0x28 C:/ti/simplelink_cc13xx_cc26xx_sdk_8_32_00_07/source/ti/drivers/lib/gcc/m4f/drivers_cc13x2x7.a(UART2CC26X2.c.obj)
                0x00004e20                UART2Support_powerSetConstraint
 .text.UART2Support_sendData
                0x00004e48       0x34 C:/ti/simplelink_cc13xx_cc26xx_sdk_8_32_00_07/source/ti/drivers/lib/gcc/m4f/drivers_cc13x2x7.a(UART2CC26X2.c.obj)
                0x00004e48                UART2Support_sendData
 .text.UART2Support_txDone
                0x00004e7c       0x10 C:/ti/simplelink_cc13xx_cc26xx_sdk_8_32_00_07/source/ti/drivers/lib/gcc/m4f/drivers_cc13x2x7.a(UART2CC26X2.c.obj)
                0x00004e7c                UART2Support_txDone
 .text.GPIO_hwiIntFxn
                0x00004e8c       0x4c C:/ti/simplelink_cc13xx_cc26xx_sdk_8_32_00_07/source/ti/drivers/lib/gcc/m4f/drivers_cc13x2x7.a(GPIOCC26X2.c.obj)
                0x00004e8c                GPIO_hwiIntFxn
 .text.GPIO_init
                0x00004ed8      0x120 C:/ti/simplelink_cc13xx_cc26xx_sdk_8_32_00_07/source/ti/drivers/lib/gcc/m4f/drivers_cc13x2x7.a(GPIOCC26X2.c.obj)
                0x00004ed8                GPIO_init
 .text.PowerCC26X2_updateSubSecInc
                0x00004ff8       0x84 C:/ti/simplelink_cc13xx_cc26xx_sdk_8_32_00_07/source/ti/drivers/lib/gcc/m4f/drivers_cc13x2x7.a(PowerCC26X2_calibrateRCOSC_helpers.c.obj)
                0x00004ff8                PowerCC26X2_updateSubSecInc
 .text.PowerCC26X2_readCtrim
                0x0000507c       0x10 C:/ti/simplelink_cc13xx_cc26xx_sdk_8_32_00_07/source/ti/drivers/lib/gcc/m4f/drivers_cc13x2x7.a(PowerCC26X2_calibrateRCOSC_helpers.c.obj)
                0x0000507c                PowerCC26X2_readCtrim
 .text.PowerCC26X2_readCtrimFract
                0x0000508c       0x10 C:/ti/simplelink_cc13xx_cc26xx_sdk_8_32_00_07/source/ti/drivers/lib/gcc/m4f/drivers_cc13x2x7.a(PowerCC26X2_calibrateRCOSC_helpers.c.obj)
                0x0000508c                PowerCC26X2_readCtrimFract
 .text.PowerCC26X2_readRtrim
                0x0000509c       0x10 C:/ti/simplelink_cc13xx_cc26xx_sdk_8_32_00_07/source/ti/drivers/lib/gcc/m4f/drivers_cc13x2x7.a(PowerCC26X2_calibrateRCOSC_helpers.c.obj)
                0x0000509c                PowerCC26X2_readRtrim
 .text.PowerCC26X2_writeCtrim
                0x000050ac       0x28 C:/ti/simplelink_cc13xx_cc26xx_sdk_8_32_00_07/source/ti/drivers/lib/gcc/m4f/drivers_cc13x2x7.a(PowerCC26X2_calibrateRCOSC_helpers.c.obj)
                0x000050ac                PowerCC26X2_writeCtrim
 .text.PowerCC26X2_writeCtrimFract
                0x000050d4       0x28 C:/ti/simplelink_cc13xx_cc26xx_sdk_8_32_00_07/source/ti/drivers/lib/gcc/m4f/drivers_cc13x2x7.a(PowerCC26X2_calibrateRCOSC_helpers.c.obj)
                0x000050d4                PowerCC26X2_writeCtrimFract
 .text.PowerCC26X2_writeCtrimFractEn
                0x000050fc       0x28 C:/ti/simplelink_cc13xx_cc26xx_sdk_8_32_00_07/source/ti/drivers/lib/gcc/m4f/drivers_cc13x2x7.a(PowerCC26X2_calibrateRCOSC_helpers.c.obj)
                0x000050fc                PowerCC26X2_writeCtrimFractEn
 .text.PowerCC26X2_writeRtrim
                0x00005124       0x28 C:/ti/simplelink_cc13xx_cc26xx_sdk_8_32_00_07/source/ti/drivers/lib/gcc/m4f/drivers_cc13x2x7.a(PowerCC26X2_calibrateRCOSC_helpers.c.obj)
                0x00005124                PowerCC26X2_writeRtrim
 .text.PowerCC26X2_setTdcClkSrc24M
                0x0000514c       0x40 C:/ti/simplelink_cc13xx_cc26xx_sdk_8_32_00_07/source/ti/drivers/lib/gcc/m4f/drivers_cc13x2x7.a(PowerCC26X2_calibrateRCOSC_helpers.c.obj)
                0x0000514c                PowerCC26X2_setTdcClkSrc24M
 .text.PowerCC26X2_setAclkRefSrc
                0x0000518c       0x44 C:/ti/simplelink_cc13xx_cc26xx_sdk_8_32_00_07/source/ti/drivers/lib/gcc/m4f/drivers_cc13x2x7.a(PowerCC26X2_calibrateRCOSC_helpers.c.obj)
                0x0000518c                PowerCC26X2_setAclkRefSrc
 .text.PowerCC26X2_oscCtlClearXtal
                0x000051d0       0x10 C:/ti/simplelink_cc13xx_cc26xx_sdk_8_32_00_07/source/ti/drivers/lib/gcc/m4f/drivers_cc13x2x7.a(PowerCC26X2_helpers.c.obj)
                0x000051d0                PowerCC26X2_oscCtlClearXtal
 .text.PowerCC26X2_prcmEnableCacheRetention
                0x000051e0       0x14 C:/ti/simplelink_cc13xx_cc26xx_sdk_8_32_00_07/source/ti/drivers/lib/gcc/m4f/drivers_cc13x2x7.a(PowerCC26X2_helpers.c.obj)
                0x000051e0                PowerCC26X2_prcmEnableCacheRetention
 .text.PowerCC26X2_oschfSwitchToRcosc
                0x000051f4        0x4 C:/ti/simplelink_cc13xx_cc26xx_sdk_8_32_00_07/source/ti/drivers/lib/gcc/m4f/drivers_cc13x2x7.a(PowerCC26X2_helpers.c.obj)
                0x000051f4                PowerCC26X2_oschfSwitchToRcosc
 .text.PowerCC26X2_oscClockSourceGet
                0x000051f8        0xc C:/ti/simplelink_cc13xx_cc26xx_sdk_8_32_00_07/source/ti/drivers/lib/gcc/m4f/drivers_cc13x2x7.a(PowerCC26X2_helpers.c.obj)
                0x000051f8                PowerCC26X2_oscClockSourceGet
 .text.PowerCC26X2_oscDisableQualifiers
                0x00005204       0x40 C:/ti/simplelink_cc13xx_cc26xx_sdk_8_32_00_07/source/ti/drivers/lib/gcc/m4f/drivers_cc13x2x7.a(PowerCC26X2_helpers.c.obj)
                0x00005204                PowerCC26X2_oscDisableQualifiers
 .text.PowerCC26X2_getOscHfSourceReady
                0x00005244       0x24 C:/ti/simplelink_cc13xx_cc26xx_sdk_8_32_00_07/source/ti/drivers/lib/gcc/m4f/drivers_cc13x2x7.a(PowerCC26X2_helpers.c.obj)
                0x00005244                PowerCC26X2_getOscHfSourceReady
 .text.PowerCC26X2_oschfTrySwitchToXosc
                0x00005268        0x8 C:/ti/simplelink_cc13xx_cc26xx_sdk_8_32_00_07/source/ti/drivers/lib/gcc/m4f/drivers_cc13x2x7.a(PowerCC26X2_helpers.c.obj)
                0x00005268                PowerCC26X2_oschfTrySwitchToXosc
 .text.PowerCC26X2_enableTCXOQual
                0x00005270       0x24 C:/ti/simplelink_cc13xx_cc26xx_sdk_8_32_00_07/source/ti/drivers/lib/gcc/m4f/drivers_cc13x2x7.a(PowerCC26X2_helpers.c.obj)
                0x00005270                PowerCC26X2_enableTCXOQual
 .text.PowerCC26X2_disableTCXOQual
                0x00005294       0x24 C:/ti/simplelink_cc13xx_cc26xx_sdk_8_32_00_07/source/ti/drivers/lib/gcc/m4f/drivers_cc13x2x7.a(PowerCC26X2_helpers.c.obj)
                0x00005294                PowerCC26X2_disableTCXOQual
 .text.PowerCC26X2_turnOnXosc
                0x000052b8        0x4 C:/ti/simplelink_cc13xx_cc26xx_sdk_8_32_00_07/source/ti/drivers/lib/gcc/m4f/drivers_cc13x2x7.a(PowerCC26X2_helpers.c.obj)
                0x000052b8                PowerCC26X2_turnOnXosc
 .text.PowerCC26X2_switchToTCXO
                0x000052bc       0x10 C:/ti/simplelink_cc13xx_cc26xx_sdk_8_32_00_07/source/ti/drivers/lib/gcc/m4f/drivers_cc13x2x7.a(PowerCC26X2_helpers.c.obj)
                0x000052bc                PowerCC26X2_switchToTCXO
 .text.PowerCC26X2_sysCtrlStandby
                0x000052cc        0xc C:/ti/simplelink_cc13xx_cc26xx_sdk_8_32_00_07/source/ti/drivers/lib/gcc/m4f/drivers_cc13x2x7.a(PowerCC26X2_helpers.c.obj)
                0x000052cc                PowerCC26X2_sysCtrlStandby
 .text.PowerCC26X2_sysCtrlIdle
                0x000052d8        0x4 C:/ti/simplelink_cc13xx_cc26xx_sdk_8_32_00_07/source/ti/drivers/lib/gcc/m4f/drivers_cc13x2x7.a(PowerCC26X2_helpers.c.obj)
                0x000052d8                PowerCC26X2_sysCtrlIdle
 .text.PowerCC26X2_setPeriphDeepSleepEnable
                0x000052dc        0xc C:/ti/simplelink_cc13xx_cc26xx_sdk_8_32_00_07/source/ti/drivers/lib/gcc/m4f/drivers_cc13x2x7.a(PowerCC26X2_helpers.c.obj)
                0x000052dc                PowerCC26X2_setPeriphDeepSleepEnable
 .text.PowerCC26X2_sysCtrlGetResetSource
                0x000052e8        0xc C:/ti/simplelink_cc13xx_cc26xx_sdk_8_32_00_07/source/ti/drivers/lib/gcc/m4f/drivers_cc13x2x7.a(PowerCC26X2_helpers.c.obj)
                0x000052e8                PowerCC26X2_sysCtrlGetResetSource
 .text.PowerCC26X2_setSubSecIncToXoscLf
                0x000052f4       0x34 C:/ti/simplelink_cc13xx_cc26xx_sdk_8_32_00_07/source/ti/drivers/lib/gcc/m4f/drivers_cc13x2x7.a(PowerCC26X2_helpers.c.obj)
                0x000052f4                PowerCC26X2_setSubSecIncToXoscLf
 .text.PowerCC26X2_sysCtrlUpdateVoltageRegulator
                0x00005328        0xc C:/ti/simplelink_cc13xx_cc26xx_sdk_8_32_00_07/source/ti/drivers/lib/gcc/m4f/drivers_cc13x2x7.a(PowerCC26X2_helpers.c.obj)
                0x00005328                PowerCC26X2_sysCtrlUpdateVoltageRegulator
 .text.RingBuf_construct
                0x00005334       0x18 C:/ti/simplelink_cc13xx_cc26xx_sdk_8_32_00_07/source/ti/drivers/lib/gcc/m4f/drivers_cc13x2x7.a(RingBuf.c.obj)
                0x00005334                RingBuf_construct
 .text.RingBuf_getConsume
                0x0000534c       0x30 C:/ti/simplelink_cc13xx_cc26xx_sdk_8_32_00_07/source/ti/drivers/lib/gcc/m4f/drivers_cc13x2x7.a(RingBuf.c.obj)
                0x0000534c                RingBuf_getConsume
 .text.RingBuf_getCount
                0x0000537c        0x4 C:/ti/simplelink_cc13xx_cc26xx_sdk_8_32_00_07/source/ti/drivers/lib/gcc/m4f/drivers_cc13x2x7.a(RingBuf.c.obj)
                0x0000537c                RingBuf_getCount
 .text.RingBuf_getPointer
                0x00005380       0x28 C:/ti/simplelink_cc13xx_cc26xx_sdk_8_32_00_07/source/ti/drivers/lib/gcc/m4f/drivers_cc13x2x7.a(RingBuf.c.obj)
                0x00005380                RingBuf_getPointer
 .text.RingBuf_put
                0x000053a8       0x48 C:/ti/simplelink_cc13xx_cc26xx_sdk_8_32_00_07/source/ti/drivers/lib/gcc/m4f/drivers_cc13x2x7.a(RingBuf.c.obj)
                0x000053a8                RingBuf_put
 .text.RingBuf_putAdvance
                0x000053f0       0x3c C:/ti/simplelink_cc13xx_cc26xx_sdk_8_32_00_07/source/ti/drivers/lib/gcc/m4f/drivers_cc13x2x7.a(RingBuf.c.obj)
                0x000053f0                RingBuf_putAdvance
 .text.RingBuf_putPointer
                0x0000542c       0x34 C:/ti/simplelink_cc13xx_cc26xx_sdk_8_32_00_07/source/ti/drivers/lib/gcc/m4f/drivers_cc13x2x7.a(RingBuf.c.obj)
                0x0000542c                RingBuf_putPointer
 .text.UDMACC26XX_hwiIntFxn
                0x00005460        0xc C:/ti/simplelink_cc13xx_cc26xx_sdk_8_32_00_07/source/ti/drivers/lib/gcc/m4f/drivers_cc13x2x7.a(UDMACC26XX.c.obj)
                0x00005460                UDMACC26XX_hwiIntFxn
 .text.UDMACC26XX_open
                0x0000546c       0x6c C:/ti/simplelink_cc13xx_cc26xx_sdk_8_32_00_07/source/ti/drivers/lib/gcc/m4f/drivers_cc13x2x7.a(UDMACC26XX.c.obj)
                0x0000546c                UDMACC26XX_open
 .text.NoRTOS_start
                0x000054d8        0x4 C:/ti/simplelink_cc13xx_cc26xx_sdk_8_32_00_07/kernel/nortos/lib/gcc/m4f/nortos_cc13x2x7.a(NoRTOS.c.obj)
                0x000054d8                NoRTOS_start
 .text.clkFxn   0x000054dc        0x4 C:/ti/simplelink_cc13xx_cc26xx_sdk_8_32_00_07/kernel/nortos/lib/gcc/m4f/nortos_cc13x2x7.a(SemaphoreP_nortos.c.obj)
                0x000054dc                clkFxn
 .text.SemaphoreP_construct
                0x000054e0       0x60 C:/ti/simplelink_cc13xx_cc26xx_sdk_8_32_00_07/kernel/nortos/lib/gcc/m4f/nortos_cc13x2x7.a(SemaphoreP_nortos.c.obj)
                0x000054e0                SemaphoreP_construct
 .text.SemaphoreP_constructBinary
                0x00005540       0x3c C:/ti/simplelink_cc13xx_cc26xx_sdk_8_32_00_07/kernel/nortos/lib/gcc/m4f/nortos_cc13x2x7.a(SemaphoreP_nortos.c.obj)
                0x00005540                SemaphoreP_constructBinary
 .text.SemaphoreP_destruct
                0x0000557c        0x4 C:/ti/simplelink_cc13xx_cc26xx_sdk_8_32_00_07/kernel/nortos/lib/gcc/m4f/nortos_cc13x2x7.a(SemaphoreP_nortos.c.obj)
                0x0000557c                SemaphoreP_destruct
 .text.SemaphoreP_pend
                0x00005580      0x100 C:/ti/simplelink_cc13xx_cc26xx_sdk_8_32_00_07/kernel/nortos/lib/gcc/m4f/nortos_cc13x2x7.a(SemaphoreP_nortos.c.obj)
                0x00005580                SemaphoreP_pend
 .text.SemaphoreP_post
                0x00005680       0x44 C:/ti/simplelink_cc13xx_cc26xx_sdk_8_32_00_07/kernel/nortos/lib/gcc/m4f/nortos_cc13x2x7.a(SemaphoreP_nortos.c.obj)
                0x00005680                SemaphoreP_post
 .text.SwiP_Params_init
                0x000056c4       0x10 C:/ti/simplelink_cc13xx_cc26xx_sdk_8_32_00_07/kernel/nortos/lib/gcc/m4f/nortos_cc13x2x7.a(SwiP_nortos.c.obj)
                0x000056c4                SwiP_Params_init
 .text.SwiP_construct
                0x000056d4      0x114 C:/ti/simplelink_cc13xx_cc26xx_sdk_8_32_00_07/kernel/nortos/lib/gcc/m4f/nortos_cc13x2x7.a(SwiP_nortos.c.obj)
                0x000056d4                SwiP_construct
 .text.SwiP_disable
                0x000057e8       0x1c C:/ti/simplelink_cc13xx_cc26xx_sdk_8_32_00_07/kernel/nortos/lib/gcc/m4f/nortos_cc13x2x7.a(SwiP_nortos.c.obj)
                0x000057e8                SwiP_disable
 .text.SwiP_dispatch
                0x00005804       0xd4 C:/ti/simplelink_cc13xx_cc26xx_sdk_8_32_00_07/kernel/nortos/lib/gcc/m4f/nortos_cc13x2x7.a(SwiP_nortos.c.obj)
                0x00005804                SwiP_dispatch
 .text.SwiP_handleHwi
                0x000058d8       0x18 C:/ti/simplelink_cc13xx_cc26xx_sdk_8_32_00_07/kernel/nortos/lib/gcc/m4f/nortos_cc13x2x7.a(SwiP_nortos.c.obj)
 .text.SwiP_getTrigger
                0x000058f0        0xc C:/ti/simplelink_cc13xx_cc26xx_sdk_8_32_00_07/kernel/nortos/lib/gcc/m4f/nortos_cc13x2x7.a(SwiP_nortos.c.obj)
                0x000058f0                SwiP_getTrigger
 .text.SwiP_or  0x000058fc       0x80 C:/ti/simplelink_cc13xx_cc26xx_sdk_8_32_00_07/kernel/nortos/lib/gcc/m4f/nortos_cc13x2x7.a(SwiP_nortos.c.obj)
                0x000058fc                SwiP_or
 .text.SwiP_post
                0x0000597c       0x70 C:/ti/simplelink_cc13xx_cc26xx_sdk_8_32_00_07/kernel/nortos/lib/gcc/m4f/nortos_cc13x2x7.a(SwiP_nortos.c.obj)
                0x0000597c                SwiP_post
 .text.SwiP_restore
                0x000059ec       0x48 C:/ti/simplelink_cc13xx_cc26xx_sdk_8_32_00_07/kernel/nortos/lib/gcc/m4f/nortos_cc13x2x7.a(SwiP_nortos.c.obj)
                0x000059ec                SwiP_restore
 .text.ClockP_doTick
                0x00005a34        0xc C:/ti/simplelink_cc13xx_cc26xx_sdk_8_32_00_07/kernel/nortos/lib/gcc/m4f/nortos_cc13x2x7.a(ClockPTimer_nortos.c.obj)
                0x00005a34                ClockP_doTick
 .text.ClockP_startup.part.0
                0x00005a40       0x84 C:/ti/simplelink_cc13xx_cc26xx_sdk_8_32_00_07/kernel/nortos/lib/gcc/m4f/nortos_cc13x2x7.a(ClockPTimer_nortos.c.obj)
 .text.ClockP_workFuncDynamic
                0x00005ac4      0x154 C:/ti/simplelink_cc13xx_cc26xx_sdk_8_32_00_07/kernel/nortos/lib/gcc/m4f/nortos_cc13x2x7.a(ClockPTimer_nortos.c.obj)
                0x00005ac4                ClockP_workFuncDynamic
 .text.ClockP_Params_init
                0x00005c18       0x10 C:/ti/simplelink_cc13xx_cc26xx_sdk_8_32_00_07/kernel/nortos/lib/gcc/m4f/nortos_cc13x2x7.a(ClockPTimer_nortos.c.obj)
                0x00005c18                ClockP_Params_init
 .text.ClockP_startup
                0x00005c28       0x10 C:/ti/simplelink_cc13xx_cc26xx_sdk_8_32_00_07/kernel/nortos/lib/gcc/m4f/nortos_cc13x2x7.a(ClockPTimer_nortos.c.obj)
                0x00005c28                ClockP_startup
 .text.ClockP_getTicksUntilInterrupt
                0x00005c38       0x30 C:/ti/simplelink_cc13xx_cc26xx_sdk_8_32_00_07/kernel/nortos/lib/gcc/m4f/nortos_cc13x2x7.a(ClockPTimer_nortos.c.obj)
                0x00005c38                ClockP_getTicksUntilInterrupt
 .text.ClockP_add
                0x00005c68       0x24 C:/ti/simplelink_cc13xx_cc26xx_sdk_8_32_00_07/kernel/nortos/lib/gcc/m4f/nortos_cc13x2x7.a(ClockPTimer_nortos.c.obj)
                0x00005c68                ClockP_add
 .text.ClockP_destruct
                0x00005c8c       0x1c C:/ti/simplelink_cc13xx_cc26xx_sdk_8_32_00_07/kernel/nortos/lib/gcc/m4f/nortos_cc13x2x7.a(ClockPTimer_nortos.c.obj)
                0x00005c8c                ClockP_destruct
 .text.ClockP_start
                0x00005ca8       0x98 C:/ti/simplelink_cc13xx_cc26xx_sdk_8_32_00_07/kernel/nortos/lib/gcc/m4f/nortos_cc13x2x7.a(ClockPTimer_nortos.c.obj)
                0x00005ca8                ClockP_start
 .text.ClockP_construct
                0x00005d40       0x58 C:/ti/simplelink_cc13xx_cc26xx_sdk_8_32_00_07/kernel/nortos/lib/gcc/m4f/nortos_cc13x2x7.a(ClockPTimer_nortos.c.obj)
                0x00005d40                ClockP_construct
 .text.ClockP_stop
                0x00005d98        0x8 C:/ti/simplelink_cc13xx_cc26xx_sdk_8_32_00_07/kernel/nortos/lib/gcc/m4f/nortos_cc13x2x7.a(ClockPTimer_nortos.c.obj)
                0x00005d98                ClockP_stop
 .text.ClockP_setTimeout
                0x00005da0        0x4 C:/ti/simplelink_cc13xx_cc26xx_sdk_8_32_00_07/kernel/nortos/lib/gcc/m4f/nortos_cc13x2x7.a(ClockPTimer_nortos.c.obj)
                0x00005da0                ClockP_setTimeout
 .text.ClockP_getTimeout
                0x00005da4       0x30 C:/ti/simplelink_cc13xx_cc26xx_sdk_8_32_00_07/kernel/nortos/lib/gcc/m4f/nortos_cc13x2x7.a(ClockPTimer_nortos.c.obj)
                0x00005da4                ClockP_getTimeout
 .text.ClockP_isActive
                0x00005dd4        0x4 C:/ti/simplelink_cc13xx_cc26xx_sdk_8_32_00_07/kernel/nortos/lib/gcc/m4f/nortos_cc13x2x7.a(ClockPTimer_nortos.c.obj)
                0x00005dd4                ClockP_isActive
 .text.ClockP_getCpuFreq
                0x00005dd8       0x10 C:/ti/simplelink_cc13xx_cc26xx_sdk_8_32_00_07/kernel/nortos/lib/gcc/m4f/nortos_cc13x2x7.a(ClockPTimer_nortos.c.obj)
                0x00005dd8                ClockP_getCpuFreq
 .text.ClockP_getSystemTickPeriod
                0x00005de8        0xc C:/ti/simplelink_cc13xx_cc26xx_sdk_8_32_00_07/kernel/nortos/lib/gcc/m4f/nortos_cc13x2x7.a(ClockPTimer_nortos.c.obj)
                0x00005de8                ClockP_getSystemTickPeriod
 .text.ClockP_getSystemTicks
                0x00005df4       0x34 C:/ti/simplelink_cc13xx_cc26xx_sdk_8_32_00_07/kernel/nortos/lib/gcc/m4f/nortos_cc13x2x7.a(ClockPTimer_nortos.c.obj)
                0x00005df4                ClockP_getSystemTicks
 .text.ClockP_usleep
                0x00005e28       0x8c C:/ti/simplelink_cc13xx_cc26xx_sdk_8_32_00_07/kernel/nortos/lib/gcc/m4f/nortos_cc13x2x7.a(ClockPTimer_nortos.c.obj)
                0x00005e28                ClockP_usleep
 .text.QueueP_init
                0x00005eb4        0x8 C:/ti/simplelink_cc13xx_cc26xx_sdk_8_32_00_07/kernel/nortos/lib/gcc/m4f/nortos_cc13x2x7.a(QueueP_nortos.c.obj)
                0x00005eb4                QueueP_init
 .text.QueueP_empty
                0x00005ebc        0xc C:/ti/simplelink_cc13xx_cc26xx_sdk_8_32_00_07/kernel/nortos/lib/gcc/m4f/nortos_cc13x2x7.a(QueueP_nortos.c.obj)
                0x00005ebc                QueueP_empty
 .text.QueueP_get
                0x00005ec8       0x1c C:/ti/simplelink_cc13xx_cc26xx_sdk_8_32_00_07/kernel/nortos/lib/gcc/m4f/nortos_cc13x2x7.a(QueueP_nortos.c.obj)
                0x00005ec8                QueueP_get
 .text.QueueP_head
                0x00005ee4        0x4 C:/ti/simplelink_cc13xx_cc26xx_sdk_8_32_00_07/kernel/nortos/lib/gcc/m4f/nortos_cc13x2x7.a(QueueP_nortos.c.obj)
                0x00005ee4                QueueP_head
 .text.QueueP_next
                0x00005ee8        0x4 C:/ti/simplelink_cc13xx_cc26xx_sdk_8_32_00_07/kernel/nortos/lib/gcc/m4f/nortos_cc13x2x7.a(QueueP_nortos.c.obj)
                0x00005ee8                QueueP_next
 .text.QueueP_put
                0x00005eec       0x20 C:/ti/simplelink_cc13xx_cc26xx_sdk_8_32_00_07/kernel/nortos/lib/gcc/m4f/nortos_cc13x2x7.a(QueueP_nortos.c.obj)
                0x00005eec                QueueP_put
 .text.QueueP_remove
                0x00005f0c       0x10 C:/ti/simplelink_cc13xx_cc26xx_sdk_8_32_00_07/kernel/nortos/lib/gcc/m4f/nortos_cc13x2x7.a(QueueP_nortos.c.obj)
                0x00005f0c                QueueP_remove
 .text.HwiP_dispatch
                0x00005f1c       0x1c C:/ti/simplelink_cc13xx_cc26xx_sdk_8_32_00_07/kernel/nortos/lib/gcc/m4f/nortos_cc13x2x7.a(HwiPCC26XX_nortos.c.obj)
 .text.HwiP_enable
                0x00005f38        0x4 C:/ti/simplelink_cc13xx_cc26xx_sdk_8_32_00_07/kernel/nortos/lib/gcc/m4f/nortos_cc13x2x7.a(HwiPCC26XX_nortos.c.obj)
                0x00005f38                HwiP_enable
 .text.HwiP_disable
                0x00005f3c       0x10 C:/ti/simplelink_cc13xx_cc26xx_sdk_8_32_00_07/kernel/nortos/lib/gcc/m4f/nortos_cc13x2x7.a(HwiPCC26XX_nortos.c.obj)
                0x00005f3c                HwiP_disable
 .text.HwiP_restore
                0x00005f4c        0x8 C:/ti/simplelink_cc13xx_cc26xx_sdk_8_32_00_07/kernel/nortos/lib/gcc/m4f/nortos_cc13x2x7.a(HwiPCC26XX_nortos.c.obj)
                0x00005f4c                HwiP_restore
 .text.HwiP_enableInterrupt
                0x00005f54        0xc C:/ti/simplelink_cc13xx_cc26xx_sdk_8_32_00_07/kernel/nortos/lib/gcc/m4f/nortos_cc13x2x7.a(HwiPCC26XX_nortos.c.obj)
                0x00005f54                HwiP_enableInterrupt
 .text.HwiP_interruptsEnabled
                0x00005f60       0x10 C:/ti/simplelink_cc13xx_cc26xx_sdk_8_32_00_07/kernel/nortos/lib/gcc/m4f/nortos_cc13x2x7.a(HwiPCC26XX_nortos.c.obj)
                0x00005f60                HwiP_interruptsEnabled
 .text.HwiP_construct
                0x00005f70       0x88 C:/ti/simplelink_cc13xx_cc26xx_sdk_8_32_00_07/kernel/nortos/lib/gcc/m4f/nortos_cc13x2x7.a(HwiPCC26XX_nortos.c.obj)
                0x00005f70                HwiP_construct
 .text.HwiP_Params_init
                0x00005ff8       0x14 C:/ti/simplelink_cc13xx_cc26xx_sdk_8_32_00_07/kernel/nortos/lib/gcc/m4f/nortos_cc13x2x7.a(HwiPCC26XX_nortos.c.obj)
                0x00005ff8                HwiP_Params_init
 .text.HwiP_setFunc
                0x0000600c       0x1c C:/ti/simplelink_cc13xx_cc26xx_sdk_8_32_00_07/kernel/nortos/lib/gcc/m4f/nortos_cc13x2x7.a(HwiPCC26XX_nortos.c.obj)
                0x0000600c                HwiP_setFunc
 .text.HwiP_post
                0x00006028        0xc C:/ti/simplelink_cc13xx_cc26xx_sdk_8_32_00_07/kernel/nortos/lib/gcc/m4f/nortos_cc13x2x7.a(HwiPCC26XX_nortos.c.obj)
                0x00006028                HwiP_post
 .text.HwiP_inISR
                0x00006034       0x14 C:/ti/simplelink_cc13xx_cc26xx_sdk_8_32_00_07/kernel/nortos/lib/gcc/m4f/nortos_cc13x2x7.a(HwiPCC26XX_nortos.c.obj)
                0x00006034                HwiP_inISR
 .text.PowerCC26XX_standbyPolicy
                0x00006048       0xf0 C:/ti/simplelink_cc13xx_cc26xx_sdk_8_32_00_07/kernel/nortos/lib/gcc/m4f/nortos_cc13x2x7.a(PowerCC26X2_nortos.c.obj)
                0x00006048                PowerCC26XX_standbyPolicy
 .text.PowerCC26XX_schedulerDisable
                0x00006138       0x10 C:/ti/simplelink_cc13xx_cc26xx_sdk_8_32_00_07/kernel/nortos/lib/gcc/m4f/nortos_cc13x2x7.a(PowerCC26X2_nortos.c.obj)
                0x00006138                PowerCC26XX_schedulerDisable
 .text.PowerCC26XX_schedulerRestore
                0x00006148        0xc C:/ti/simplelink_cc13xx_cc26xx_sdk_8_32_00_07/kernel/nortos/lib/gcc/m4f/nortos_cc13x2x7.a(PowerCC26X2_nortos.c.obj)
                0x00006148                PowerCC26XX_schedulerRestore
 .text.TimerP_dynamicStub
                0x00006154       0x20 C:/ti/simplelink_cc13xx_cc26xx_sdk_8_32_00_07/kernel/nortos/lib/gcc/m4f/nortos_cc13x2x7.a(TimerPCC26XX_nortos.c.obj)
                0x00006154                TimerP_dynamicStub
 .text.TimerP_Params_init
                0x00006174       0x10 C:/ti/simplelink_cc13xx_cc26xx_sdk_8_32_00_07/kernel/nortos/lib/gcc/m4f/nortos_cc13x2x7.a(TimerPCC26XX_nortos.c.obj)
                0x00006174                TimerP_Params_init
 .text.TimerP_construct
                0x00006184       0xf8 C:/ti/simplelink_cc13xx_cc26xx_sdk_8_32_00_07/kernel/nortos/lib/gcc/m4f/nortos_cc13x2x7.a(TimerPCC26XX_nortos.c.obj)
                0x00006184                TimerP_construct
 .text.TimerP_getMaxTicks
                0x0000627c       0x1c C:/ti/simplelink_cc13xx_cc26xx_sdk_8_32_00_07/kernel/nortos/lib/gcc/m4f/nortos_cc13x2x7.a(TimerPCC26XX_nortos.c.obj)
                0x0000627c                TimerP_getMaxTicks
 .text.TimerP_setNextTick
                0x00006298       0x54 C:/ti/simplelink_cc13xx_cc26xx_sdk_8_32_00_07/kernel/nortos/lib/gcc/m4f/nortos_cc13x2x7.a(TimerPCC26XX_nortos.c.obj)
                0x00006298                TimerP_setNextTick
 .text.TimerP_getCount64
                0x000062ec        0xc C:/ti/simplelink_cc13xx_cc26xx_sdk_8_32_00_07/kernel/nortos/lib/gcc/m4f/nortos_cc13x2x7.a(TimerPCC26XX_nortos.c.obj)
                0x000062ec                TimerP_getCount64
 .text.TimerP_getCurrentTick
                0x000062f8       0x38 C:/ti/simplelink_cc13xx_cc26xx_sdk_8_32_00_07/kernel/nortos/lib/gcc/m4f/nortos_cc13x2x7.a(TimerPCC26XX_nortos.c.obj)
                0x000062f8                TimerP_getCurrentTick
 .text.NOROM_ChipInfo_GetChipType
                0x00006330       0x58 C:/ti/simplelink_cc13xx_cc26xx_sdk_8_32_00_07/source/ti/devices/cc13x2x7_cc26x2x7/driverlib/bin/gcc/driverlib.lib(chipinfo.c.obj)
                0x00006330                NOROM_ChipInfo_GetChipType
 .text.NOROM_ThisLibraryIsFor_CC13x2x7_CC26x2x7_HaltIfViolated
                0x00006388       0x1c C:/ti/simplelink_cc13xx_cc26xx_sdk_8_32_00_07/source/ti/devices/cc13x2x7_cc26x2x7/driverlib/bin/gcc/driverlib.lib(chipinfo.c.obj)
                0x00006388                NOROM_ThisLibraryIsFor_CC13x2x7_CC26x2x7_HaltIfViolated
 .text.NOROM_CPUcpsid
                0x000063a4        0x8 C:/ti/simplelink_cc13xx_cc26xx_sdk_8_32_00_07/source/ti/devices/cc13x2x7_cc26x2x7/driverlib/bin/gcc/driverlib.lib(cpu.c.obj)
                0x000063a4                NOROM_CPUcpsid
 .text.NOROM_CPUprimask
                0x000063ac        0x8 C:/ti/simplelink_cc13xx_cc26xx_sdk_8_32_00_07/source/ti/devices/cc13x2x7_cc26x2x7/driverlib/bin/gcc/driverlib.lib(cpu.c.obj)
                0x000063ac                NOROM_CPUprimask
 .text.NOROM_CPUcpsie
                0x000063b4        0x8 C:/ti/simplelink_cc13xx_cc26xx_sdk_8_32_00_07/source/ti/devices/cc13x2x7_cc26x2x7/driverlib/bin/gcc/driverlib.lib(cpu.c.obj)
                0x000063b4                NOROM_CPUcpsie
 .text.NOROM_CPUdelay
                0x000063bc        0x8 C:/ti/simplelink_cc13xx_cc26xx_sdk_8_32_00_07/source/ti/devices/cc13x2x7_cc26x2x7/driverlib/bin/gcc/driverlib.lib(cpu.c.obj)
                0x000063bc                NOROM_CPUdelay
 .text.NOROM_IntRegister
                0x000063c4       0x40 C:/ti/simplelink_cc13xx_cc26xx_sdk_8_32_00_07/source/ti/devices/cc13x2x7_cc26x2x7/driverlib/bin/gcc/driverlib.lib(interrupt.c.obj)
                0x000063c4                NOROM_IntRegister
 .text.NOROM_OSCHF_TurnOnXosc
                0x00006404       0x24 C:/ti/simplelink_cc13xx_cc26xx_sdk_8_32_00_07/source/ti/devices/cc13x2x7_cc26x2x7/driverlib/bin/gcc/driverlib.lib(osc.c.obj)
                0x00006404                NOROM_OSCHF_TurnOnXosc
 .text.NOROM_OSCHF_AttemptToSwitchToXosc
                0x00006428       0x88 C:/ti/simplelink_cc13xx_cc26xx_sdk_8_32_00_07/source/ti/devices/cc13x2x7_cc26x2x7/driverlib/bin/gcc/driverlib.lib(osc.c.obj)
                0x00006428                NOROM_OSCHF_AttemptToSwitchToXosc
 .text.NOROM_OSCHF_SwitchToRcOscTurnOffXosc
                0x000064b0       0x6c C:/ti/simplelink_cc13xx_cc26xx_sdk_8_32_00_07/source/ti/devices/cc13x2x7_cc26x2x7/driverlib/bin/gcc/driverlib.lib(osc.c.obj)
                0x000064b0                NOROM_OSCHF_SwitchToRcOscTurnOffXosc
 .text.NOROM_OSC_HPOSCRelativeFrequencyOffsetGet
                0x0000651c       0x40 C:/ti/simplelink_cc13xx_cc26xx_sdk_8_32_00_07/source/ti/devices/cc13x2x7_cc26x2x7/driverlib/bin/gcc/driverlib.lib(osc.c.obj)
                0x0000651c                NOROM_OSC_HPOSCRelativeFrequencyOffsetGet
 .text.NOROM_PRCMPowerDomainsAllOff
                0x0000655c       0x58 C:/ti/simplelink_cc13xx_cc26xx_sdk_8_32_00_07/source/ti/devices/cc13x2x7_cc26x2x7/driverlib/bin/gcc/driverlib.lib(prcm.c.obj)
                0x0000655c                NOROM_PRCMPowerDomainsAllOff
 .text.NOROM_PRCMPowerDomainsAllOn
                0x000065b4       0x40 C:/ti/simplelink_cc13xx_cc26xx_sdk_8_32_00_07/source/ti/devices/cc13x2x7_cc26x2x7/driverlib/bin/gcc/driverlib.lib(prcm.c.obj)
                0x000065b4                NOROM_PRCMPowerDomainsAllOn
 .text.TrimAfterColdResetWakeupFromShutDown
                0x000065f4       0xd4 C:/ti/simplelink_cc13xx_cc26xx_sdk_8_32_00_07/source/ti/devices/cc13x2x7_cc26x2x7/driverlib/bin/gcc/driverlib.lib(setup.c.obj)
 .text.NOROM_SetupTrimDevice
                0x000066c8       0xe8 C:/ti/simplelink_cc13xx_cc26xx_sdk_8_32_00_07/source/ti/devices/cc13x2x7_cc26x2x7/driverlib/bin/gcc/driverlib.lib(setup.c.obj)
                0x000066c8                NOROM_SetupTrimDevice
 .text.NOROM_SysCtrlIdle
                0x000067b0       0x3c C:/ti/simplelink_cc13xx_cc26xx_sdk_8_32_00_07/source/ti/devices/cc13x2x7_cc26x2x7/driverlib/bin/gcc/driverlib.lib(sys_ctrl.c.obj)
                0x000067b0                NOROM_SysCtrlIdle
 .text.NOROM_SysCtrlStandby
                0x000067ec      0x10c C:/ti/simplelink_cc13xx_cc26xx_sdk_8_32_00_07/source/ti/devices/cc13x2x7_cc26x2x7/driverlib/bin/gcc/driverlib.lib(sys_ctrl.c.obj)
                0x000067ec                NOROM_SysCtrlStandby
 .text.NOROM_AUXSYSIFOpModeChange
                0x000068f8       0x38 C:/ti/simplelink_cc13xx_cc26xx_sdk_8_32_00_07/source/ti/devices/cc13x2x7_cc26x2x7/driverlib/bin/gcc/driverlib.lib(aux_sysif.c.obj)
                0x000068f8                NOROM_AUXSYSIFOpModeChange
 .text.__udivmoddi4
                0x00006930      0x320 C:/Program Files/Arm/GNU Toolchain mingw-w64-x86_64-arm-none-eabi/bin/../lib/gcc/arm-none-eabi/15.2.1/thumb/v7e-m+fp/hard\libgcc.a(_udivmoddi4.o)
                0x00006930                __udivmoddi4
 .text.atoi     0x00006c50        0x8 C:/Program Files/Arm/GNU Toolchain mingw-w64-x86_64-arm-none-eabi/bin/../lib/gcc/arm-none-eabi/15.2.1/../../../../arm-none-eabi/lib/thumb/v7e-m+fp/hard\libc_nano.a(libc_a-atoi.o)
                0x00006c50                atoi
 .text.sbrk_aligned
                0x00006c58       0x44 C:/Program Files/Arm/GNU Toolchain mingw-w64-x86_64-arm-none-eabi/bin/../lib/gcc/arm-none-eabi/15.2.1/../../../../arm-none-eabi/lib/thumb/v7e-m+fp/hard\libc_nano.a(libc_a-mallocr.o)
 .text._malloc_r
                0x00006c9c       0xf8 C:/Program Files/Arm/GNU Toolchain mingw-w64-x86_64-arm-none-eabi/bin/../lib/gcc/arm-none-eabi/15.2.1/../../../../arm-none-eabi/lib/thumb/v7e-m+fp/hard\libc_nano.a(libc_a-mallocr.o)
                0x00006c9c                _malloc_r
 .text.__malloc_lock
                0x00006d94        0xc C:/Program Files/Arm/GNU Toolchain mingw-w64-x86_64-arm-none-eabi/bin/../lib/gcc/arm-none-eabi/15.2.1/../../../../arm-none-eabi/lib/thumb/v7e-m+fp/hard\libc_nano.a(libc_a-mlock.o)
                0x00006d94                __malloc_lock
 .text.__malloc_unlock
                0x00006da0        0xc C:/Program Files/Arm/GNU Toolchain mingw-w64-x86_64-arm-none-eabi/bin/../lib/gcc/arm-none-eabi/15.2.1/../../../../arm-none-eabi/lib/thumb/v7e-m+fp/hard\libc_nano.a(libc_a-mlock.o)
                0x00006da0                __malloc_unlock
 .text._strtol_l.isra.0
                0x00006dac       0xf4 C:/Program Files/Arm/GNU Toolchain mingw-w64-x86_64-arm-none-eabi/bin/../lib/gcc/arm-none-eabi/15.2.1/../../../../arm-none-eabi/lib/thumb/v7e-m+fp/hard\libc_nano.a(libc_a-strtol.o)
 .text.strtol   0x00006ea0       0x14 C:/Program Files/Arm/GNU Toolchain mingw-w64-x86_64-arm-none-eabi/bin/../lib/gcc/arm-none-eabi/15.2.1/../../../../arm-none-eabi/lib/thumb/v7e-m+fp/hard\libc_nano.a(libc_a-strtol.o)
                0x00006ea0                strtol
 .text._vsnprintf_r
                0x00006eb4       0x50 C:/Program Files/Arm/GNU Toolchain mingw-w64-x86_64-arm-none-eabi/bin/../lib/gcc/arm-none-eabi/15.2.1/../../../../arm-none-eabi/lib/thumb/v7e-m+fp/hard\libc_nano.a(libc_a-vsnprintf.o)
                0x00006eb4                _vsniprintf_r
                0x00006eb4                _vsnprintf_r
 .text.vsnprintf
                0x00006f04       0x1c C:/Program Files/Arm/GNU Toolchain mingw-w64-x86_64-arm-none-eabi/bin/../lib/gcc/arm-none-eabi/15.2.1/../../../../arm-none-eabi/lib/thumb/v7e-m+fp/hard\libc_nano.a(libc_a-vsnprintf.o)
                0x00006f04                vsniprintf
                0x00006f04                vsnprintf
 .text.memset   0x00006f20       0x10 C:/Program Files/Arm/GNU Toolchain mingw-w64-x86_64-arm-none-eabi/bin/../lib/gcc/arm-none-eabi/15.2.1/../../../../arm-none-eabi/lib/thumb/v7e-m+fp/hard\libc_nano.a(libc_a-memset.o)
                0x00006f20                memset
 .text.strchr   0x00006f30       0x1c C:/Program Files/Arm/GNU Toolchain mingw-w64-x86_64-arm-none-eabi/bin/../lib/gcc/arm-none-eabi/15.2.1/../../../../arm-none-eabi/lib/thumb/v7e-m+fp/hard\libc_nano.a(libc_a-strchr.o)
                0x00006f30                strchr
 .text.strncmp  0x00006f4c       0x24 C:/Program Files/Arm/GNU Toolchain mingw-w64-x86_64-arm-none-eabi/bin/../lib/gcc/arm-none-eabi/15.2.1/../../../../arm-none-eabi/lib/thumb/v7e-m+fp/hard\libc_nano.a(libc_a-strncmp.o)
                0x00006f4c                strncmp
 .text._sbrk_r  0x00006f70       0x20 C:/Program Files/Arm/GNU Toolchain mingw-w64-x86_64-arm-none-eabi/bin/../lib/gcc/arm-none-eabi/15.2.1/../../../../arm-none-eabi/lib/thumb/v7e-m+fp/hard\libc_nano.a(libc_a-sbrkr.o)
                0x00006f70                _sbrk_r
 .text.__errno  0x00006f90        0xc C:/Program Files/Arm/GNU Toolchain mingw-w64-x86_64-arm-none-eabi/bin/../lib/gcc/arm-none-eabi/15.2.1/../../../../arm-none-eabi/lib/thumb/v7e-m+fp/hard\libc_nano.a(libc_a-errno.o)
                0x00006f90                __errno
 .text.__retarget_lock_acquire_recursive
                0x00006f9c        0x2 C:/Program Files/Arm/GNU Toolchain mingw-w64-x86_64-arm-none-eabi/bin/../lib/gcc/arm-none-eabi/15.2.1/../../../../arm-none-eabi/lib/thumb/v7e-m+fp/hard\libc_nano.a(libc_a-lock.o)
                0x00006f9c                __retarget_lock_acquire_recursive
 .text.__retarget_lock_release_recursive
                0x00006f9e        0x2 C:/Program Files/Arm/GNU Toolchain mingw-w64-x86_64-arm-none-eabi/bin/../lib/gcc/arm-none-eabi/15.2.1/../../../../arm-none-eabi/lib/thumb/v7e-m+fp/hard\libc_nano.a(libc_a-lock.o)
                0x00006f9e                __retarget_lock_release_recursive
 .text.memcpy   0x00006fa0       0x1c C:/Program Files/Arm/GNU Toolchain mingw-w64-x86_64-arm-none-eabi/bin/../lib/gcc/arm-none-eabi/15.2.1/../../../../arm-none-eabi/lib/thumb/v7e-m+fp/hard\libc_nano.a(libc_a-memcpy-stub.o)
                0x00006fa0                memcpy
 .text._free_r  0x00006fbc       0x98 C:/Program Files/Arm/GNU Toolchain mingw-w64-x86_64-arm-none-eabi/bin/../lib/gcc/arm-none-eabi/15.2.1/../../../../arm-none-eabi/lib/thumb/v7e-m+fp/hard\libc_nano.a(libc_a-freer.o)
                0x00006fbc                _free_r
 .text.__ssputs_r
                0x00007054       0xc0 C:/Program Files/Arm/GNU Toolchain mingw-w64-x86_64-arm-none-eabi/bin/../lib/gcc/arm-none-eabi/15.2.1/../../../../arm-none-eabi/lib/thumb/v7e-m+fp/hard\libc_nano.a(libc_a-nano-svfprintf.o)
                0x00007054                __ssputs_r
 .text._svfprintf_r
                0x00007114      0x1f0 C:/Program Files/Arm/GNU Toolchain mingw-w64-x86_64-arm-none-eabi/bin/../lib/gcc/arm-none-eabi/15.2.1/../../../../arm-none-eabi/lib/thumb/v7e-m+fp/hard\libc_nano.a(libc_a-nano-svfprintf.o)
                0x00007114                _svfiprintf_r
                0x00007114                _svfprintf_r
 .text._printf_common
                0x00007304       0xea C:/Program Files/Arm/GNU Toolchain mingw-w64-x86_64-arm-none-eabi/bin/../lib/gcc/arm-none-eabi/15.2.1/../../../../arm-none-eabi/lib/thumb/v7e-m+fp/hard\libc_nano.a(libc_a-nano-vfprintf_i.o)
                0x00007304                _printf_common
 *fill*         0x000073ee        0x2 
 .text._printf_i
                0x000073f0      0x254 C:/Program Files/Arm/GNU Toolchain mingw-w64-x86_64-arm-none-eabi/bin/../lib/gcc/arm-none-eabi/15.2.1/../../../../arm-none-eabi/lib/thumb/v7e-m+fp/hard\libc_nano.a(libc_a-nano-vfprintf_i.o)
                0x000073f0                _printf_i
 .text.memmove  0x00007644       0x32 C:/Program Files/Arm/GNU Toolchain mingw-w64-x86_64-arm-none-eabi/bin/../lib/gcc/arm-none-eabi/15.2.1/../../../../arm-none-eabi/lib/thumb/v7e-m+fp/hard\libc_nano.a(libc_a-memmove.o)
                0x00007644                memmove
 .text._realloc_r
                0x00007676       0x5c C:/Program Files/Arm/GNU Toolchain mingw-w64-x86_64-arm-none-eabi/bin/../lib/gcc/arm-none-eabi/15.2.1/../../../../arm-none-eabi/lib/thumb/v7e-m+fp/hard\libc_nano.a(libc_a-reallocr.o)
                0x00007676                _realloc_r
 .text._malloc_usable_size_r
                0x000076d2       0x10 C:/Program Files/Arm/GNU Toolchain mingw-w64-x86_64-arm-none-eabi/bin/../lib/gcc/arm-none-eabi/15.2.1/../../../../arm-none-eabi/lib/thumb/v7e-m+fp/hard\libc_nano.a(libc_a-msizer.o)
                0x000076d2                _malloc_usable_size_r
 *fill*         0x000076e2        0x2 
 .text._sbrk    0x000076e4       0x1c C:/Program Files/Arm/GNU Toolchain mingw-w64-x86_64-arm-none-eabi/bin/../lib/gcc/arm-none-eabi/15.2.1/../../../../arm-none-eabi/lib/thumb/v7e-m+fp/hard\libnosys.a(sbrk.o)
                0x000076e4                _sbrk
                0x00007700                        . = ALIGN (0x4)
 *(.ctors)
                0x00007700                        . = ALIGN (0x4)
 *(.dtors)
                0x00007700                        . = ALIGN (0x4)
                0x00007700                        __init_array_start = .
 *(.init_array*)
                0x00007700                        __init_array_end = .
 *(.init)
 *(.fini*)
                [!provide]                        PROVIDE (__etext = .)
                [!provide]                        PROVIDE (_etext = .)
                [!provide]                        PROVIDE (etext = .)

.glue_7         0x00007700        0x0
 .glue_7        0x00007700        0x0 linker stubs

.glue_7t        0x00007700        0x0
 .glue_7t       0x00007700        0x0 linker stubs

.vfp11_veneer   0x00007700        0x0
 .vfp11_veneer  0x00007700        0x0 linker stubs

.v4_bx          0x00007700        0x0
 .v4_bx         0x00007700        0x0 linker stubs

.iplt           0x00007700        0x0
 .iplt          0x00007700        0x0 CMakeFiles/nrf24_sniffer.dir/nrf24_sniffer.c.obj

.rodata         0x00007700      0xcc5
 *(.rodata)
 .rodata        0x00007700      0x300 CMakeFiles/nrf24_sniffer.dir/nrf24_sniffer.c.obj
 *(.rodata.*)
 .rodata.process_and_report.str1.1
                0x00007a00      0x417 CMakeFiles/nrf24_sniffer.dir/nrf24_sniffer.c.obj
                                 0xa3 (size before relaxing)
 .rodata.handle_command.str1.1
                0x00007e17        0x0 CMakeFiles/nrf24_sniffer.dir/nrf24_sniffer.c.obj
                                0x278 (size before relaxing)
 .rodata.main.str1.1
                0x00007e17        0x0 CMakeFiles/nrf24_sniffer.dir/nrf24_sniffer.c.obj
                                 0xdc (size before relaxing)
 .rodata.hex.0  0x00007e17       0x11 CMakeFiles/nrf24_sniffer.dir/nrf24_sniffer.c.obj
 .rodata.crc_types.1
                0x00007e28        0x2 CMakeFiles/nrf24_sniffer.dir/nrf24_sniffer.c.obj
 .rodata.addr_widths.2
                0x00007e2a        0x3 CMakeFiles/nrf24_sniffer.dir/nrf24_sniffer.c.obj
 .rodata.UART2_count
                0x00007e2d        0x1 CMakeFiles/nrf24_sniffer.dir/syscfg/ti_drivers_config.c.obj
                0x00007e2d                UART2_count
 *fill*         0x00007e2e        0x2 
 .rodata.UART2_config
                0x00007e30        0x8 CMakeFiles/nrf24_sniffer.dir/syscfg/ti_drivers_config.c.obj
                0x00007e30                UART2_config
 .rodata.uart2CC26X2HWAttrs
                0x00007e38       0x58 CMakeFiles/nrf24_sniffer.dir/syscfg/ti_drivers_config.c.obj
 .rodata.RFCC26XX_hwAttrs
                0x00007e90        0xc CMakeFiles/nrf24_sniffer.dir/syscfg/ti_drivers_config.c.obj
                0x00007e90                RFCC26XX_hwAttrs
 .rodata.PowerCC26X2_config
                0x00007e9c       0x14 CMakeFiles/nrf24_sniffer.dir/syscfg/ti_drivers_config.c.obj
                0x00007e9c                PowerCC26X2_config
 .rodata.GPIO_config
                0x00007eb0       0x10 CMakeFiles/nrf24_sniffer.dir/syscfg/ti_drivers_config.c.obj
                0x00007eb0                GPIO_config
 .rodata.GPIO_pinUpperBound
                0x00007ec0        0x1 CMakeFiles/nrf24_sniffer.dir/syscfg/ti_drivers_config.c.obj
                0x00007ec0                GPIO_pinUpperBound
 .rodata.GPIO_pinLowerBound
                0x00007ec1        0x1 CMakeFiles/nrf24_sniffer.dir/syscfg/ti_drivers_config.c.obj
                0x00007ec1                GPIO_pinLowerBound
 *fill*         0x00007ec2        0x2 
 .rodata.UDMACC26XX_config
                0x00007ec4        0x8 CMakeFiles/nrf24_sniffer.dir/syscfg/ti_drivers_config.c.obj
                0x00007ec4                UDMACC26XX_config
 .rodata.udmaCC26XXHWAttrs
                0x00007ecc        0x8 CMakeFiles/nrf24_sniffer.dir/syscfg/ti_drivers_config.c.obj
                0x00007ecc                udmaCC26XXHWAttrs
 .rodata.RF_defaultParams
                0x00007ed4       0x20 C:/ti/simplelink_cc13xx_cc26xx_sdk_8_32_00_07/source/ti/drivers/rf/lib/gcc/m4f/rf_multiMode_cc13x2.a(RFCC26X2_multiMode.c.cc13x2.gcc.o)
 .rodata.CSWTCH.10
                0x00007ef4       0x3e C:/ti/simplelink_cc13xx_cc26xx_sdk_8_32_00_07/source/ti/drivers/rf/lib/gcc/m4f/rf_multiMode_cc13x2.a(rfc.c.cc13x2.gcc.o)
 *fill*         0x00007f32        0x2 
 .rodata.patchImageProp
                0x00007f34      0x2e0 C:/ti/simplelink_cc13xx_cc26xx_sdk_8_32_00_07/source/ti/drivers/rf/lib/gcc/m4f/rf_multiMode_cc13x2.a(rf_patch_cpe_prop.c.cc13x2.gcc.o)
 .rodata.resourceDB
                0x00008214       0x54 C:/ti/simplelink_cc13xx_cc26xx_sdk_8_32_00_07/source/ti/drivers/lib/gcc/m4f/drivers_cc13x2x7.a(PowerCC26X2.c.obj)
                0x00008214                resourceDB
 .rodata.UART2_defaultParams
                0x00008268       0x24 C:/ti/simplelink_cc13xx_cc26xx_sdk_8_32_00_07/source/ti/drivers/lib/gcc/m4f/drivers_cc13x2x7.a(UART2.c.obj)
                0x00008268                UART2_defaultParams
 .rodata.rxFifoThreshold
                0x0000828c        0x5 C:/ti/simplelink_cc13xx_cc26xx_sdk_8_32_00_07/source/ti/drivers/lib/gcc/m4f/drivers_cc13x2x7.a(UART2CC26X2.c.obj)
 *fill*         0x00008291        0x3 
 .rodata.txFifoThreshold
                0x00008294        0x5 C:/ti/simplelink_cc13xx_cc26xx_sdk_8_32_00_07/source/ti/drivers/lib/gcc/m4f/drivers_cc13x2x7.a(UART2CC26X2.c.obj)
 *fill*         0x00008299        0x3 
 .rodata.parityType
                0x0000829c        0x5 C:/ti/simplelink_cc13xx_cc26xx_sdk_8_32_00_07/source/ti/drivers/lib/gcc/m4f/drivers_cc13x2x7.a(UART2CC26X2.c.obj)
 *fill*         0x000082a1        0x3 
 .rodata.stopBits
                0x000082a4        0x2 C:/ti/simplelink_cc13xx_cc26xx_sdk_8_32_00_07/source/ti/drivers/lib/gcc/m4f/drivers_cc13x2x7.a(UART2CC26X2.c.obj)
 *fill*         0x000082a6        0x2 
 .rodata.dataLength
                0x000082a8        0x4 C:/ti/simplelink_cc13xx_cc26xx_sdk_8_32_00_07/source/ti/drivers/lib/gcc/m4f/drivers_cc13x2x7.a(UART2CC26X2.c.obj)
 .rodata.SwiP_defaultParams
                0x000082ac       0x10 C:/ti/simplelink_cc13xx_cc26xx_sdk_8_32_00_07/kernel/nortos/lib/gcc/m4f/nortos_cc13x2x7.a(SwiP_nortos.c.obj)
 .rodata.g_Order_to_OpMode
                0x000082bc        0x4 C:/ti/simplelink_cc13xx_cc26xx_sdk_8_32_00_07/source/ti/devices/cc13x2x7_cc26x2x7/driverlib/bin/gcc/driverlib.lib(aux_sysif.c.obj)
 .rodata.g_OpMode_to_order
                0x000082c0        0x4 C:/ti/simplelink_cc13xx_cc26xx_sdk_8_32_00_07/source/ti/devices/cc13x2x7_cc26x2x7/driverlib/bin/gcc/driverlib.lib(aux_sysif.c.obj)
 .rodata._ctype_
                0x000082c4      0x101 C:/Program Files/Arm/GNU Toolchain mingw-w64-x86_64-arm-none-eabi/bin/../lib/gcc/arm-none-eabi/15.2.1/../../../../arm-none-eabi/lib/thumb/v7e-m+fp/hard\libc_nano.a(libc_a-ctype_.o)
                0x000082c4                _ctype_
 .rodata._svfprintf_r.str1.1
                0x000083c5        0x0 C:/Program Files/Arm/GNU Toolchain mingw-w64-x86_64-arm-none-eabi/bin/../lib/gcc/arm-none-eabi/15.2.1/../../../../arm-none-eabi/lib/thumb/v7e-m+fp/hard\libc_nano.a(libc_a-nano-svfprintf.o)
                                 0x11 (size before relaxing)
 .rodata._printf_i.str1.1
                0x000083c5        0x0 C:/Program Files/Arm/GNU Toolchain mingw-w64-x86_64-arm-none-eabi/bin/../lib/gcc/arm-none-eabi/15.2.1/../../../../arm-none-eabi/lib/thumb/v7e-m+fp/hard\libc_nano.a(libc_a-nano-vfprintf_i.o)
                                 0x22 (size before relaxing)
 *(.timestampPFormat)

.data           0x20001870      0x31c load address 0x000083c8
                0x000083c8                        __data_load__ = LOADADDR (.data)
                0x20001870                        __data_start__ = .
                0x000083c8                        _ldata = ABSOLUTE (__data_load__)
                0x20001870                        _data = __data_start__
 *(.data)
 *(.data.*)
 .data.g_state  0x20001870        0x9 CMakeFiles/nrf24_sniffer.dir/nrf24_sniffer.c.obj
 *fill*         0x20001879        0x3 
 .data.RF_nrf24_cmdPropTx
                0x2000187c       0x18 CMakeFiles/nrf24_sniffer.dir/smartrf_settings.c.obj
                0x2000187c                RF_nrf24_cmdPropTx
 .data.RF_nrf24_cmdPropRxAdv
                0x20001894       0x30 CMakeFiles/nrf24_sniffer.dir/smartrf_settings.c.obj
                0x20001894                RF_nrf24_cmdPropRxAdv
 .data.RF_nrf24_cmdPropRadioDivSetup_1M
                0x200018c4       0x30 CMakeFiles/nrf24_sniffer.dir/smartrf_settings.c.obj
                0x200018c4                RF_nrf24_cmdPropRadioDivSetup_1M
 .data.pOverrides
                0x200018f4       0x20 CMakeFiles/nrf24_sniffer.dir/smartrf_settings.c.obj
                0x200018f4                pOverrides
 .data.RF_prop  0x20001914       0x10 CMakeFiles/nrf24_sniffer.dir/smartrf_settings.c.obj
                0x20001914                RF_prop
 .data.gpioPinConfigs
                0x20001924       0x7c CMakeFiles/nrf24_sniffer.dir/syscfg/ti_drivers_config.c.obj
                0x20001924                gpioPinConfigs
 .data.RFCC26XX_schedulerPolicy
                0x200019a0        0x8 C:/ti/simplelink_cc13xx_cc26xx_sdk_8_32_00_07/source/ti/drivers/rf/lib/gcc/m4f/rf_multiMode_cc13x2.a(RFCC26X2_multiMode.c.cc13x2.gcc.o)
                0x200019a0                RFCC26XX_schedulerPolicy
 .data.PowerCC26X2_rtcSubSecInc
                0x200019a8        0x4 C:/ti/simplelink_cc13xx_cc26xx_sdk_8_32_00_07/source/ti/drivers/lib/gcc/m4f/drivers_cc13x2x7.a(PowerCC26X2.c.obj)
 .data.PowerCC26X2_module
                0x200019ac      0x174 C:/ti/simplelink_cc13xx_cc26xx_sdk_8_32_00_07/source/ti/drivers/lib/gcc/m4f/drivers_cc13x2x7.a(PowerCC26X2.c.obj)
                0x200019ac                PowerCC26X2_module
 .data.SemaphoreP_defaultParams
                0x20001b20        0x8 C:/ti/simplelink_cc13xx_cc26xx_sdk_8_32_00_07/kernel/nortos/lib/gcc/m4f/nortos_cc13x2x7.a(SemaphoreP_nortos.c.obj)
                0x20001b20                SemaphoreP_defaultParams
 .data.ClockP_tickPeriod
                0x20001b28        0x4 C:/ti/simplelink_cc13xx_cc26xx_sdk_8_32_00_07/kernel/nortos/lib/gcc/m4f/nortos_cc13x2x7.a(ClockPTimer_nortos.c.obj)
                0x20001b28                ClockP_tickPeriod
 .data.HwiP_swiPIntNum
                0x20001b2c        0x4 C:/ti/simplelink_cc13xx_cc26xx_sdk_8_32_00_07/kernel/nortos/lib/gcc/m4f/nortos_cc13x2x7.a(HwiPCC26XX_nortos.c.obj)
                0x20001b2c                HwiP_swiPIntNum
 .data.TimerP_defaultParams
                0x20001b30        0xc C:/ti/simplelink_cc13xx_cc26xx_sdk_8_32_00_07/kernel/nortos/lib/gcc/m4f/nortos_cc13x2x7.a(TimerPCC26XX_nortos.c.obj)
 .data._impure_ptr
                0x20001b3c        0x4 C:/Program Files/Arm/GNU Toolchain mingw-w64-x86_64-arm-none-eabi/bin/../lib/gcc/arm-none-eabi/15.2.1/../../../../arm-none-eabi/lib/thumb/v7e-m+fp/hard\libc_nano.a(libc_a-impure.o)
                0x20001b3c                _impure_ptr
 .data._impure_data
                0x20001b40       0x4c C:/Program Files/Arm/GNU Toolchain mingw-w64-x86_64-arm-none-eabi/bin/../lib/gcc/arm-none-eabi/15.2.1/../../../../arm-none-eabi/lib/thumb/v7e-m+fp/hard\libc_nano.a(libc_a-impure.o)
                0x20001b40                _impure_data
                0x20001b8c                        . = ALIGN (0x4)
                0x20001b8c                        __data_end__ = .
                0x20001b8c                        _edata = __data_end__

.igot.plt       0x20001b8c        0x0 load address 0x000086e4
 .igot.plt      0x20001b8c        0x0 CMakeFiles/nrf24_sniffer.dir/nrf24_sniffer.c.obj

.ARM.exidx      0x000086e4        0x8
                0x000086e4                        __exidx_start = .
 *(.ARM.exidx* .gnu.linkonce.armexidx.*)
 .ARM.exidx     0x000086e4        0x8 C:/Program Files/Arm/GNU Toolchain mingw-w64-x86_64-arm-none-eabi/bin/../lib/gcc/arm-none-eabi/15.2.1/../../../../arm-none-eabi/lib/thumb/v7e-m+fp/hard\libc_nano.a(libc_a-strcmp.o)
 .ARM.exidx     0x000086ec        0x0 C:/Program Files/Arm/GNU Toolchain mingw-w64-x86_64-arm-none-eabi/bin/../lib/gcc/arm-none-eabi/15.2.1/../../../../arm-none-eabi/lib/thumb/v7e-m+fp/hard\libc_nano.a(libc_a-strlen.o)