Archive member included to satisfy reference by file (symbol)

/home/runner/work/CatSneeze_toolkit/CatSneeze_toolkit/_ti_sdk/simplelink_cc13xx_cc26xx_sdk_8_32_00_07/source/ti/drivers/rf/lib/gcc/m4f/rf_multiMode_cc13x2.a(RFCC26X2_multiMode.c.cc13x2.gcc.o)
                              CMakeFiles/nrf24_sniffer.dir/nrf24_sniffer.c.obj (RF_runCmd)
/home/runner/work/CatSneeze_toolkit/CatSneeze_toolkit/_ti_sdk/simplelink_cc13xx_cc26xx_sdk_8_32_00_07/source/ti/drivers/rf/lib/gcc/m4f/rf_multiMode_cc13x2.a(rfc.c.cc13x2.gcc.o)
                              /home/runner/work/CatSneeze_toolkit/CatSneeze_toolkit/_ti_sdk/simplelink_cc13xx_cc26xx_sdk_8_32_00_07/source/ti/drivers/rf/lib/gcc/m4f/rf_multiMode_cc13x2.a(RFCC26X2_multiMode.c.cc13x2.gcc.o) (NOROM_RFCCpeIntGetAndClear)
/home/runner/work/CatSneeze_toolkit/CatSneeze_toolkit/_ti_sdk/simplelink_cc13xx_cc26xx_sdk_8_32_00_07/source/ti/drivers/rf/lib/gcc/m4f/rf_multiMode_cc13x2.a(rf_patch_cpe_prop.c.cc13x2.gcc.o)
                              CMakeFiles/nrf24_sniffer.dir/smartrf_settings.c.obj (rf_patch_cpe_prop)
/home/runner/work/CatSneeze_toolkit/CatSneeze_toolkit/_ti_sdk/simplelink_cc13xx_cc26xx_sdk_8_32_00_07/source/ti/drivers/lib/gcc/m4f/drivers_cc13x2x7.a(List.c.obj)
                              /home/runner/work/CatSneeze_toolkit/CatSneeze_toolkit/_ti_sdk/simplelink_cc13xx_cc26xx_sdk_8_32_00_07/source/ti/drivers/rf/lib/gcc/m4f/rf_multiMode_cc13x2.a(RFCC26X2_multiMode.c.cc13x2.gcc.o) (List_clearList)
/home/runner/work/CatSneeze_toolkit/CatSneeze_toolkit/_ti_sdk/simplelink_cc13xx_cc26xx_sdk_8_32_00_07/source/ti/drivers/lib/gcc/m4f/drivers_cc13x2x7.a(PowerCC26X2.c.obj)
                              CMakeFiles/nrf24_sniffer.dir/syscfg_pregenerated/ti_drivers_config.c.obj (Power_init)
/home/runner/work/CatSneeze_toolkit/CatSneeze_toolkit/_ti_sdk/simplelink_cc13xx_cc26xx_sdk_8_32_00_07/source/ti/drivers/lib/gcc/m4f/drivers_cc13x2x7.a(PowerCC26X2_calibrateRCOSC.c.obj)
                              /home/runner/work/CatSneeze_toolkit/CatSneeze_toolkit/_ti_sdk/simplelink_cc13xx_cc26xx_sdk_8_32_00_07/source/ti/drivers/lib/gcc/m4f/drivers_cc13x2x7.a(PowerCC26X2.c.obj) (PowerCC26X2_initiateCalibration)
/home/runner/work/CatSneeze_toolkit/CatSneeze_toolkit/_ti_sdk/simplelink_cc13xx_cc26xx_sdk_8_32_00_07/source/ti/drivers/lib/gcc/m4f/drivers_cc13x2x7.a(TemperatureCC26X2.c.obj)
                              /home/runner/work/CatSneeze_toolkit/CatSneeze_toolkit/_ti_sdk/simplelink_cc13xx_cc26xx_sdk_8_32_00_07/source/ti/drivers/rf/lib/gcc/m4f/rf_multiMode_cc13x2.a(RFCC26X2_multiMode.c.cc13x2.gcc.o) (Temperature_init)
/home/runner/work/CatSneeze_toolkit/CatSneeze_toolkit/_ti_sdk/simplelink_cc13xx_cc26xx_sdk_8_32_00_07/source/ti/drivers/lib/gcc/m4f/drivers_cc13x2x7.a(UART2.c.obj)
                              CMakeFiles/nrf24_sniffer.dir/nrf24_sniffer.c.obj (UART2_Params_init)
/home/runner/work/CatSneeze_toolkit/CatSneeze_toolkit/_ti_sdk/simplelink_cc13xx_cc26xx_sdk_8_32_00_07/source/ti/drivers/lib/gcc/m4f/drivers_cc13x2x7.a(UART2CC26X2.c.obj)
                              CMakeFiles/nrf24_sniffer.dir/nrf24_sniffer.c.obj (UART2_open)
/home/runner/work/CatSneeze_toolkit/CatSneeze_toolkit/_ti_sdk/simplelink_cc13xx_cc26xx_sdk_8_32_00_07/source/ti/drivers/lib/gcc/m4f/drivers_cc13x2x7.a(PowerCC26X2_calibrateRCOSC_helpers.c.obj)
                              /home/runner/work/CatSneeze_toolkit/CatSneeze_toolkit/_ti_sdk/simplelink_cc13xx_cc26xx_sdk_8_32_00_07/source/ti/drivers/lib/gcc/m4f/drivers_cc13x2x7.a(PowerCC26X2_calibrateRCOSC.c.obj) (PowerCC26X2_updateSubSecInc)
/home/runner/work/CatSneeze_toolkit/CatSneeze_toolkit/_ti_sdk/simplelink_cc13xx_cc26xx_sdk_8_32_00_07/source/ti/drivers/lib/gcc/m4f/drivers_cc13x2x7.a(PowerCC26X2_helpers.c.obj)
                              /home/runner/work/CatSneeze_toolkit/CatSneeze_toolkit/_ti_sdk/simplelink_cc13xx_cc26xx_sdk_8_32_00_07/source/ti/drivers/lib/gcc/m4f/drivers_cc13x2x7.a(PowerCC26X2.c.obj) (PowerCC26X2_oscCtlClearXtal)
/home/runner/work/CatSneeze_toolkit/CatSneeze_toolkit/_ti_sdk/simplelink_cc13xx_cc26xx_sdk_8_32_00_07/source/ti/drivers/lib/gcc/m4f/drivers_cc13x2x7.a(RingBuf.c.obj)
                              /home/runner/work/CatSneeze_toolkit/CatSneeze_toolkit/_ti_sdk/simplelink_cc13xx_cc26xx_sdk_8_32_00_07/source/ti/drivers/lib/gcc/m4f/drivers_cc13x2x7.a(UART2CC26X2.c.obj) (RingBuf_construct)
/home/runner/work/CatSneeze_toolkit/CatSneeze_toolkit/_ti_sdk/simplelink_cc13xx_cc26xx_sdk_8_32_00_07/source/ti/drivers/lib/gcc/m4f/drivers_cc13x2x7.a(UDMACC26XX.c.obj)
                              /home/runner/work/CatSneeze_toolkit/CatSneeze_toolkit/_ti_sdk/simplelink_cc13xx_cc26xx_sdk_8_32_00_07/source/ti/drivers/lib/gcc/m4f/drivers_cc13x2x7.a(UART2CC26X2.c.obj) (UDMACC26XX_open)
/home/runner/work/CatSneeze_toolkit/CatSneeze_toolkit/_ti_sdk/simplelink_cc13xx_cc26xx_sdk_8_32_00_07/source/ti/drivers/lib/gcc/m4f/drivers_cc13x2x7.a(GPIO.c.obj)
[...]
Memory Configuration

Name             Origin             Length             Attributes
FLASH            0x0000000000000000 0x00000000000affa8 xr
FLASH_CCFG       0x00000000000affa8 0x0000000000000058 r
SRAM             0x0000000020000000 0x0000000000024000 xrw
GPRAM            0x0000000011000000 0x0000000000002000 xrw
LOG_DATA         0x0000000090000000 0x0000000000040000 r
LOG_PTR          0x0000000094000008 0x0000000000040000 r
*default*        0x0000000000000000 0xffffffffffffffff

Linker script and memory map

LOAD CMakeFiles/nrf24_sniffer.dir/nrf24_sniffer.c.obj
LOAD CMakeFiles/nrf24_sniffer.dir/smartrf_settings.c.obj
LOAD CMakeFiles/nrf24_sniffer.dir/home/runner/work/CatSneeze_toolkit/CatSneeze_toolkit/_ti_sdk/simplelink_cc13xx_cc26xx_sdk_8_32_00_07/source/ti/devices/cc13x2x7_cc26x2x7/startup_files/startup_gcc.c.obj
LOAD CMakeFiles/nrf24_sniffer.dir/home/runner/work/CatSneeze_toolkit/CatSneeze_toolkit/_ti_sdk/simplelink_cc13xx_cc26xx_sdk_8_32_00_07/source/ti/devices/cc13x2x7_cc26x2x7/startup_files/ccfg.c.obj
LOAD CMakeFiles/nrf24_sniffer.dir/syscfg_pregenerated/ti_drivers_config.c.obj
START GROUP
LOAD /home/runner/work/CatSneeze_toolkit/CatSneeze_toolkit/_ti_sdk/simplelink_cc13xx_cc26xx_sdk_8_32_00_07/source/ti/drivers/rf/lib/gcc/m4f/rf_multiMode_cc13x2.a
LOAD /home/runner/work/CatSneeze_toolkit/CatSneeze_toolkit/_ti_sdk/simplelink_cc13xx_cc26xx_sdk_8_32_00_07/source/ti/drivers/lib/gcc/m4f/drivers_cc13x2x7.a
LOAD /home/runner/work/CatSneeze_toolkit/CatSneeze_toolkit/_ti_sdk/simplelink_cc13xx_cc26xx_sdk_8_32_00_07/kernel/nortos/lib/gcc/m4f/nortos_cc13x2x7.a
LOAD /home/runner/work/CatSneeze_toolkit/CatSneeze_toolkit/_ti_sdk/simplelink_cc13xx_cc26xx_sdk_8_32_00_07/source/ti/devices/cc13x2x7_cc26x2x7/driverlib/bin/gcc/driverlib.lib
LOAD /usr/lib/gcc/arm-none-eabi/10.3.1/thumb/v7e-m+fp/hard/libgcc.a
LOAD /usr/lib/gcc/arm-none-eabi/10.3.1/../../../arm-none-eabi/lib/thumb/v7e-m+fp/hard/libc_nano.a
LOAD /usr/lib/gcc/arm-none-eabi/10.3.1/../../../arm-none-eabi/lib/thumb/v7e-m+fp/hard/libm.a
END GROUP
START GROUP
LOAD /usr/lib/gcc/arm-none-eabi/10.3.1/thumb/v7e-m+fp/hard/libgcc.a
LOAD /usr/lib/gcc/arm-none-eabi/10.3.1/../../../arm-none-eabi/lib/thumb/v7e-m+fp/hard/libc_nano.a
END GROUP
START GROUP
LOAD /usr/lib/gcc/arm-none-eabi/10.3.1/thumb/v7e-m+fp/hard/libgcc.a
LOAD /usr/lib/gcc/arm-none-eabi/10.3.1/../../../arm-none-eabi/lib/thumb/v7e-m+fp/hard/libc_nano.a
LOAD /usr/lib/gcc/arm-none-eabi/10.3.1/../../../arm-none-eabi/lib/thumb/v7e-m+fp/hard/libnosys.a
END GROUP
START GROUP
LOAD /usr/lib/gcc/arm-none-eabi/10.3.1/thumb/v7e-m+fp/hard/libgcc.a
LOAD /usr/lib/gcc/arm-none-eabi/10.3.1/../../../arm-none-eabi/lib/thumb/v7e-m+fp/hard/libc_nano.a
LOAD /usr/lib/gcc/arm-none-eabi/10.3.1/../../../arm-none-eabi/lib/thumb/v7e-m+fp/hard/libnosys.a
END GROUP
                0x0000000000000400                STACKSIZE = 0x400
                0x0000000000004000                HEAPSIZE = 0x4000
                0x0000000000000000                PROVIDE (_resetVecs_base_address = DEFINED (_resetVecs_base_address)?_resetVecs_base_address:0x0)

.resetVecs      0x0000000000000000       0xd8
 *(.resetVecs)
 .resetVecs     0x0000000000000000       0xd8 CMakeFiles/nrf24_sniffer.dir/home/runner/work/CatSneeze_toolkit/CatSneeze_toolkit/_ti_sdk/simplelink_cc13xx_cc26xx_sdk_8_32_00_07/source/ti/devices/cc13x2x7_cc26x2x7/startup_files/startup_gcc.c.obj
                0x0000000000000000                g_pfnVectors

.ramVecs        0x0000000020000000       0xd8
 *(.ramVecs)
 .ramVecs       0x0000000020000000       0xd8 /home/runner/work/CatSneeze_toolkit/CatSneeze_toolkit/_ti_sdk/simplelink_cc13xx_cc26xx_sdk_8_32_00_07/source/ti/devices/cc13x2x7_cc26x2x7/driverlib/bin/gcc/driverlib.lib(interrupt.c.obj)
                0x0000000020001800                UDMACC26XX_CONFIG_BASE = 0x20001800
                0x0000000020001810                DMA_UART0_RX_CONTROL_TABLE_ENTRY_ADDRESS = (UDMACC26XX_CONFIG_BASE + 0x10)
                0x0000000020001820                DMA_UART0_TX_CONTROL_TABLE_ENTRY_ADDRESS = (UDMACC26XX_CONFIG_BASE + 0x20)
                0x0000000020001830                DMA_SPI0_RX_CONTROL_TABLE_ENTRY_ADDRESS = (UDMACC26XX_CONFIG_BASE + 0x30)
                0x0000000020001840                DMA_SPI0_TX_CONTROL_TABLE_ENTRY_ADDRESS = (UDMACC26XX_CONFIG_BASE + 0x40)
                0x0000000020001850                DMA_UART1_RX_CONTROL_TABLE_ENTRY_ADDRESS = (UDMACC26XX_CONFIG_BASE + 0x50)
                0x0000000020001860                DMA_UART1_TX_CONTROL_TABLE_ENTRY_ADDRESS = (UDMACC26XX_CONFIG_BASE + 0x60)
                0x0000000020001870                DMA_ADC_PRI_CONTROL_TABLE_ENTRY_ADDRESS = (UDMACC26XX_CONFIG_BASE + 0x70)
                0x0000000020001890                DMA_GPT0A_PRI_CONTROL_TABLE_ENTRY_ADDRESS = (UDMACC26XX_CONFIG_BASE + 0x90)
                0x0000000020001900                DMA_SPI1_RX_CONTROL_TABLE_ENTRY_ADDRESS = (UDMACC26XX_CONFIG_BASE + 0x100)
                0x0000000020001910                DMA_SPI1_TX_CONTROL_TABLE_ENTRY_ADDRESS = (UDMACC26XX_CONFIG_BASE + 0x110)
                0x0000000020001a10                DMA_UART0_RX_ALT_CONTROL_TABLE_ENTRY_ADDRESS = (UDMACC26XX_CONFIG_BASE + 0x210)
                0x0000000020001a20                DMA_UART0_TX_ALT_CONTROL_TABLE_ENTRY_ADDRESS = (UDMACC26XX_CONFIG_BASE + 0x220)
                0x0000000020001a30                DMA_SPI0_RX_ALT_CONTROL_TABLE_ENTRY_ADDRESS = (UDMACC26XX_CONFIG_BASE + 0x230)
                0x0000000020001a40                DMA_SPI0_TX_ALT_CONTROL_TABLE_ENTRY_ADDRESS = (UDMACC26XX_CONFIG_BASE + 0x240)
                0x0000000020001a50                DMA_UART1_RX_ALT_CONTROL_TABLE_ENTRY_ADDRESS = (UDMACC26XX_CONFIG_BASE + 0x250)
                0x0000000020001a60                DMA_UART1_TX_ALT_CONTROL_TABLE_ENTRY_ADDRESS = (UDMACC26XX_CONFIG_BASE + 0x260)
                0x0000000020001a70                DMA_ADC_ALT_CONTROL_TABLE_ENTRY_ADDRESS = (UDMACC26XX_CONFIG_BASE + 0x270)
                0x0000000020001a90                DMA_GPT0A_ALT_CONTROL_TABLE_ENTRY_ADDRESS = (UDMACC26XX_CONFIG_BASE + 0x290)
                0x0000000020001b00                DMA_SPI1_RX_ALT_CONTROL_TABLE_ENTRY_ADDRESS = (UDMACC26XX_CONFIG_BASE + 0x300)
                0x0000000020001b10                DMA_SPI1_TX_ALT_CONTROL_TABLE_ENTRY_ADDRESS = (UDMACC26XX_CONFIG_BASE + 0x310)
                0x0000000000000000                UDMACC26XX_uart0RxControlTableEntry_is_placed = 0x0

.dmaUart0RxControlTableEntry
 *(.dmaUart0RxControlTableEntry)
                0x0000000000000000                UDMACC26XX_uart0TxControlTableEntry_is_placed = 0x0

.dmaUart0TxControlTableEntry
 *(.dmaUart0TxControlTableEntry)
                0x0000000000000000                UDMACC26XX_dmaSpi0RxControlTableEntry_is_placed = 0x0

.dmaSpi0RxControlTableEntry
 *(.dmaSpi0RxControlTableEntry)
                0x0000000000000000                UDMACC26XX_dmaSpi0TxControlTableEntry_is_placed = 0x0

.dmaSpi0TxControlTableEntry
 *(.dmaSpi0TxControlTableEntry)
                0x0000000000000000                UDMACC26XX_uart1RxControlTableEntry_is_placed = 0x0

.dmaUart1RxControlTableEntry
 *(.dmaUart1RxControlTableEntry)
                0x0000000000000000                UDMACC26XX_uart1TxControlTableEntry_is_placed = 0x0

.dmaUart1TxControlTableEntry
 *(.dmaUart1TxControlTableEntry)
                0x0000000000000000                UDMACC26XX_dmaADCPriControlTableEntry_is_placed = 0x0

.dmaADCPriControlTableEntry
 *(.dmaADCPriControlTableEntry)
                0x0000000000000000                UDMACC26XX_dmaGPT0APriControlTableEntry_is_placed = 0x0

.dmaGPT0APriControlTableEntry
 *(.dmaGPT0APriControlTableEntry)
                0x0000000000000000                UDMACC26XX_dmaSpi1RxControlTableEntry_is_placed = 0x0

.dmaSpi1RxControlTableEntry
 *(.dmaSpi1RxControlTableEntry)
                0x0000000000000000                UDMACC26XX_dmaSpi1TxControlTableEntry_is_placed = 0x0

.dmaSpi1TxControlTableEntry
 *(.dmaSpi1TxControlTableEntry)
                0x0000000000000000                UDMACC26XX_uart0RxAltControlTableEntry_is_placed = 0x0

.dmaUart0RxAltControlTableEntry
 *(.dmaUart0RxAltControlTableEntry)
                0x0000000000000000                UDMACC26XX_uart0TxAltControlTableEntry_is_placed = 0x0

.dmaUart0TxAltControlTableEntry
 *(.dmaUart0TxAltControlTableEntry)
                0x0000000000000000                UDMACC26XX_dmaSpi0RxAltControlTableEntry_is_placed = 0x0

.dmaSpi0RxAltControlTableEntry
 *(.dmaSpi0RxAltControlTableEntry)
                0x0000000000000000                UDMACC26XX_dmaSpi0TxAltControlTableEntry_is_placed = 0x0

.dmaSpi0TxAltControlTableEntry
 *(.dmaSpi0TxAltControlTableEntry)
                0x0000000000000000                UDMACC26XX_uart1RxAltControlTableEntry_is_placed = 0x0

.dmaUart1RxAltControlTableEntry
 *(.dmaUart1RxAltControlTableEntry)
                0x0000000000000000                UDMACC26XX_uart1TxAltControlTableEntry_is_placed = 0x0

.dmaUart1TxAltControlTableEntry
 *(.dmaUart1TxAltControlTableEntry)
                0x0000000000000000                UDMACC26XX_dmaADCAltControlTableEntry_is_placed = 0x0

.dmaADCAltControlTableEntry
 *(.dmaADCAltControlTableEntry)
                0x0000000000000000                UDMACC26XX_dmaGPT0AAltControlTableEntry_is_placed = 0x0

.dmaGPT0AAltControlTableEntry
 *(.dmaGPT0AAltControlTableEntry)
                0x0000000000000000                UDMACC26XX_dmaSpi1RxAltControlTableEntry_is_placed = 0x0

.dmaSpi1RxAltControlTableEntry
 *(.dmaSpi1RxAltControlTableEntry)
                0x0000000000000000                UDMACC26XX_dmaSpi1TxAltControlTableEntry_is_placed = 0x0

.dmaSpi1TxAltControlTableEntry
 *(.dmaSpi1TxAltControlTableEntry)

.text           0x0000000000000100     0x7c78
 CREATE_OBJECT_SYMBOLS
 *(.text)
 .text          0x0000000000000100       0x30 /usr/lib/gcc/arm-none-eabi/10.3.1/thumb/v7e-m+fp/hard/libgcc.a(_aeabi_uldivmod.o)
                0x0000000000000100                __aeabi_uldivmod
 .text          0x0000000000000130      0x2d0 /usr/lib/gcc/arm-none-eabi/10.3.1/thumb/v7e-m+fp/hard/libgcc.a(_udivmoddi4.o)
                0x0000000000000130                __udivmoddi4
 .text          0x0000000000000400        0x4 /usr/lib/gcc/arm-none-eabi/10.3.1/thumb/v7e-m+fp/hard/libgcc.a(_dvmd_tls.o)
                0x0000000000000400                __aeabi_ldiv0
                0x0000000000000400                __aeabi_idiv0
 .text          0x0000000000000404       0x10 /usr/lib/gcc/arm-none-eabi/10.3.1/../../../arm-none-eabi/lib/thumb/v7e-m+fp/hard/libc_nano.a(lib_a-atoi.o)
                0x0000000000000404                atoi
                0x000000000000040c                _atoi_r
 .text          0x0000000000000414      0x134 /usr/lib/gcc/arm-none-eabi/10.3.1/../../../arm-none-eabi/lib/thumb/v7e-m+fp/hard/libc_nano.a(lib_a-memcpy.o)
                0x0000000000000414                memcpy
 .text          0x0000000000000548       0xa4 /usr/lib/gcc/arm-none-eabi/10.3.1/../../../arm-none-eabi/lib/thumb/v7e-m+fp/hard/libc_nano.a(lib_a-memset.o)
                0x0000000000000548                memset
 .text          0x00000000000005ec       0xc4 /usr/lib/gcc/arm-none-eabi/10.3.1/../../../arm-none-eabi/lib/thumb/v7e-m+fp/hard/libc_nano.a(lib_a-nano-freer.o)
                0x00000000000005ec                _free_r
 .text          0x00000000000006b0       0xb4 /usr/lib/gcc/arm-none-eabi/10.3.1/../../../arm-none-eabi/lib/thumb/v7e-m+fp/hard/libc_nano.a(lib_a-nano-mallocr.o)
                0x00000000000006b0                _malloc_r
 .text          0x0000000000000764       0x24 /usr/lib/gcc/arm-none-eabi/10.3.1/../../../arm-none-eabi/lib/thumb/v7e-m+fp/hard/libc_nano.a(lib_a-sbrkr.o)
                0x0000000000000764                _sbrk_r
 .text          0x0000000000000788       0xcc /usr/lib/gcc/arm-none-eabi/10.3.1/../../../arm-none-eabi/lib/thumb/v7e-m+fp/hard/libc_nano.a(lib_a-strchr.o)
                0x0000000000000788                strchr
 *fill*         0x0000000000000854        0xc 
 .text          0x0000000000000860      0x2dc /usr/lib/gcc/arm-none-eabi/10.3.1/../../../arm-none-eabi/lib/thumb/v7e-m+fp/hard/libc_nano.a(lib_a-strcmp.o)
                0x0000000000000868                strcmp
 *fill*         0x0000000000000b3c        0x4 
 .text          0x0000000000000b40       0xdc /usr/lib/gcc/arm-none-eabi/10.3.1/../../../arm-none-eabi/lib/thumb/v7e-m+fp/hard/libc_nano.a(lib_a-strlen.o)
                0x0000000000000b40                strlen
 .text          0x0000000000000c1c       0x80 /usr/lib/gcc/arm-none-eabi/10.3.1/../../../arm-none-eabi/lib/thumb/v7e-m+fp/hard/libc_nano.a(lib_a-strncmp.o)
                0x0000000000000c1c                strncmp
 .text          0x0000000000000c9c      0x188 /usr/lib/gcc/arm-none-eabi/10.3.1/../../../arm-none-eabi/lib/thumb/v7e-m+fp/hard/libc_nano.a(lib_a-strtol.o)
                0x0000000000000dbc                _strtol_r
                0x0000000000000dd4                strtol_l
                0x0000000000000dfc                strtol
 .text          0x0000000000000e24       0xe0 /usr/lib/gcc/arm-none-eabi/10.3.1/../../../arm-none-eabi/lib/thumb/v7e-m+fp/hard/libc_nano.a(lib_a-vsnprintf.o)
                0x0000000000000e24                vsnprintf
                0x0000000000000e24                vsniprintf
                0x0000000000000e94                _vsnprintf_r
                0x0000000000000e94                _vsniprintf_r
 .text          0x0000000000000f04        0xc /usr/lib/gcc/arm-none-eabi/10.3.1/../../../arm-none-eabi/lib/thumb/v7e-m+fp/hard/libc_nano.a(lib_a-errno.o)
                0x0000000000000f04                __errno
 .text          0x0000000000000f10        0x8 /usr/lib/gcc/arm-none-eabi/10.3.1/../../../arm-none-eabi/lib/thumb/v7e-m+fp/hard/libc_nano.a(lib_a-mlock.o)
                0x0000000000000f10                __malloc_lock
                0x0000000000000f14                __malloc_unlock
 .text          0x0000000000000f18      0x3f0 /usr/lib/gcc/arm-none-eabi/10.3.1/../../../arm-none-eabi/lib/thumb/v7e-m+fp/hard/libc_nano.a(lib_a-nano-svfprintf.o)
                0x0000000000000f18                __ssputs_r
                0x0000000000000fdc                __ssprint_r
                0x00000000000010d4                _svfprintf_r
                0x00000000000010d4                _svfiprintf_r
 .text          0x0000000000001308      0x3dc /usr/lib/gcc/arm-none-eabi/10.3.1/../../../arm-none-eabi/lib/thumb/v7e-m+fp/hard/libc_nano.a(lib_a-nano-vfprintf_i.o)
                0x0000000000001308                _printf_common
                0x0000000000001434                _printf_i
 *fill*         0x00000000000016e4        0xc 
 .text          0x00000000000016f0       0xa0 /usr/lib/gcc/arm-none-eabi/10.3.1/../../../arm-none-eabi/lib/thumb/v7e-m+fp/hard/libc_nano.a(lib_a-memchr.o)
                0x00000000000016f0                memchr
 .text          0x0000000000001790       0xf8 /usr/lib/gcc/arm-none-eabi/10.3.1/../../../arm-none-eabi/lib/thumb/v7e-m+fp/hard/libc_nano.a(lib_a-memmove.o)
                0x0000000000001790                memmove
 .text          0x0000000000001888       0x50 /usr/lib/gcc/arm-none-eabi/10.3.1/../../../arm-none-eabi/lib/thumb/v7e-m+fp/hard/libc_nano.a(lib_a-nano-reallocr.o)
                0x0000000000001888                _realloc_r
 .text          0x00000000000018d8       0x14 /usr/lib/gcc/arm-none-eabi/10.3.1/../../../arm-none-eabi/lib/thumb/v7e-m+fp/hard/libc_nano.a(lib_a-nano-msizer.o)
                0x00000000000018d8                _malloc_usable_size_r
 .text          0x00000000000018ec       0x1c /usr/lib/gcc/arm-none-eabi/10.3.1/../../../arm-none-eabi/lib/thumb/v7e-m+fp/hard/libnosys.a(sbrk.o)
                0x00000000000018ec                _sbrk
 *(.text.*)
 .text.esb_crc16
                0x0000000000001908       0x34 CMakeFiles/nrf24_sniffer.dir/nrf24_sniffer.c.obj
 .text.uart_read_callback
                0x000000000000193c       0x6c CMakeFiles/nrf24_sniffer.dir/nrf24_sniffer.c.obj
 .text.uart_puts
                0x00000000000019a8       0x20 CMakeFiles/nrf24_sniffer.dir/nrf24_sniffer.c.obj
 .text.uart_printf
                0x00000000000019c8       0x26 CMakeFiles/nrf24_sniffer.dir/nrf24_sniffer.c.obj
 .text.parse_hex_addr.part.0
                0x00000000000019ee       0x38 CMakeFiles/nrf24_sniffer.dir/nrf24_sniffer.c.obj
 *fill*         0x0000000000001a26        0x2 
 .text.rf_tx_frame
                0x0000000000001a28       0x74 CMakeFiles/nrf24_sniffer.dir/nrf24_sniffer.c.obj
 .text.parse_hex_bytes.constprop.0
                0x0000000000001a9c       0x36 CMakeFiles/nrf24_sniffer.dir/nrf24_sniffer.c.obj
 .text.parse_hex_addr.constprop.0
                0x0000000000001ad2       0x32 CMakeFiles/nrf24_sniffer.dir/nrf24_sniffer.c.obj
 .text.rx_one_packet.constprop.0
                0x0000000000001b04       0xb0 CMakeFiles/nrf24_sniffer.dir/nrf24_sniffer.c.obj
 .text.esb_parse.part.0.constprop.0
                0x0000000000001bb4      0x114 CMakeFiles/nrf24_sniffer.dir/nrf24_sniffer.c.obj
 .text.rf_set_channel.isra.0
                0x0000000000001cc8       0x30 CMakeFiles/nrf24_sniffer.dir/nrf24_sniffer.c.obj
 .text.handle_command
                0x0000000000001cf8      0x384 CMakeFiles/nrf24_sniffer.dir/nrf24_sniffer.c.obj
 .text.process_and_report
                0x000000000000207c      0x1f0 CMakeFiles/nrf24_sniffer.dir/nrf24_sniffer.c.obj
 .text.startup.main
                0x000000000000226c      0x254 CMakeFiles/nrf24_sniffer.dir/nrf24_sniffer.c.obj
                0x000000000000226c                main
 .text.NmiSRHandler
                0x00000000000024c0        0x2 CMakeFiles/nrf24_sniffer.dir/home/runner/work/CatSneeze_toolkit/CatSneeze_toolkit/_ti_sdk/simplelink_cc13xx_cc26xx_sdk_8_32_00_07/source/ti/devices/cc13x2x7_cc26x2x7/startup_files/startup_gcc.c.obj
                0x00000000000024c0                NmiSR
 .text.FaultISRHandler
                0x00000000000024c2        0x2 CMakeFiles/nrf24_sniffer.dir/home/runner/work/CatSneeze_toolkit/CatSneeze_toolkit/_ti_sdk/simplelink_cc13xx_cc26xx_sdk_8_32_00_07/source/ti/devices/cc13x2x7_cc26x2x7/startup_files/startup_gcc.c.obj
                0x00000000000024c2                FaultISR
 .text.IntDefaultHandler
                0x00000000000024c4        0x2 CMakeFiles/nrf24_sniffer.dir/home/runner/work/CatSneeze_toolkit/CatSneeze_toolkit/_ti_sdk/simplelink_cc13xx_cc26xx_sdk_8_32_00_07/source/ti/devices/cc13x2x7_cc26x2x7/startup_files/startup_gcc.c.obj
                0x00000000000024c4                TRNGIntHandler
                0x00000000000024c4                SSI0IntHandler
                0x00000000000024c4                SWEvent0IntHandler
                0x00000000000024c4                uDMAIntHandler
                0x00000000000024c4                WatchdogIntHandler
                0x00000000000024c4                RFCHardwareIntHandler
                0x00000000000024c4                Timer1BIntHandler
                0x00000000000024c4                I2SIntHandler
                0x00000000000024c4                Timer2BIntHandler
                0x00000000000024c4                Timer2AIntHandler
                0x00000000000024c4                AUXTimer2IntHandler
                0x00000000000024c4                Timer1AIntHandler
                0x00000000000024c4                UART0IntHandler
                0x00000000000024c4                GPIOIntHandler
                0x00000000000024c4                BatMonIntHandler
                0x00000000000024c4                AUXSWEvent0IntHandler
                0x00000000000024c4                AUXADCIntHandler
                0x00000000000024c4                PendSVIntHandler
                0x00000000000024c4                RFCCPE1IntHandler
                0x00000000000024c4                AUXSWEvent1IntHandler
                0x00000000000024c4                SVCallIntHandler
                0x00000000000024c4                MPUFaultIntHandler
                0x00000000000024c4                SysTickIntHandler
                0x00000000000024c4                BusFaultIntHandler
                0x00000000000024c4                OSCIntHandler
                0x00000000000024c4                AONProgIntHandler
                0x00000000000024c4                AUXCompAIntHandler
                0x00000000000024c4                SSI1IntHandler
                0x00000000000024c4                FlashIntHandler
                0x00000000000024c4                uDMAErrIntHandler
                0x00000000000024c4                UsageFaultIntHandler
                0x00000000000024c4                RFCCmdAckIntHandler
                0x00000000000024c4                PKAIntHandler
                0x00000000000024c4                RFCCPE0IntHandler
                0x00000000000024c4                UART1IntHandler
                0x00000000000024c4                CryptoIntHandler
                0x00000000000024c4                Timer0AIntHandler
                0x00000000000024c4                I2CIntHandler
                0x00000000000024c4                DebugMonIntHandler
                0x00000000000024c4                Timer0BIntHandler
                0x00000000000024c4                AUXCombEventIntHandler
                0x00000000000024c4                Timer3AIntHandler
                0x00000000000024c4                DynProgIntHandler
                0x00000000000024c4                Timer3BIntHandler
                0x00000000000024c4                AONRTCIntHandler
 *fill*         0x00000000000024c6        0x2 
 .text.ResetISR
                0x00000000000024c8       0x60 CMakeFiles/nrf24_sniffer.dir/home/runner/work/CatSneeze_toolkit/CatSneeze_toolkit/_ti_sdk/simplelink_cc13xx_cc26xx_sdk_8_32_00_07/source/ti/devices/cc13x2x7_cc26x2x7/startup_files/startup_gcc.c.obj
                0x00000000000024c8                ResetISR
 .text.Board_init
                0x0000000000002528       0x14 CMakeFiles/nrf24_sniffer.dir/syscfg_pregenerated/ti_drivers_config.c.obj
                0x0000000000002528                Board_init
 .text.RF_cmdGet
                0x000000000000253c       0x40 /home/runner/work/CatSneeze_toolkit/CatSneeze_toolkit/_ti_sdk/simplelink_cc13xx_cc26xx_sdk_8_32_00_07/source/ti/drivers/rf/lib/gcc/m4f/rf_multiMode_cc13x2.a(RFCC26X2_multiMode.c.cc13x2.gcc.o)
 .text.RF_dbellSyncOnAck
                0x000000000000257c       0x14 /home/runner/work/CatSneeze_toolkit/CatSneeze_toolkit/_ti_sdk/simplelink_cc13xx_cc26xx_sdk_8_32_00_07/source/ti/drivers/rf/lib/gcc/m4f/rf_multiMode_cc13x2.a(RFCC26X2_multiMode.c.cc13x2.gcc.o)
 .text.RF_verifyGap
                0x0000000000002590       0xa8 /home/runner/work/CatSneeze_toolkit/CatSneeze_toolkit/_ti_sdk/simplelink_cc13xx_cc26xx_sdk_8_32_00_07/source/ti/drivers/rf/lib/gcc/m4f/rf_multiMode_cc13x2.a(RFCC26X2_multiMode.c.cc13x2.gcc.o)
 .text.RF_defaultExecutionPolicy
                0x0000000000002638        0x4 /home/runner/work/CatSneeze_toolkit/CatSneeze_toolkit/_ti_sdk/simplelink_cc13xx_cc26xx_sdk_8_32_00_07/source/ti/drivers/rf/lib/gcc/m4f/rf_multiMode_cc13x2.a(RFCC26X2_multiMode.c.cc13x2.gcc.o)
                0x0000000000002638                RF_defaultExecutionPolicy
 .text.RF_checkCmdFsError
                0x000000000000263c       0x30 /home/runner/work/CatSneeze_toolkit/CatSneeze_toolkit/_ti_sdk/simplelink_cc13xx_cc26xx_sdk_8_32_00_07/source/ti/drivers/rf/lib/gcc/m4f/rf_multiMode_cc13x2.a(RFCC26X2_multiMode.c.cc13x2.gcc.o)
 .text.RF_invokeGlobalCallback
                0x000000000000266c       0x20 /home/runner/work/CatSneeze_toolkit/CatSneeze_toolkit/_ti_sdk/simplelink_cc13xx_cc26xx_sdk_8_32_00_07/source/ti/drivers/rf/lib/gcc/m4f/rf_multiMode_cc13x2.a(RFCC26X2_multiMode.c.cc13x2.gcc.o)
 .text.RF_defaultCallback
                0x000000000000268c        0x2 /home/runner/work/CatSneeze_toolkit/CatSneeze_toolkit/_ti_sdk/simplelink_cc13xx_cc26xx_sdk_8_32_00_07/source/ti/drivers/rf/lib/gcc/m4f/rf_multiMode_cc13x2.a(RFCC26X2_multiMode.c.cc13x2.gcc.o)
 *fill*         0x000000000000268e        0x2 
 .text.RF_isStateTransitionAllowed
                0x0000000000002690       0x24 /home/runner/work/CatSneeze_toolkit/CatSneeze_toolkit/_ti_sdk/simplelink_cc13xx_cc26xx_sdk_8_32_00_07/source/ti/drivers/rf/lib/gcc/m4f/rf_multiMode_cc13x2.a(RFCC26X2_multiMode.c.cc13x2.gcc.o)
 .text.RF_updatePowerupDuration
                0x00000000000026b4       0x44 /home/runner/work/CatSneeze_toolkit/CatSneeze_toolkit/_ti_sdk/simplelink_cc13xx_cc26xx_sdk_8_32_00_07/source/ti/drivers/rf/lib/gcc/m4f/rf_multiMode_cc13x2.a(RFCC26X2_multiMode.c.cc13x2.gcc.o)
 .text.RF_attachOverrides
                0x00000000000026f8       0x66 /home/runner/work/CatSneeze_toolkit/CatSneeze_toolkit/_ti_sdk/simplelink_cc13xx_cc26xx_sdk_8_32_00_07/source/ti/drivers/rf/lib/gcc/m4f/rf_multiMode_cc13x2.a(RFCC26X2_multiMode.c.cc13x2.gcc.o)
 .text.RF_detachOverrides
                0x000000000000275e       0x6a /home/runner/work/CatSneeze_toolkit/CatSneeze_toolkit/_ti_sdk/simplelink_cc13xx_cc26xx_sdk_8_32_00_07/source/ti/drivers/rf/lib/gcc/m4f/rf_multiMode_cc13x2.a(RFCC26X2_multiMode.c.cc13x2.gcc.o)
 .text.RF_cmdStoreEvents
                0x00000000000027c8       0x2e /home/runner/work/CatSneeze_toolkit/CatSneeze_toolkit/_ti_sdk/simplelink_cc13xx_cc26xx_sdk_8_32_00_07/source/ti/drivers/rf/lib/gcc/m4f/rf_multiMode_cc13x2.a(RFCC26X2_multiMode.c.cc13x2.gcc.o)
 .text.RF_searchAndReplacePAOverride
                0x00000000000027f6       0x32 /home/runner/work/CatSneeze_toolkit/CatSneeze_toolkit/_ti_sdk/simplelink_cc13xx_cc26xx_sdk_8_32_00_07/source/ti/drivers/rf/lib/gcc/m4f/rf_multiMode_cc13x2.a(RFCC26X2_multiMode.c.cc13x2.gcc.o)
 .text.RF_issueRadioFreeCb
                0x0000000000002828       0x78 /home/runner/work/CatSneeze_toolkit/CatSneeze_toolkit/_ti_sdk/simplelink_cc13xx_cc26xx_sdk_8_32_00_07/source/ti/drivers/rf/lib/gcc/m4f/rf_multiMode_cc13x2.a(RFCC26X2_multiMode.c.cc13x2.gcc.o)
 .text.RF_clkReqAccess
                0x00000000000028a0        0x6 /home/runner/work/CatSneeze_toolkit/CatSneeze_toolkit/_ti_sdk/simplelink_cc13xx_cc26xx_sdk_8_32_00_07/source/ti/drivers/rf/lib/gcc/m4f/rf_multiMode_cc13x2.a(RFCC26X2_multiMode.c.cc13x2.gcc.o)
 .text.RF_restartClockTimeout
                0x00000000000028a6       0x18 /home/runner/work/CatSneeze_toolkit/CatSneeze_toolkit/_ti_sdk/simplelink_cc13xx_cc26xx_sdk_8_32_00_07/source/ti/drivers/rf/lib/gcc/m4f/rf_multiMode_cc13x2.a(RFCC26X2_multiMode.c.cc13x2.gcc.o)
 .text.RF_syncCb
                0x00000000000028be       0x62 /home/runner/work/CatSneeze_toolkit/CatSneeze_toolkit/_ti_sdk/simplelink_cc13xx_cc26xx_sdk_8_32_00_07/source/ti/drivers/rf/lib/gcc/m4f/rf_multiMode_cc13x2.a(RFCC26X2_multiMode.c.cc13x2.gcc.o)
 .text.RF_applyRfCorePatch
                0x0000000000002920       0x74 /home/runner/work/CatSneeze_toolkit/CatSneeze_toolkit/_ti_sdk/simplelink_cc13xx_cc26xx_sdk_8_32_00_07/source/ti/drivers/rf/lib/gcc/m4f/rf_multiMode_cc13x2.a(RFCC26X2_multiMode.c.cc13x2.gcc.o)
 .text.RF_hwiHw
                0x0000000000002994       0x6c /home/runner/work/CatSneeze_toolkit/CatSneeze_toolkit/_ti_sdk/simplelink_cc13xx_cc26xx_sdk_8_32_00_07/source/ti/drivers/rf/lib/gcc/m4f/rf_multiMode_cc13x2.a(RFCC26X2_multiMode.c.cc13x2.gcc.o)
 .text.RF_swiFsm
                0x0000000000002a00       0x24 /home/runner/work/CatSneeze_toolkit/CatSneeze_toolkit/_ti_sdk/simplelink_cc13xx_cc26xx_sdk_8_32_00_07/source/ti/drivers/rf/lib/gcc/m4f/rf_multiMode_cc13x2.a(RFCC26X2_multiMode.c.cc13x2.gcc.o)
 .text.RF_fsmXOSCState
                0x0000000000002a24       0x50 /home/runner/work/CatSneeze_toolkit/CatSneeze_toolkit/_ti_sdk/simplelink_cc13xx_cc26xx_sdk_8_32_00_07/source/ti/drivers/rf/lib/gcc/m4f/rf_multiMode_cc13x2.a(RFCC26X2_multiMode.c.cc13x2.gcc.o)
 .text.RF_hwiCpe0ChangePhy
                0x0000000000002a74       0x24 /home/runner/work/CatSneeze_toolkit/CatSneeze_toolkit/_ti_sdk/simplelink_cc13xx_cc26xx_sdk_8_32_00_07/source/ti/drivers/rf/lib/gcc/m4f/rf_multiMode_cc13x2.a(RFCC26X2_multiMode.c.cc13x2.gcc.o)
 .text.RF_executeDirectImmediateCmd
                0x0000000000002a98       0x2c /home/runner/work/CatSneeze_toolkit/CatSneeze_toolkit/_ti_sdk/simplelink_cc13xx_cc26xx_sdk_8_32_00_07/source/ti/drivers/rf/lib/gcc/m4f/rf_multiMode_cc13x2.a(RFCC26X2_multiMode.c.cc13x2.gcc.o)
 .text.RF_wakeupNotification
                0x0000000000002ac4       0x50 /home/runner/work/CatSneeze_toolkit/CatSneeze_toolkit/_ti_sdk/simplelink_cc13xx_cc26xx_sdk_8_32_00_07/source/ti/drivers/rf/lib/gcc/m4f/rf_multiMode_cc13x2.a(RFCC26X2_multiMode.c.cc13x2.gcc.o)
 .text.RF_decodeOverridePointers.constprop.0
                0x0000000000002b14      0x120 /home/runner/work/CatSneeze_toolkit/CatSneeze_toolkit/_ti_sdk/simplelink_cc13xx_cc26xx_sdk_8_32_00_07/source/ti/drivers/rf/lib/gcc/m4f/rf_multiMode_cc13x2.a(RFCC26X2_multiMode.c.cc13x2.gcc.o)
 .text.RF_initRadioSetup
                0x0000000000002c34       0xb0 /home/runner/work/CatSneeze_toolkit/CatSneeze_toolkit/_ti_sdk/simplelink_cc13xx_cc26xx_sdk_8_32_00_07/source/ti/drivers/rf/lib/gcc/m4f/rf_multiMode_cc13x2.a(RFCC26X2_multiMode.c.cc13x2.gcc.o)
 .text.RF_fsmSetupState
                0x0000000000002ce4      0x10c /home/runner/work/CatSneeze_toolkit/CatSneeze_toolkit/_ti_sdk/simplelink_cc13xx_cc26xx_sdk_8_32_00_07/source/ti/drivers/rf/lib/gcc/m4f/rf_multiMode_cc13x2.a(RFCC26X2_multiMode.c.cc13x2.gcc.o)
 .text.RF_updatePaConfiguration
                0x0000000000002df0       0xb8 /home/runner/work/CatSneeze_toolkit/CatSneeze_toolkit/_ti_sdk/simplelink_cc13xx_cc26xx_sdk_8_32_00_07/source/ti/drivers/rf/lib/gcc/m4f/rf_multiMode_cc13x2.a(RFCC26X2_multiMode.c.cc13x2.gcc.o)
 .text.RF_defaultSubmitPolicy
                0x0000000000002ea8       0x94 /home/runner/work/CatSneeze_toolkit/CatSneeze_toolkit/_ti_sdk/simplelink_cc13xx_cc26xx_sdk_8_32_00_07/source/ti/drivers/rf/lib/gcc/m4f/rf_multiMode_cc13x2.a(RFCC26X2_multiMode.c.cc13x2.gcc.o)
                0x0000000000002ea8                RF_defaultSubmitPolicy
 .text.RF_discardPendCmd
                0x0000000000002f3c       0x8c /home/runner/work/CatSneeze_toolkit/CatSneeze_toolkit/_ti_sdk/simplelink_cc13xx_cc26xx_sdk_8_32_00_07/source/ti/drivers/rf/lib/gcc/m4f/rf_multiMode_cc13x2.a(RFCC26X2_multiMode.c.cc13x2.gcc.o)
 .text.RF_abortCmd
                0x0000000000002fc8      0x160 /home/runner/work/CatSneeze_toolkit/CatSneeze_toolkit/_ti_sdk/simplelink_cc13xx_cc26xx_sdk_8_32_00_07/source/ti/drivers/rf/lib/gcc/m4f/rf_multiMode_cc13x2.a(RFCC26X2_multiMode.c.cc13x2.gcc.o)
 .text.RF_powerConstraintSet
                0x0000000000003128       0x1c /home/runner/work/CatSneeze_toolkit/CatSneeze_toolkit/_ti_sdk/simplelink_cc13xx_cc26xx_sdk_8_32_00_07/source/ti/drivers/rf/lib/gcc/m4f/rf_multiMode_cc13x2.a(RFCC26X2_multiMode.c.cc13x2.gcc.o)
                0x0000000000003128                RF_powerConstraintSet
 .text.RF_ratRestartChannels
                0x0000000000003144       0x88 /home/runner/work/CatSneeze_toolkit/CatSneeze_toolkit/_ti_sdk/simplelink_cc13xx_cc26xx_sdk_8_32_00_07/source/ti/drivers/rf/lib/gcc/m4f/rf_multiMode_cc13x2.a(RFCC26X2_multiMode.c.cc13x2.gcc.o)
 .text.RF_powerConstraintRelease
                0x00000000000031cc       0x34 /home/runner/work/CatSneeze_toolkit/CatSneeze_toolkit/_ti_sdk/simplelink_cc13xx_cc26xx_sdk_8_32_00_07/source/ti/drivers/rf/lib/gcc/m4f/rf_multiMode_cc13x2.a(RFCC26X2_multiMode.c.cc13x2.gcc.o)
                0x00000000000031cc                RF_powerConstraintRelease
 .text.RF_clkInactivityCallback
                0x0000000000003200       0x1c /home/runner/work/CatSneeze_toolkit/CatSneeze_toolkit/_ti_sdk/simplelink_cc13xx_cc26xx_sdk_8_32_00_07/source/ti/drivers/rf/lib/gcc/m4f/rf_multiMode_cc13x2.a(RFCC26X2_multiMode.c.cc13x2.gcc.o)
 .text.RF_radioOpDoneCb
                0x000000000000321c      0x140 /home/runner/work/CatSneeze_toolkit/CatSneeze_toolkit/_ti_sdk/simplelink_cc13xx_cc26xx_sdk_8_32_00_07/source/ti/drivers/rf/lib/gcc/m4f/rf_multiMode_cc13x2.a(RFCC26X2_multiMode.c.cc13x2.gcc.o)
 .text.RF_ratFreeChannel
                0x000000000000335c       0x88 /home/runner/work/CatSneeze_toolkit/CatSneeze_toolkit/_ti_sdk/simplelink_cc13xx_cc26xx_sdk_8_32_00_07/source/ti/drivers/rf/lib/gcc/m4f/rf_multiMode_cc13x2.a(RFCC26X2_multiMode.c.cc13x2.gcc.o)
 .text.RF_swiHw
                0x00000000000033e4       0xcc /home/runner/work/CatSneeze_toolkit/CatSneeze_toolkit/_ti_sdk/simplelink_cc13xx_cc26xx_sdk_8_32_00_07/source/ti/drivers/rf/lib/gcc/m4f/rf_multiMode_cc13x2.a(RFCC26X2_multiMode.c.cc13x2.gcc.o)
 .text.RF_getCurrentTime
                0x00000000000034b0       0x60 /home/runner/work/CatSneeze_toolkit/CatSneeze_toolkit/_ti_sdk/simplelink_cc13xx_cc26xx_sdk_8_32_00_07/source/ti/drivers/rf/lib/gcc/m4f/rf_multiMode_cc13x2.a(RFCC26X2_multiMode.c.cc13x2.gcc.o)
                0x00000000000034b0                RF_getCurrentTime
 .text.RF_cmdDispatchTime
                0x0000000000003510       0xac /home/runner/work/CatSneeze_toolkit/CatSneeze_toolkit/_ti_sdk/simplelink_cc13xx_cc26xx_sdk_8_32_00_07/source/ti/drivers/rf/lib/gcc/m4f/rf_multiMode_cc13x2.a(RFCC26X2_multiMode.c.cc13x2.gcc.o)
 .text.RF_dispatchNextCmd
                0x00000000000035bc      0x1c4 /home/runner/work/CatSneeze_toolkit/CatSneeze_toolkit/_ti_sdk/simplelink_cc13xx_cc26xx_sdk_8_32_00_07/source/ti/drivers/rf/lib/gcc/m4f/rf_multiMode_cc13x2.a(RFCC26X2_multiMode.c.cc13x2.gcc.o)
 .text.RF_hwiCpe0Active
                0x0000000000003780       0xf8 /home/runner/work/CatSneeze_toolkit/CatSneeze_toolkit/_ti_sdk/simplelink_cc13xx_cc26xx_sdk_8_32_00_07/source/ti/drivers/rf/lib/gcc/m4f/rf_multiMode_cc13x2.a(RFCC26X2_multiMode.c.cc13x2.gcc.o)
 .text.RF_hwiCpe0PowerFsm
                0x0000000000003878       0x60 /home/runner/work/CatSneeze_toolkit/CatSneeze_toolkit/_ti_sdk/simplelink_cc13xx_cc26xx_sdk_8_32_00_07/source/ti/drivers/rf/lib/gcc/m4f/rf_multiMode_cc13x2.a(RFCC26X2_multiMode.c.cc13x2.gcc.o)
 .text.RF_calculateDispatchTime
                0x00000000000038d8       0xc8 /home/runner/work/CatSneeze_toolkit/CatSneeze_toolkit/_ti_sdk/simplelink_cc13xx_cc26xx_sdk_8_32_00_07/source/ti/drivers/rf/lib/gcc/m4f/rf_multiMode_cc13x2.a(RFCC26X2_multiMode.c.cc13x2.gcc.o)
 .text.RF_dispatchNextEvent
                0x00000000000039a0       0x6c /home/runner/work/CatSneeze_toolkit/CatSneeze_toolkit/_ti_sdk/simplelink_cc13xx_cc26xx_sdk_8_32_00_07/source/ti/drivers/rf/lib/gcc/m4f/rf_multiMode_cc13x2.a(RFCC26X2_multiMode.c.cc13x2.gcc.o)
 .text.RF_fsmPowerUpState
                0x0000000000003a0c      0x118 /home/runner/work/CatSneeze_toolkit/CatSneeze_toolkit/_ti_sdk/simplelink_cc13xx_cc26xx_sdk_8_32_00_07/source/ti/drivers/rf/lib/gcc/m4f/rf_multiMode_cc13x2.a(RFCC26X2_multiMode.c.cc13x2.gcc.o)
 .text.RF_fsmActiveState
                0x0000000000003b24      0x4dc /home/runner/work/CatSneeze_toolkit/CatSneeze_toolkit/_ti_sdk/simplelink_cc13xx_cc26xx_sdk_8_32_00_07/source/ti/drivers/rf/lib/gcc/m4f/rf_multiMode_cc13x2.a(RFCC26X2_multiMode.c.cc13x2.gcc.o)
 .text.RF_clkPowerUp
                0x0000000000004000       0x24 /home/runner/work/CatSneeze_toolkit/CatSneeze_toolkit/_ti_sdk/simplelink_cc13xx_cc26xx_sdk_8_32_00_07/source/ti/drivers/rf/lib/gcc/m4f/rf_multiMode_cc13x2.a(RFCC26X2_multiMode.c.cc13x2.gcc.o)
 .text.RF_postCmd
                0x0000000000004024      0x100 /home/runner/work/CatSneeze_toolkit/CatSneeze_toolkit/_ti_sdk/simplelink_cc13xx_cc26xx_sdk_8_32_00_07/source/ti/drivers/rf/lib/gcc/m4f/rf_multiMode_cc13x2.a(RFCC26X2_multiMode.c.cc13x2.gcc.o)
                0x0000000000004024                RF_postCmd
 .text.RF_pendCmd
                0x0000000000004124       0xa8 /home/runner/work/CatSneeze_toolkit/CatSneeze_toolkit/_ti_sdk/simplelink_cc13xx_cc26xx_sdk_8_32_00_07/source/ti/drivers/rf/lib/gcc/m4f/rf_multiMode_cc13x2.a(RFCC26X2_multiMode.c.cc13x2.gcc.o)
                0x0000000000004124                RF_pendCmd
 .text.RF_runCmd
                0x00000000000041cc       0x24 /home/runner/work/CatSneeze_toolkit/CatSneeze_toolkit/_ti_sdk/simplelink_cc13xx_cc26xx_sdk_8_32_00_07/source/ti/drivers/rf/lib/gcc/m4f/rf_multiMode_cc13x2.a(RFCC26X2_multiMode.c.cc13x2.gcc.o)
                0x00000000000041cc                RF_runCmd
 .text.RF_Params_init
                0x00000000000041f0       0x18 /home/runner/work/CatSneeze_toolkit/CatSneeze_toolkit/_ti_sdk/simplelink_cc13xx_cc26xx_sdk_8_32_00_07/source/ti/drivers/rf/lib/gcc/m4f/rf_multiMode_cc13x2.a(RFCC26X2_multiMode.c.cc13x2.gcc.o)
                0x00000000000041f0                RF_Params_init
 .text.RF_open  0x0000000000004208      0x2cc /home/runner/work/CatSneeze_toolkit/CatSneeze_toolkit/_ti_sdk/simplelink_cc13xx_cc26xx_sdk_8_32_00_07/source/ti/drivers/rf/lib/gcc/m4f/rf_multiMode_cc13x2.a(RFCC26X2_multiMode.c.cc13x2.gcc.o)
                0x0000000000004208                RF_open
 .text.NOROM_RFCCpeIntGetAndClear
                0x00000000000044d4       0x10 /home/runner/work/CatSneeze_toolkit/CatSneeze_toolkit/_ti_sdk/simplelink_cc13xx_cc26xx_sdk_8_32_00_07/source/ti/drivers/rf/lib/gcc/m4f/rf_multiMode_cc13x2.a(rfc.c.cc13x2.gcc.o)
                0x00000000000044d4                NOROM_RFCCpeIntGetAndClear
 .text.NOROM_RFCDoorbellSendTo
                0x00000000000044e4       0x20 /home/runner/work/CatSneeze_toolkit/CatSneeze_toolkit/_ti_sdk/simplelink_cc13xx_cc26xx_sdk_8_32_00_07/source/ti/drivers/rf/lib/gcc/m4f/rf_multiMode_cc13x2.a(rfc.c.cc13x2.gcc.o)
                0x00000000000044e4                NOROM_RFCDoorbellSendTo
 .text.NOROM_RFCSynthPowerDown
                0x0000000000004504       0x4c /home/runner/work/CatSneeze_toolkit/CatSneeze_toolkit/_ti_sdk/simplelink_cc13xx_cc26xx_sdk_8_32_00_07/source/ti/drivers/rf/lib/gcc/m4f/rf_multiMode_cc13x2.a(rfc.c.cc13x2.gcc.o)
                0x0000000000004504                NOROM_RFCSynthPowerDown
 .text.NOROM_RFCCpePatchReset
                0x0000000000004550        0x2 /home/runner/work/CatSneeze_toolkit/CatSneeze_toolkit/_ti_sdk/simplelink_cc13xx_cc26xx_sdk_8_32_00_07/source/ti/drivers/rf/lib/gcc/m4f/rf_multiMode_cc13x2.a(rfc.c.cc13x2.gcc.o)
                0x0000000000004550                NOROM_RFCCpePatchReset
 .text.NOROM_RFCOverrideSearch
                0x0000000000004552       0x26 /home/runner/work/CatSneeze_toolkit/CatSneeze_toolkit/_ti_sdk/simplelink_cc13xx_cc26xx_sdk_8_32_00_07/source/ti/drivers/rf/lib/gcc/m4f/rf_multiMode_cc13x2.a(rfc.c.cc13x2.gcc.o)
                0x0000000000004552                NOROM_RFCOverrideSearch
 .text.NOROM_RFCAnaDivTxOverride
                0x0000000000004578       0x3c /home/runner/work/CatSneeze_toolkit/CatSneeze_toolkit/_ti_sdk/simplelink_cc13xx_cc26xx_sdk_8_32_00_07/source/ti/drivers/rf/lib/gcc/m4f/rf_multiMode_cc13x2.a(rfc.c.cc13x2.gcc.o)
                0x0000000000004578                NOROM_RFCAnaDivTxOverride
 .text.NOROM_RFCOverrideUpdate
                0x00000000000045b4        0x4 /home/runner/work/CatSneeze_toolkit/CatSneeze_toolkit/_ti_sdk/simplelink_cc13xx_cc26xx_sdk_8_32_00_07/source/ti/drivers/rf/lib/gcc/m4f/rf_multiMode_cc13x2.a(rfc.c.cc13x2.gcc.o)
                0x00000000000045b4                NOROM_RFCOverrideUpdate
 .text.NOROM_RFCHwIntGetAndClear
                0x00000000000045b8       0x10 /home/runner/work/CatSneeze_toolkit/CatSneeze_toolkit/_ti_sdk/simplelink_cc13xx_cc26xx_sdk_8_32_00_07/source/ti/drivers/rf/lib/gcc/m4f/rf_multiMode_cc13x2.a(rfc.c.cc13x2.gcc.o)
                0x00000000000045b8                NOROM_RFCHwIntGetAndClear
 .text.configurePropPatch
                0x00000000000045c8       0x48 /home/runner/work/CatSneeze_toolkit/CatSneeze_toolkit/_ti_sdk/simplelink_cc13xx_cc26xx_sdk_8_32_00_07/source/ti/drivers/rf/lib/gcc/m4f/rf_multiMode_cc13x2.a(rf_patch_cpe_prop.c.cc13x2.gcc.o)
 .text.rf_patch_cpe_prop
                0x0000000000004610       0x2c /home/runner/work/CatSneeze_toolkit/CatSneeze_toolkit/_ti_sdk/simplelink_cc13xx_cc26xx_sdk_8_32_00_07/source/ti/drivers/rf/lib/gcc/m4f/rf_multiMode_cc13x2.a(rf_patch_cpe_prop.c.cc13x2.gcc.o)
                0x0000000000004610                rf_patch_cpe_prop
 .text.List_clearList
                0x000000000000463c       0x18 /home/runner/work/CatSneeze_toolkit/CatSneeze_toolkit/_ti_sdk/simplelink_cc13xx_cc26xx_sdk_8_32_00_07/source/ti/drivers/lib/gcc/m4f/drivers_cc13x2x7.a(List.c.obj)
                0x000000000000463c                List_clearList
 .text.List_get
                0x0000000000004654       0x28 /home/runner/work/CatSneeze_toolkit/CatSneeze_toolkit/_ti_sdk/simplelink_cc13xx_cc26xx_sdk_8_32_00_07/source/ti/drivers/lib/gcc/m4f/drivers_cc13x2x7.a(List.c.obj)
                0x0000000000004654                List_get
 .text.List_insert
                0x000000000000467c       0x2c /home/runner/work/CatSneeze_toolkit/CatSneeze_toolkit/_ti_sdk/simplelink_cc13xx_cc26xx_sdk_8_32_00_07/source/ti/drivers/lib/gcc/m4f/drivers_cc13x2x7.a(List.c.obj)
                0x000000000000467c                List_insert
 .text.List_put
                0x00000000000046a8       0x2c /home/runner/work/CatSneeze_toolkit/CatSneeze_toolkit/_ti_sdk/simplelink_cc13xx_cc26xx_sdk_8_32_00_07/source/ti/drivers/lib/gcc/m4f/drivers_cc13x2x7.a(List.c.obj)
                0x00000000000046a8                List_put
 .text.List_putHead
                0x00000000000046d4       0x2c /home/runner/work/CatSneeze_toolkit/CatSneeze_toolkit/_ti_sdk/simplelink_cc13xx_cc26xx_sdk_8_32_00_07/source/ti/drivers/lib/gcc/m4f/drivers_cc13x2x7.a(List.c.obj)
                0x00000000000046d4                List_putHead
 .text.List_remove
                0x0000000000004700       0x30 /home/runner/work/CatSneeze_toolkit/CatSneeze_toolkit/_ti_sdk/simplelink_cc13xx_cc26xx_sdk_8_32_00_07/source/ti/drivers/lib/gcc/m4f/drivers_cc13x2x7.a(List.c.obj)
                0x0000000000004700                List_remove
 .text.emptyClockFunc
                0x0000000000004730        0x4 /home/runner/work/CatSneeze_toolkit/CatSneeze_toolkit/_ti_sdk/simplelink_cc13xx_cc26xx_sdk_8_32_00_07/source/ti/drivers/lib/gcc/m4f/drivers_cc13x2x7.a(PowerCC26X2.c.obj)
 .text.nopResourceHandler
                0x0000000000004734        0x4 /home/runner/work/CatSneeze_toolkit/CatSneeze_toolkit/_ti_sdk/simplelink_cc13xx_cc26xx_sdk_8_32_00_07/source/ti/drivers/lib/gcc/m4f/drivers_cc13x2x7.a(PowerCC26X2.c.obj)
 .text.configureRFCoreClocks
                0x0000000000004738        0x4 /home/runner/work/CatSneeze_toolkit/CatSneeze_toolkit/_ti_sdk/simplelink_cc13xx_cc26xx_sdk_8_32_00_07/source/ti/drivers/lib/gcc/m4f/drivers_cc13x2x7.a(PowerCC26X2.c.obj)
 .text.configureXOSCHF
                0x000000000000473c      0x13c /home/runner/work/CatSneeze_toolkit/CatSneeze_toolkit/_ti_sdk/simplelink_cc13xx_cc26xx_sdk_8_32_00_07/source/ti/drivers/lib/gcc/m4f/drivers_cc13x2x7.a(PowerCC26X2.c.obj)
 .text.switchXOSCHF
                0x0000000000004878       0x7c /home/runner/work/CatSneeze_toolkit/CatSneeze_toolkit/_ti_sdk/simplelink_cc13xx_cc26xx_sdk_8_32_00_07/source/ti/drivers/lib/gcc/m4f/drivers_cc13x2x7.a(PowerCC26X2.c.obj)
 .text.switchToTCXO
                0x00000000000048f4       0x10 /home/runner/work/CatSneeze_toolkit/CatSneeze_toolkit/_ti_sdk/simplelink_cc13xx_cc26xx_sdk_8_32_00_07/source/ti/drivers/lib/gcc/m4f/drivers_cc13x2x7.a(PowerCC26X2.c.obj)
 .text.oscillatorISR
                0x0000000000004904       0xc0 /home/runner/work/CatSneeze_toolkit/CatSneeze_toolkit/_ti_sdk/simplelink_cc13xx_cc26xx_sdk_8_32_00_07/source/ti/drivers/lib/gcc/m4f/drivers_cc13x2x7.a(PowerCC26X2.c.obj)
 .text.Power_disablePolicy
                0x00000000000049c4       0x14 /home/runner/work/CatSneeze_toolkit/CatSneeze_toolkit/_ti_sdk/simplelink_cc13xx_cc26xx_sdk_8_32_00_07/source/ti/drivers/lib/gcc/m4f/drivers_cc13x2x7.a(PowerCC26X2.c.obj)
                0x00000000000049c4                Power_disablePolicy
 .text.Power_enablePolicy
                0x00000000000049d8       0x10 /home/runner/work/CatSneeze_toolkit/CatSneeze_toolkit/_ti_sdk/simplelink_cc13xx_cc26xx_sdk_8_32_00_07/source/ti/drivers/lib/gcc/m4f/drivers_cc13x2x7.a(PowerCC26X2.c.obj)
                0x00000000000049d8                Power_enablePolicy
 .text.Power_getConstraintMask
                0x00000000000049e8        0xc /home/runner/work/CatSneeze_toolkit/CatSneeze_toolkit/_ti_sdk/simplelink_cc13xx_cc26xx_sdk_8_32_00_07/source/ti/drivers/lib/gcc/m4f/drivers_cc13x2x7.a(PowerCC26X2.c.obj)
                0x00000000000049e8                Power_getConstraintMask
 .text.Power_getTransitionLatency
                0x00000000000049f4       0x20 /home/runner/work/CatSneeze_toolkit/CatSneeze_toolkit/_ti_sdk/simplelink_cc13xx_cc26xx_sdk_8_32_00_07/source/ti/drivers/lib/gcc/m4f/drivers_cc13x2x7.a(PowerCC26X2.c.obj)
                0x00000000000049f4                Power_getTransitionLatency
 .text.Power_idleFunc
                0x0000000000004a14       0x18 /home/runner/work/CatSneeze_toolkit/CatSneeze_toolkit/_ti_sdk/simplelink_cc13xx_cc26xx_sdk_8_32_00_07/source/ti/drivers/lib/gcc/m4f/drivers_cc13x2x7.a(PowerCC26X2.c.obj)
                0x0000000000004a14                Power_idleFunc
 .text.Power_init
                0x0000000000004a2c      0x16c /home/runner/work/CatSneeze_toolkit/CatSneeze_toolkit/_ti_sdk/simplelink_cc13xx_cc26xx_sdk_8_32_00_07/source/ti/drivers/lib/gcc/m4f/drivers_cc13x2x7.a(PowerCC26X2.c.obj)
                0x0000000000004a2c                Power_init
 .text.Power_registerNotify
                0x0000000000004b98       0x24 /home/runner/work/CatSneeze_toolkit/CatSneeze_toolkit/_ti_sdk/simplelink_cc13xx_cc26xx_sdk_8_32_00_07/source/ti/drivers/lib/gcc/m4f/drivers_cc13x2x7.a(PowerCC26X2.c.obj)
                0x0000000000004b98                Power_registerNotify
 .text.Power_releaseConstraint
                0x0000000000004bbc       0x34 /home/runner/work/CatSneeze_toolkit/CatSneeze_toolkit/_ti_sdk/simplelink_cc13xx_cc26xx_sdk_8_32_00_07/source/ti/drivers/lib/gcc/m4f/drivers_cc13x2x7.a(PowerCC26X2.c.obj)
                0x0000000000004bbc                Power_releaseConstraint
 .text.Power_releaseDependency
                0x0000000000004bf0       0xc8 /home/runner/work/CatSneeze_toolkit/CatSneeze_toolkit/_ti_sdk/simplelink_cc13xx_cc26xx_sdk_8_32_00_07/source/ti/drivers/lib/gcc/m4f/drivers_cc13x2x7.a(PowerCC26X2.c.obj)
                0x0000000000004bf0                Power_releaseDependency
 .text.Power_setConstraint
                0x0000000000004cb8       0x2c /home/runner/work/CatSneeze_toolkit/CatSneeze_toolkit/_ti_sdk/simplelink_cc13xx_cc26xx_sdk_8_32_00_07/source/ti/drivers/lib/gcc/m4f/drivers_cc13x2x7.a(PowerCC26X2.c.obj)
                0x0000000000004cb8                Power_setConstraint
 .text.Power_setDependency
                0x0000000000004ce4       0xd4 /home/runner/work/CatSneeze_toolkit/CatSneeze_toolkit/_ti_sdk/simplelink_cc13xx_cc26xx_sdk_8_32_00_07/source/ti/drivers/lib/gcc/m4f/drivers_cc13x2x7.a(PowerCC26X2.c.obj)
                0x0000000000004ce4                Power_setDependency
 .text.Power_sleep
                0x0000000000004db8      0x1e4 /home/runner/work/CatSneeze_toolkit/CatSneeze_toolkit/_ti_sdk/simplelink_cc13xx_cc26xx_sdk_8_32_00_07/source/ti/drivers/lib/gcc/m4f/drivers_cc13x2x7.a(PowerCC26X2.c.obj)
                0x0000000000004db8                Power_sleep
 .text.PowerCC26XX_calibrate
                0x0000000000004f9c       0x18 /home/runner/work/CatSneeze_toolkit/CatSneeze_toolkit/_ti_sdk/simplelink_cc13xx_cc26xx_sdk_8_32_00_07/source/ti/drivers/lib/gcc/m4f/drivers_cc13x2x7.a(PowerCC26X2.c.obj)
                0x0000000000004f9c                PowerCC26XX_calibrate
 .text.PowerCC26XX_isStableXOSC_HF
                0x0000000000004fb4       0x30 /home/runner/work/CatSneeze_toolkit/CatSneeze_toolkit/_ti_sdk/simplelink_cc13xx_cc26xx_sdk_8_32_00_07/source/ti/drivers/lib/gcc/m4f/drivers_cc13x2x7.a(PowerCC26X2.c.obj)
                0x0000000000004fb4                PowerCC26XX_isStableXOSC_HF
 .text.PowerCC26XX_switchXOSC_HF
                0x0000000000004fe4       0x78 /home/runner/work/CatSneeze_toolkit/CatSneeze_toolkit/_ti_sdk/simplelink_cc13xx_cc26xx_sdk_8_32_00_07/source/ti/drivers/lib/gcc/m4f/drivers_cc13x2x7.a(PowerCC26X2.c.obj)
                0x0000000000004fe4                PowerCC26XX_switchXOSC_HF
 .text.PowerCC26X2_initiateCalibration
                0x000000000000505c       0x64 /home/runner/work/CatSneeze_toolkit/CatSneeze_toolkit/_ti_sdk/simplelink_cc13xx_cc26xx_sdk_8_32_00_07/source/ti/drivers/lib/gcc/m4f/drivers_cc13x2x7.a(PowerCC26X2_calibrateRCOSC.c.obj)
                0x000000000000505c                PowerCC26X2_initiateCalibration
 .text.PowerCC26X2_auxISR
                0x00000000000050c0      0x2b4 /home/runner/work/CatSneeze_toolkit/CatSneeze_toolkit/_ti_sdk/simplelink_cc13xx_cc26xx_sdk_8_32_00_07/source/ti/drivers/lib/gcc/m4f/drivers_cc13x2x7.a(PowerCC26X2_calibrateRCOSC.c.obj)
                0x00000000000050c0                PowerCC26X2_auxISR
 .text.PowerCC26X2_calibrate
                0x0000000000005374      0x110 /home/runner/work/CatSneeze_toolkit/CatSneeze_toolkit/_ti_sdk/simplelink_cc13xx_cc26xx_sdk_8_32_00_07/source/ti/drivers/lib/gcc/m4f/drivers_cc13x2x7.a(PowerCC26X2_calibrateRCOSC.c.obj)
                0x0000000000005374                PowerCC26X2_calibrate
 .text.PowerCC26X2_RCOSC_clockFunc
                0x0000000000005484       0x44 /home/runner/work/CatSneeze_toolkit/CatSneeze_toolkit/_ti_sdk/simplelink_cc13xx_cc26xx_sdk_8_32_00_07/source/ti/drivers/lib/gcc/m4f/drivers_cc13x2x7.a(PowerCC26X2_calibrateRCOSC.c.obj)
                0x0000000000005484                PowerCC26X2_RCOSC_clockFunc
 .text.UART2_Params_init
                0x00000000000054c8       0x24 /home/runner/work/CatSneeze_toolkit/CatSneeze_toolkit/_ti_sdk/simplelink_cc13xx_cc26xx_sdk_8_32_00_07/source/ti/drivers/lib/gcc/m4f/drivers_cc13x2x7.a(UART2.c.obj)
                0x00000000000054c8                UART2_Params_init
 .text.UART2_rxEnable
                0x00000000000054ec       0x44 /home/runner/work/CatSneeze_toolkit/CatSneeze_toolkit/_ti_sdk/simplelink_cc13xx_cc26xx_sdk_8_32_00_07/source/ti/drivers/lib/gcc/m4f/drivers_cc13x2x7.a(UART2.c.obj)
                0x00000000000054ec                UART2_rxEnable
 .text.UART2_readTimeout
                0x0000000000005530      0x1b8 /home/runner/work/CatSneeze_toolkit/CatSneeze_toolkit/_ti_sdk/simplelink_cc13xx_cc26xx_sdk_8_32_00_07/source/ti/drivers/lib/gcc/m4f/drivers_cc13x2x7.a(UART2.c.obj)
                0x0000000000005530                UART2_readTimeout
 .text.UART2_readFull
                0x00000000000056e8       0x50 /home/runner/work/CatSneeze_toolkit/CatSneeze_toolkit/_ti_sdk/simplelink_cc13xx_cc26xx_sdk_8_32_00_07/source/ti/drivers/lib/gcc/m4f/drivers_cc13x2x7.a(UART2.c.obj)
                0x00000000000056e8                UART2_readFull
 .text.UART2_read
                0x0000000000005738       0x24 /home/runner/work/CatSneeze_toolkit/CatSneeze_toolkit/_ti_sdk/simplelink_cc13xx_cc26xx_sdk_8_32_00_07/source/ti/drivers/lib/gcc/m4f/drivers_cc13x2x7.a(UART2.c.obj)
                0x0000000000005738                UART2_read
 .text.UART2_writeTimeoutBlocking
                0x000000000000575c      0x180 /home/runner/work/CatSneeze_toolkit/CatSneeze_toolkit/_ti_sdk/simplelink_cc13xx_cc26xx_sdk_8_32_00_07/source/ti/drivers/lib/gcc/m4f/drivers_cc13x2x7.a(UART2.c.obj)
                0x000000000000575c                UART2_writeTimeoutBlocking
 .text.UART2_writeTimeoutNonblocking
                0x00000000000058dc      0x128 /home/runner/work/CatSneeze_toolkit/CatSneeze_toolkit/_ti_sdk/simplelink_cc13xx_cc26xx_sdk_8_32_00_07/source/ti/drivers/lib/gcc/m4f/drivers_cc13x2x7.a(UART2.c.obj)
                0x00000000000058dc                UART2_writeTimeoutNonblocking
 .text.UART2_writeTimeout
                0x0000000000005a04       0x24 /home/runner/work/CatSneeze_toolkit/CatSneeze_toolkit/_ti_sdk/simplelink_cc13xx_cc26xx_sdk_8_32_00_07/source/ti/drivers/lib/gcc/m4f/drivers_cc13x2x7.a(UART2.c.obj)
                0x0000000000005a04                UART2_writeTimeout
 .text.UART2_write
                0x0000000000005a28       0x14 /home/runner/work/CatSneeze_toolkit/CatSneeze_toolkit/_ti_sdk/simplelink_cc13xx_cc26xx_sdk_8_32_00_07/source/ti/drivers/lib/gcc/m4f/drivers_cc13x2x7.a(UART2.c.obj)
                0x0000000000005a28                UART2_write
 .text.UART2CC26X2_eventCallback
                0x0000000000005a3c        0x4 /home/runner/work/CatSneeze_toolkit/CatSneeze_toolkit/_ti_sdk/simplelink_cc13xx_cc26xx_sdk_8_32_00_07/source/ti/drivers/lib/gcc/m4f/drivers_cc13x2x7.a(UART2CC26X2.c.obj)
 .text.UART2CC26X2_initHw.isra.0
                0x0000000000005a40      0x130 /home/runner/work/CatSneeze_toolkit/CatSneeze_toolkit/_ti_sdk/simplelink_cc13xx_cc26xx_sdk_8_32_00_07/source/ti/drivers/lib/gcc/m4f/drivers_cc13x2x7.a(UART2CC26X2.c.obj)
 .text.UART2CC26X2_postNotifyFxn
                0x0000000000005b70       0x18 /home/runner/work/CatSneeze_toolkit/CatSneeze_toolkit/_ti_sdk/simplelink_cc13xx_cc26xx_sdk_8_32_00_07/source/ti/drivers/lib/gcc/m4f/drivers_cc13x2x7.a(UART2CC26X2.c.obj)
 .text.UART2_open
                0x0000000000005b88      0x1bc /home/runner/work/CatSneeze_toolkit/CatSneeze_toolkit/_ti_sdk/simplelink_cc13xx_cc26xx_sdk_8_32_00_07/source/ti/drivers/lib/gcc/m4f/drivers_cc13x2x7.a(UART2CC26X2.c.obj)
                0x0000000000005b88                UART2_open
 .text.UART2Support_disableTx
                0x0000000000005d44        0xc /home/runner/work/CatSneeze_toolkit/CatSneeze_toolkit/_ti_sdk/simplelink_cc13xx_cc26xx_sdk_8_32_00_07/source/ti/drivers/lib/gcc/m4f/drivers_cc13x2x7.a(UART2CC26X2.c.obj)
                0x0000000000005d44                UART2Support_disableTx
 .text.UART2Support_dmaStartTx
                0x0000000000005d50       0xe4 /home/runner/work/CatSneeze_toolkit/CatSneeze_toolkit/_ti_sdk/simplelink_cc13xx_cc26xx_sdk_8_32_00_07/source/ti/drivers/lib/gcc/m4f/drivers_cc13x2x7.a(UART2CC26X2.c.obj)
                0x0000000000005d50                UART2Support_dmaStartTx
 .text.UART2Support_dmaStopRx
                0x0000000000005e34       0x74 /home/runner/work/CatSneeze_toolkit/CatSneeze_toolkit/_ti_sdk/simplelink_cc13xx_cc26xx_sdk_8_32_00_07/source/ti/drivers/lib/gcc/m4f/drivers_cc13x2x7.a(UART2CC26X2.c.obj)
                0x0000000000005e34                UART2Support_dmaStopRx
 .text.UART2Support_dmaStartRx
                0x0000000000005ea8       0xfc /home/runner/work/CatSneeze_toolkit/CatSneeze_toolkit/_ti_sdk/simplelink_cc13xx_cc26xx_sdk_8_32_00_07/source/ti/drivers/lib/gcc/m4f/drivers_cc13x2x7.a(UART2CC26X2.c.obj)
                0x0000000000005ea8                UART2Support_dmaStartRx
 .text.UART2Support_dmaStopTx
                0x0000000000005fa4       0x8c /home/runner/work/CatSneeze_toolkit/CatSneeze_toolkit/_ti_sdk/simplelink_cc13xx_cc26xx_sdk_8_32_00_07/source/ti/drivers/lib/gcc/m4f/drivers_cc13x2x7.a(UART2CC26X2.c.obj)
                0x0000000000005fa4                UART2Support_dmaStopTx
 .text.UART2CC26X2_hwiIntFxn
                0x0000000000006030      0x2bc /home/runner/work/CatSneeze_toolkit/CatSneeze_toolkit/_ti_sdk/simplelink_cc13xx_cc26xx_sdk_8_32_00_07/source/ti/drivers/lib/gcc/m4f/drivers_cc13x2x7.a(UART2CC26X2.c.obj)
 .text.UART2Support_enableInts
                0x00000000000062ec       0x2c /home/runner/work/CatSneeze_toolkit/CatSneeze_toolkit/_ti_sdk/simplelink_cc13xx_cc26xx_sdk_8_32_00_07/source/ti/drivers/lib/gcc/m4f/drivers_cc13x2x7.a(UART2CC26X2.c.obj)
                0x00000000000062ec                UART2Support_enableInts
 .text.UART2Support_enableRx
                0x0000000000006318        0xc /home/runner/work/CatSneeze_toolkit/CatSneeze_toolkit/_ti_sdk/simplelink_cc13xx_cc26xx_sdk_8_32_00_07/source/ti/drivers/lib/gcc/m4f/drivers_cc13x2x7.a(UART2CC26X2.c.obj)
                0x0000000000006318                UART2Support_enableRx
 .text.UART2Support_enableTx
                0x0000000000006324        0xc /home/runner/work/CatSneeze_toolkit/CatSneeze_toolkit/_ti_sdk/simplelink_cc13xx_cc26xx_sdk_8_32_00_07/source/ti/drivers/lib/gcc/m4f/drivers_cc13x2x7.a(UART2CC26X2.c.obj)
                0x0000000000006324                UART2Support_enableTx
 .text.UART2Support_powerSetConstraint
                0x0000000000006330       0x28 /home/runner/work/CatSneeze_toolkit/CatSneeze_toolkit/_ti_sdk/simplelink_cc13xx_cc26xx_sdk_8_32_00_07/source/ti/drivers/lib/gcc/m4f/drivers_cc13x2x7.a(UART2CC26X2.c.obj)
                0x0000000000006330                UART2Support_powerSetConstraint
 .text.UART2Support_sendData
                0x0000000000006358       0x34 /home/runner/work/CatSneeze_toolkit/CatSneeze_toolkit/_ti_sdk/simplelink_cc13xx_cc26xx_sdk_8_32_00_07/source/ti/drivers/lib/gcc/m4f/drivers_cc13x2x7.a(UART2CC26X2.c.obj)
                0x0000000000006358                UART2Support_sendData
 .text.UART2Support_txDone
                0x000000000000638c       0x10 /home/runner/work/CatSneeze_toolkit/CatSneeze_toolkit/_ti_sdk/simplelink_cc13xx_cc26xx_sdk_8_32_00_07/source/ti/drivers/lib/gcc/m4f/drivers_cc13x2x7.a(UART2CC26X2.c.obj)
                0x000000000000638c                UART2Support_txDone
 .text.PowerCC26X2_updateSubSecInc
                0x000000000000639c       0x84 /home/runner/work/CatSneeze_toolkit/CatSneeze_toolkit/_ti_sdk/simplelink_cc13xx_cc26xx_sdk_8_32_00_07/source/ti/drivers/lib/gcc/m4f/drivers_cc13x2x7.a(PowerCC26X2_calibrateRCOSC_helpers.c.obj)
                0x000000000000639c                PowerCC26X2_updateSubSecInc
 .text.PowerCC26X2_readCtrim
                0x0000000000006420       0x10 /home/runner/work/CatSneeze_toolkit/CatSneeze_toolkit/_ti_sdk/simplelink_cc13xx_cc26xx_sdk_8_32_00_07/source/ti/drivers/lib/gcc/m4f/drivers_cc13x2x7.a(PowerCC26X2_calibrateRCOSC_helpers.c.obj)
                0x0000000000006420                PowerCC26X2_readCtrim
 .text.PowerCC26X2_readCtrimFract
                0x0000000000006430       0x10 /home/runner/work/CatSneeze_toolkit/CatSneeze_toolkit/_ti_sdk/simplelink_cc13xx_cc26xx_sdk_8_32_00_07/source/ti/drivers/lib/gcc/m4f/drivers_cc13x2x7.a(PowerCC26X2_calibrateRCOSC_helpers.c.obj)
                0x0000000000006430                PowerCC26X2_readCtrimFract
 .text.PowerCC26X2_readRtrim
                0x0000000000006440       0x10 /home/runner/work/CatSneeze_toolkit/CatSneeze_toolkit/_ti_sdk/simplelink_cc13xx_cc26xx_sdk_8_32_00_07/source/ti/drivers/lib/gcc/m4f/drivers_cc13x2x7.a(PowerCC26X2_calibrateRCOSC_helpers.c.obj)
                0x0000000000006440                PowerCC26X2_readRtrim
 .text.PowerCC26X2_writeCtrim
                0x0000000000006450       0x28 /home/runner/work/CatSneeze_toolkit/CatSneeze_toolkit/_ti_sdk/simplelink_cc13xx_cc26xx_sdk_8_32_00_07/source/ti/drivers/lib/gcc/m4f/drivers_cc13x2x7.a(PowerCC26X2_calibrateRCOSC_helpers.c.obj)
                0x0000000000006450                PowerCC26X2_writeCtrim
 .text.PowerCC26X2_writeCtrimFract
                0x0000000000006478       0x28 /home/runner/work/CatSneeze_toolkit/CatSneeze_toolkit/_ti_sdk/simplelink_cc13xx_cc26xx_sdk_8_32_00_07/source/ti/drivers/lib/gcc/m4f/drivers_cc13x2x7.a(PowerCC26X2_calibrateRCOSC_helpers.c.obj)
                0x0000000000006478                PowerCC26X2_writeCtrimFract
 .text.PowerCC26X2_writeCtrimFractEn
                0x00000000000064a0       0x28 /home/runner/work/CatSneeze_toolkit/CatSneeze_toolkit/_ti_sdk/simplelink_cc13xx_cc26xx_sdk_8_32_00_07/source/ti/drivers/lib/gcc/m4f/drivers_cc13x2x7.a(PowerCC26X2_calibrateRCOSC_helpers.c.obj)
                0x00000000000064a0                PowerCC26X2_writeCtrimFractEn
 .text.PowerCC26X2_writeRtrim
                0x00000000000064c8       0x28 /home/runner/work/CatSneeze_toolkit/CatSneeze_toolkit/_ti_sdk/simplelink_cc13xx_cc26xx_sdk_8_32_00_07/source/ti/drivers/lib/gcc/m4f/drivers_cc13x2x7.a(PowerCC26X2_calibrateRCOSC_helpers.c.obj)
                0x00000000000064c8                PowerCC26X2_writeRtrim
 .text.PowerCC26X2_setTdcClkSrc24M
                0x00000000000064f0       0x40 /home/runner/work/CatSneeze_toolkit/CatSneeze_toolkit/_ti_sdk/simplelink_cc13xx_cc26xx_sdk_8_32_00_07/source/ti/drivers/lib/gcc/m4f/drivers_cc13x2x7.a(PowerCC26X2_calibrateRCOSC_helpers.c.obj)
                0x00000000000064f0                PowerCC26X2_setTdcClkSrc24M
 .text.PowerCC26X2_setAclkRefSrc
                0x0000000000006530       0x44 /home/runner/work/CatSneeze_toolkit/CatSneeze_toolkit/_ti_sdk/simplelink_cc13xx_cc26xx_sdk_8_32_00_07/source/ti/drivers/lib/gcc/m4f/drivers_cc13x2x7.a(PowerCC26X2_calibrateRCOSC_helpers.c.obj)
                0x0000000000006530                PowerCC26X2_setAclkRefSrc
 .text.PowerCC26X2_oscCtlClearXtal
                0x0000000000006574       0x10 /home/runner/work/CatSneeze_toolkit/CatSneeze_toolkit/_ti_sdk/simplelink_cc13xx_cc26xx_sdk_8_32_00_07/source/ti/drivers/lib/gcc/m4f/drivers_cc13x2x7.a(PowerCC26X2_helpers.c.obj)
                0x0000000000006574                PowerCC26X2_oscCtlClearXtal
 .text.PowerCC26X2_prcmEnableCacheRetention
                0x0000000000006584       0x14 /home/runner/work/CatSneeze_toolkit/CatSneeze_toolkit/_ti_sdk/simplelink_cc13xx_cc26xx_sdk_8_32_00_07/source/ti/drivers/lib/gcc/m4f/drivers_cc13x2x7.a(PowerCC26X2_helpers.c.obj)
                0x0000000000006584                PowerCC26X2_prcmEnableCacheRetention
 .text.PowerCC26X2_oschfSwitchToRcosc
                0x0000000000006598        0x4 /home/runner/work/CatSneeze_toolkit/CatSneeze_toolkit/_ti_sdk/simplelink_cc13xx_cc26xx_sdk_8_32_00_07/source/ti/drivers/lib/gcc/m4f/drivers_cc13x2x7.a(PowerCC26X2_helpers.c.obj)
                0x0000000000006598                PowerCC26X2_oschfSwitchToRcosc
 .text.PowerCC26X2_oscClockSourceGet
                0x000000000000659c        0xc /home/runner/work/CatSneeze_toolkit/CatSneeze_toolkit/_ti_sdk/simplelink_cc13xx_cc26xx_sdk_8_32_00_07/source/ti/drivers/lib/gcc/m4f/drivers_cc13x2x7.a(PowerCC26X2_helpers.c.obj)
                0x000000000000659c                PowerCC26X2_oscClockSourceGet
 .text.PowerCC26X2_oscDisableQualifiers
                0x00000000000065a8       0x40 /home/runner/work/CatSneeze_toolkit/CatSneeze_toolkit/_ti_sdk/simplelink_cc13xx_cc26xx_sdk_8_32_00_07/source/ti/drivers/lib/gcc/m4f/drivers_cc13x2x7.a(PowerCC26X2_helpers.c.obj)
                0x00000000000065a8                PowerCC26X2_oscDisableQualifiers
 .text.PowerCC26X2_getOscHfSourceReady
                0x00000000000065e8       0x24 /home/runner/work/CatSneeze_toolkit/CatSneeze_toolkit/_ti_sdk/simplelink_cc13xx_cc26xx_sdk_8_32_00_07/source/ti/drivers/lib/gcc/m4f/drivers_cc13x2x7.a(PowerCC26X2_helpers.c.obj)
                0x00000000000065e8                PowerCC26X2_getOscHfSourceReady
 .text.PowerCC26X2_oschfTrySwitchToXosc
                0x000000000000660c        0x8 /home/runner/work/CatSneeze_toolkit/CatSneeze_toolkit/_ti_sdk/simplelink_cc13xx_cc26xx_sdk_8_32_00_07/source/ti/drivers/lib/gcc/m4f/drivers_cc13x2x7.a(PowerCC26X2_helpers.c.obj)
                0x000000000000660c                PowerCC26X2_oschfTrySwitchToXosc
 .text.PowerCC26X2_enableTCXOQual
                0x0000000000006614       0x24 /home/runner/work/CatSneeze_toolkit/CatSneeze_toolkit/_ti_sdk/simplelink_cc13xx_cc26xx_sdk_8_32_00_07/source/ti/drivers/lib/gcc/m4f/drivers_cc13x2x7.a(PowerCC26X2_helpers.c.obj)
                0x0000000000006614                PowerCC26X2_enableTCXOQual
 .text.PowerCC26X2_disableTCXOQual
                0x0000000000006638       0x24 /home/runner/work/CatSneeze_toolkit/CatSneeze_toolkit/_ti_sdk/simplelink_cc13xx_cc26xx_sdk_8_32_00_07/source/ti/drivers/lib/gcc/m4f/drivers_cc13x2x7.a(PowerCC26X2_helpers.c.obj)
                0x0000000000006638                PowerCC26X2_disableTCXOQual
 .text.PowerCC26X2_turnOnXosc
                0x000000000000665c        0x4 /home/runner/work/CatSneeze_toolkit/CatSneeze_toolkit/_ti_sdk/simplelink_cc13xx_cc26xx_sdk_8_32_00_07/source/ti/drivers/lib/gcc/m4f/drivers_cc13x2x7.a(PowerCC26X2_helpers.c.obj)
                0x000000000000665c                PowerCC26X2_turnOnXosc
 .text.PowerCC26X2_switchToTCXO
                0x0000000000006660       0x10 /home/runner/work/CatSneeze_toolkit/CatSneeze_toolkit/_ti_sdk/simplelink_cc13xx_cc26xx_sdk_8_32_00_07/source/ti/drivers/lib/gcc/m4f/drivers_cc13x2x7.a(PowerCC26X2_helpers.c.obj)
                0x0000000000006660                PowerCC26X2_switchToTCXO
 .text.PowerCC26X2_sysCtrlStandby
                0x0000000000006670        0xc /home/runner/work/CatSneeze_toolkit/CatSneeze_toolkit/_ti_sdk/simplelink_cc13xx_cc26xx_sdk_8_32_00_07/source/ti/drivers/lib/gcc/m4f/drivers_cc13x2x7.a(PowerCC26X2_helpers.c.obj)
                0x0000000000006670                PowerCC26X2_sysCtrlStandby
 .text.PowerCC26X2_sysCtrlIdle
                0x000000000000667c        0x4 /home/runner/work/CatSneeze_toolkit/CatSneeze_toolkit/_ti_sdk/simplelink_cc13xx_cc26xx_sdk_8_32_00_07/source/ti/drivers/lib/gcc/m4f/drivers_cc13x2x7.a(PowerCC26X2_helpers.c.obj)
                0x000000000000667c                PowerCC26X2_sysCtrlIdle
 .text.PowerCC26X2_setPeriphDeepSleepEnable
                0x0000000000006680        0xc /home/runner/work/CatSneeze_toolkit/CatSneeze_toolkit/_ti_sdk/simplelink_cc13xx_cc26xx_sdk_8_32_00_07/source/ti/drivers/lib/gcc/m4f/drivers_cc13x2x7.a(PowerCC26X2_helpers.c.obj)
                0x0000000000006680                PowerCC26X2_setPeriphDeepSleepEnable
 .text.PowerCC26X2_sysCtrlGetResetSource
                0x000000000000668c        0xc /home/runner/work/CatSneeze_toolkit/CatSneeze_toolkit/_ti_sdk/simplelink_cc13xx_cc26xx_sdk_8_32_00_07/source/ti/drivers/lib/gcc/m4f/drivers_cc13x2x7.a(PowerCC26X2_helpers.c.obj)
                0x000000000000668c                PowerCC26X2_sysCtrlGetResetSource
 .text.PowerCC26X2_setSubSecIncToXoscLf
                0x0000000000006698       0x34 /home/runner/work/CatSneeze_toolkit/CatSneeze_toolkit/_ti_sdk/simplelink_cc13xx_cc26xx_sdk_8_32_00_07/source/ti/drivers/lib/gcc/m4f/drivers_cc13x2x7.a(PowerCC26X2_helpers.c.obj)
                0x0000000000006698                PowerCC26X2_setSubSecIncToXoscLf
 .text.PowerCC26X2_sysCtrlUpdateVoltageRegulator
                0x00000000000066cc        0xc /home/runner/work/CatSneeze_toolkit/CatSneeze_toolkit/_ti_sdk/simplelink_cc13xx_cc26xx_sdk_8_32_00_07/source/ti/drivers/lib/gcc/m4f/drivers_cc13x2x7.a(PowerCC26X2_helpers.c.obj)
                0x00000000000066cc                PowerCC26X2_sysCtrlUpdateVoltageRegulator
 .text.RingBuf_construct
                0x00000000000066d8       0x18 /home/runner/work/CatSneeze_toolkit/CatSneeze_toolkit/_ti_sdk/simplelink_cc13xx_cc26xx_sdk_8_32_00_07/source/ti/drivers/lib/gcc/m4f/drivers_cc13x2x7.a(RingBuf.c.obj)
                0x00000000000066d8                RingBuf_construct
 .text.RingBuf_getConsume
                0x00000000000066f0       0x30 /home/runner/work/CatSneeze_toolkit/CatSneeze_toolkit/_ti_sdk/simplelink_cc13xx_cc26xx_sdk_8_32_00_07/source/ti/drivers/lib/gcc/m4f/drivers_cc13x2x7.a(RingBuf.c.obj)
                0x00000000000066f0                RingBuf_getConsume
 .text.RingBuf_getCount
                0x0000000000006720        0x4 /home/runner/work/CatSneeze_toolkit/CatSneeze_toolkit/_ti_sdk/simplelink_cc13xx_cc26xx_sdk_8_32_00_07/source/ti/drivers/lib/gcc/m4f/drivers_cc13x2x7.a(RingBuf.c.obj)
                0x0000000000006720                RingBuf_getCount
 .text.RingBuf_getPointer
                0x0000000000006724       0x28 /home/runner/work/CatSneeze_toolkit/CatSneeze_toolkit/_ti_sdk/simplelink_cc13xx_cc26xx_sdk_8_32_00_07/source/ti/drivers/lib/gcc/m4f/drivers_cc13x2x7.a(RingBuf.c.obj)
                0x0000000000006724                RingBuf_getPointer
 .text.RingBuf_put
                0x000000000000674c       0x48 /home/runner/work/CatSneeze_toolkit/CatSneeze_toolkit/_ti_sdk/simplelink_cc13xx_cc26xx_sdk_8_32_00_07/source/ti/drivers/lib/gcc/m4f/drivers_cc13x2x7.a(RingBuf.c.obj)
                0x000000000000674c                RingBuf_put
 .text.RingBuf_putAdvance
                0x0000000000006794       0x3c /home/runner/work/CatSneeze_toolkit/CatSneeze_toolkit/_ti_sdk/simplelink_cc13xx_cc26xx_sdk_8_32_00_07/source/ti/drivers/lib/gcc/m4f/drivers_cc13x2x7.a(RingBuf.c.obj)
                0x0000000000006794                RingBuf_putAdvance
 .text.RingBuf_putPointer
                0x00000000000067d0       0x34 /home/runner/work/CatSneeze_toolkit/CatSneeze_toolkit/_ti_sdk/simplelink_cc13xx_cc26xx_sdk_8_32_00_07/source/ti/drivers/lib/gcc/m4f/drivers_cc13x2x7.a(RingBuf.c.obj)
                0x00000000000067d0                RingBuf_putPointer
 .text.UDMACC26XX_hwiIntFxn
                0x0000000000006804        0xc /home/runner/work/CatSneeze_toolkit/CatSneeze_toolkit/_ti_sdk/simplelink_cc13xx_cc26xx_sdk_8_32_00_07/source/ti/drivers/lib/gcc/m4f/drivers_cc13x2x7.a(UDMACC26XX.c.obj)
                0x0000000000006804                UDMACC26XX_hwiIntFxn
 .text.UDMACC26XX_open
                0x0000000000006810       0x6c /home/runner/work/CatSneeze_toolkit/CatSneeze_toolkit/_ti_sdk/simplelink_cc13xx_cc26xx_sdk_8_32_00_07/source/ti/drivers/lib/gcc/m4f/drivers_cc13x2x7.a(UDMACC26XX.c.obj)
                0x0000000000006810                UDMACC26XX_open
 .text.GPIO_setConfigAndMux
                0x000000000000687c       0xa4 /home/runner/work/CatSneeze_toolkit/CatSneeze_toolkit/_ti_sdk/simplelink_cc13xx_cc26xx_sdk_8_32_00_07/source/ti/drivers/lib/gcc/m4f/drivers_cc13x2x7.a(GPIOCC26XX.c.obj)
                0x000000000000687c                GPIO_setConfigAndMux
 .text.NoRTOS_start
                0x0000000000006920        0x4 /home/runner/work/CatSneeze_toolkit/CatSneeze_toolkit/_ti_sdk/simplelink_cc13xx_cc26xx_sdk_8_32_00_07/kernel/nortos/lib/gcc/m4f/nortos_cc13x2x7.a(NoRTOS.c.obj)
                0x0000000000006920                NoRTOS_start
 .text.clkFxn   0x0000000000006924        0x4 /home/runner/work/CatSneeze_toolkit/CatSneeze_toolkit/_ti_sdk/simplelink_cc13xx_cc26xx_sdk_8_32_00_07/kernel/nortos/lib/gcc/m4f/nortos_cc13x2x7.a(SemaphoreP_nortos.c.obj)
                0x0000000000006924                clkFxn
 .text.SemaphoreP_construct
                0x0000000000006928       0x60 /home/runner/work/CatSneeze_toolkit/CatSneeze_toolkit/_ti_sdk/simplelink_cc13xx_cc26xx_sdk_8_32_00_07/kernel/nortos/lib/gcc/m4f/nortos_cc13x2x7.a(SemaphoreP_nortos.c.obj)
                0x0000000000006928                SemaphoreP_construct
 .text.SemaphoreP_constructBinary
                0x0000000000006988       0x3c /home/runner/work/CatSneeze_toolkit/CatSneeze_toolkit/_ti_sdk/simplelink_cc13xx_cc26xx_sdk_8_32_00_07/kernel/nortos/lib/gcc/m4f/nortos_cc13x2x7.a(SemaphoreP_nortos.c.obj)
                0x0000000000006988                SemaphoreP_constructBinary
 .text.SemaphoreP_destruct
                0x00000000000069c4        0x4 /home/runner/work/CatSneeze_toolkit/CatSneeze_toolkit/_ti_sdk/simplelink_cc13xx_cc26xx_sdk_8_32_00_07/kernel/nortos/lib/gcc/m4f/nortos_cc13x2x7.a(SemaphoreP_nortos.c.obj)
                0x00000000000069c4                SemaphoreP_destruct
 .text.SemaphoreP_pend
                0x00000000000069c8      0x100 /home/runner/work/CatSneeze_toolkit/CatSneeze_toolkit/_ti_sdk/simplelink_cc13xx_cc26xx_sdk_8_32_00_07/kernel/nortos/lib/gcc/m4f/nortos_cc13x2x7.a(SemaphoreP_nortos.c.obj)
                0x00000000000069c8                SemaphoreP_pend
 .text.SemaphoreP_post
                0x0000000000006ac8       0x44 /home/runner/work/CatSneeze_toolkit/CatSneeze_toolkit/_ti_sdk/simplelink_cc13xx_cc26xx_sdk_8_32_00_07/kernel/nortos/lib/gcc/m4f/nortos_cc13x2x7.a(SemaphoreP_nortos.c.obj)
                0x0000000000006ac8                SemaphoreP_post
 .text.SwiP_Params_init
                0x0000000000006b0c       0x10 /home/runner/work/CatSneeze_toolkit/CatSneeze_toolkit/_ti_sdk/simplelink_cc13xx_cc26xx_sdk_8_32_00_07/kernel/nortos/lib/gcc/m4f/nortos_cc13x2x7.a(SwiP_nortos.c.obj)
                0x0000000000006b0c                SwiP_Params_init
 .text.SwiP_construct
                0x0000000000006b1c      0x114 /home/runner/work/CatSneeze_toolkit/CatSneeze_toolkit/_ti_sdk/simplelink_cc13xx_cc26xx_sdk_8_32_00_07/kernel/nortos/lib/gcc/m4f/nortos_cc13x2x7.a(SwiP_nortos.c.obj)
                0x0000000000006b1c                SwiP_construct
 .text.SwiP_disable
                0x0000000000006c30       0x1c /home/runner/work/CatSneeze_toolkit/CatSneeze_toolkit/_ti_sdk/simplelink_cc13xx_cc26xx_sdk_8_32_00_07/kernel/nortos/lib/gcc/m4f/nortos_cc13x2x7.a(SwiP_nortos.c.obj)
                0x0000000000006c30                SwiP_disable
 .text.SwiP_dispatch
                0x0000000000006c4c       0xd4 /home/runner/work/CatSneeze_toolkit/CatSneeze_toolkit/_ti_sdk/simplelink_cc13xx_cc26xx_sdk_8_32_00_07/kernel/nortos/lib/gcc/m4f/nortos_cc13x2x7.a(SwiP_nortos.c.obj)
                0x0000000000006c4c                SwiP_dispatch
 .text.SwiP_handleHwi
                0x0000000000006d20       0x18 /home/runner/work/CatSneeze_toolkit/CatSneeze_toolkit/_ti_sdk/simplelink_cc13xx_cc26xx_sdk_8_32_00_07/kernel/nortos/lib/gcc/m4f/nortos_cc13x2x7.a(SwiP_nortos.c.obj)
 .text.SwiP_getTrigger
                0x0000000000006d38        0xc /home/runner/work/CatSneeze_toolkit/CatSneeze_toolkit/_ti_sdk/simplelink_cc13xx_cc26xx_sdk_8_32_00_07/kernel/nortos/lib/gcc/m4f/nortos_cc13x2x7.a(SwiP_nortos.c.obj)
                0x0000000000006d38                SwiP_getTrigger
 .text.SwiP_or  0x0000000000006d44       0x80 /home/runner/work/CatSneeze_toolkit/CatSneeze_toolkit/_ti_sdk/simplelink_cc13xx_cc26xx_sdk_8_32_00_07/kernel/nortos/lib/gcc/m4f/nortos_cc13x2x7.a(SwiP_nortos.c.obj)
                0x0000000000006d44                SwiP_or
 .text.SwiP_post
                0x0000000000006dc4       0x70 /home/runner/work/CatSneeze_toolkit/CatSneeze_toolkit/_ti_sdk/simplelink_cc13xx_cc26xx_sdk_8_32_00_07/kernel/nortos/lib/gcc/m4f/nortos_cc13x2x7.a(SwiP_nortos.c.obj)
                0x0000000000006dc4                SwiP_post
 .text.SwiP_restore
                0x0000000000006e34       0x48 /home/runner/work/CatSneeze_toolkit/CatSneeze_toolkit/_ti_sdk/simplelink_cc13xx_cc26xx_sdk_8_32_00_07/kernel/nortos/lib/gcc/m4f/nortos_cc13x2x7.a(SwiP_nortos.c.obj)
                0x0000000000006e34                SwiP_restore
 .text.ClockP_doTick
                0x0000000000006e7c        0xc /home/runner/work/CatSneeze_toolkit/CatSneeze_toolkit/_ti_sdk/simplelink_cc13xx_cc26xx_sdk_8_32_00_07/kernel/nortos/lib/gcc/m4f/nortos_cc13x2x7.a(ClockPTimer_nortos.c.obj)
                0x0000000000006e7c                ClockP_doTick
 .text.ClockP_startup.part.0
                0x0000000000006e88       0x84 /home/runner/work/CatSneeze_toolkit/CatSneeze_toolkit/_ti_sdk/simplelink_cc13xx_cc26xx_sdk_8_32_00_07/kernel/nortos/lib/gcc/m4f/nortos_cc13x2x7.a(ClockPTimer_nortos.c.obj)
 .text.ClockP_workFuncDynamic
                0x0000000000006f0c      0x154 /home/runner/work/CatSneeze_toolkit/CatSneeze_toolkit/_ti_sdk/simplelink_cc13xx_cc26xx_sdk_8_32_00_07/kernel/nortos/lib/gcc/m4f/nortos_cc13x2x7.a(ClockPTimer_nortos.c.obj)
                0x0000000000006f0c                ClockP_workFuncDynamic
 .text.ClockP_Params_init
                0x0000000000007060       0x10 /home/runner/work/CatSneeze_toolkit/CatSneeze_toolkit/_ti_sdk/simplelink_cc13xx_cc26xx_sdk_8_32_00_07/kernel/nortos/lib/gcc/m4f/nortos_cc13x2x7.a(ClockPTimer_nortos.c.obj)
                0x0000000000007060                ClockP_Params_init
 .text.ClockP_startup
                0x0000000000007070       0x10 /home/runner/work/CatSneeze_toolkit/CatSneeze_toolkit/_ti_sdk/simplelink_cc13xx_cc26xx_sdk_8_32_00_07/kernel/nortos/lib/gcc/m4f/nortos_cc13x2x7.a(ClockPTimer_nortos.c.obj)
                0x0000000000007070                ClockP_startup
 .text.ClockP_getTicksUntilInterrupt
                0x0000000000007080       0x30 /home/runner/work/CatSneeze_toolkit/CatSneeze_toolkit/_ti_sdk/simplelink_cc13xx_cc26xx_sdk_8_32_00_07/kernel/nortos/lib/gcc/m4f/nortos_cc13x2x7.a(ClockPTimer_nortos.c.obj)
                0x0000000000007080                ClockP_getTicksUntilInterrupt
 .text.ClockP_add
                0x00000000000070b0       0x24 /home/runner/work/CatSneeze_toolkit/CatSneeze_toolkit/_ti_sdk/simplelink_cc13xx_cc26xx_sdk_8_32_00_07/kernel/nortos/lib/gcc/m4f/nortos_cc13x2x7.a(ClockPTimer_nortos.c.obj)
                0x00000000000070b0                ClockP_add
 .text.ClockP_destruct
                0x00000000000070d4       0x1c /home/runner/work/CatSneeze_toolkit/CatSneeze_toolkit/_ti_sdk/simplelink_cc13xx_cc26xx_sdk_8_32_00_07/kernel/nortos/lib/gcc/m4f/nortos_cc13x2x7.a(ClockPTimer_nortos.c.obj)
                0x00000000000070d4                ClockP_destruct
 .text.ClockP_start
                0x00000000000070f0       0x98 /home/runner/work/CatSneeze_toolkit/CatSneeze_toolkit/_ti_sdk/simplelink_cc13xx_cc26xx_sdk_8_32_00_07/kernel/nortos/lib/gcc/m4f/nortos_cc13x2x7.a(ClockPTimer_nortos.c.obj)
                0x00000000000070f0                ClockP_start
 .text.ClockP_construct
                0x0000000000007188       0x58 /home/runner/work/CatSneeze_toolkit/CatSneeze_toolkit/_ti_sdk/simplelink_cc13xx_cc26xx_sdk_8_32_00_07/kernel/nortos/lib/gcc/m4f/nortos_cc13x2x7.a(ClockPTimer_nortos.c.obj)
                0x0000000000007188                ClockP_construct
 .text.ClockP_stop
                0x00000000000071e0        0x8 /home/runner/work/CatSneeze_toolkit/CatSneeze_toolkit/_ti_sdk/simplelink_cc13xx_cc26xx_sdk_8_32_00_07/kernel/nortos/lib/gcc/m4f/nortos_cc13x2x7.a(ClockPTimer_nortos.c.obj)
                0x00000000000071e0                ClockP_stop
 .text.ClockP_setTimeout
                0x00000000000071e8        0x4 /home/runner/work/CatSneeze_toolkit/CatSneeze_toolkit/_ti_sdk/simplelink_cc13xx_cc26xx_sdk_8_32_00_07/kernel/nortos/lib/gcc/m4f/nortos_cc13x2x7.a(ClockPTimer_nortos.c.obj)
                0x00000000000071e8                ClockP_setTimeout
 .text.ClockP_getTimeout
                0x00000000000071ec       0x30 /home/runner/work/CatSneeze_toolkit/CatSneeze_toolkit/_ti_sdk/simplelink_cc13xx_cc26xx_sdk_8_32_00_07/kernel/nortos/lib/gcc/m4f/nortos_cc13x2x7.a(ClockPTimer_nortos.c.obj)
                0x00000000000071ec                ClockP_getTimeout
 .text.ClockP_isActive
                0x000000000000721c        0x4 /home/runner/work/CatSneeze_toolkit/CatSneeze_toolkit/_ti_sdk/simplelink_cc13xx_cc26xx_sdk_8_32_00_07/kernel/nortos/lib/gcc/m4f/nortos_cc13x2x7.a(ClockPTimer_nortos.c.obj)
                0x000000000000721c                ClockP_isActive
 .text.ClockP_getCpuFreq
                0x0000000000007220       0x10 /home/runner/work/CatSneeze_toolkit/CatSneeze_toolkit/_ti_sdk/simplelink_cc13xx_cc26xx_sdk_8_32_00_07/kernel/nortos/lib/gcc/m4f/nortos_cc13x2x7.a(ClockPTimer_nortos.c.obj)
                0x0000000000007220                ClockP_getCpuFreq
 .text.ClockP_getSystemTickPeriod
                0x0000000000007230        0xc /home/runner/work/CatSneeze_toolkit/CatSneeze_toolkit/_ti_sdk/simplelink_cc13xx_cc26xx_sdk_8_32_00_07/kernel/nortos/lib/gcc/m4f/nortos_cc13x2x7.a(ClockPTimer_nortos.c.obj)
                0x0000000000007230                ClockP_getSystemTickPeriod
 .text.ClockP_getSystemTicks
                0x000000000000723c       0x34 /home/runner/work/CatSneeze_toolkit/CatSneeze_toolkit/_ti_sdk/simplelink_cc13xx_cc26xx_sdk_8_32_00_07/kernel/nortos/lib/gcc/m4f/nortos_cc13x2x7.a(ClockPTimer_nortos.c.obj)
                0x000000000000723c                ClockP_getSystemTicks
 .text.ClockP_usleep
                0x0000000000007270       0x8c /home/runner/work/CatSneeze_toolkit/CatSneeze_toolkit/_ti_sdk/simplelink_cc13xx_cc26xx_sdk_8_32_00_07/kernel/nortos/lib/gcc/m4f/nortos_cc13x2x7.a(ClockPTimer_nortos.c.obj)
                0x0000000000007270                ClockP_usleep
 .text.QueueP_init
                0x00000000000072fc        0x8 /home/runner/work/CatSneeze_toolkit/CatSneeze_toolkit/_ti_sdk/simplelink_cc13xx_cc26xx_sdk_8_32_00_07/kernel/nortos/lib/gcc/m4f/nortos_cc13x2x7.a(QueueP_nortos.c.obj)
                0x00000000000072fc                QueueP_init
 .text.QueueP_empty
                0x0000000000007304        0xc /home/runner/work/CatSneeze_toolkit/CatSneeze_toolkit/_ti_sdk/simplelink_cc13xx_cc26xx_sdk_8_32_00_07/kernel/nortos/lib/gcc/m4f/nortos_cc13x2x7.a(QueueP_nortos.c.obj)
                0x0000000000007304                QueueP_empty
 .text.QueueP_get
                0x0000000000007310       0x1c /home/runner/work/CatSneeze_toolkit/CatSneeze_toolkit/_ti_sdk/simplelink_cc13xx_cc26xx_sdk_8_32_00_07/kernel/nortos/lib/gcc/m4f/nortos_cc13x2x7.a(QueueP_nortos.c.obj)
                0x0000000000007310                QueueP_get
 .text.QueueP_head
                0x000000000000732c        0x4 /home/runner/work/CatSneeze_toolkit/CatSneeze_toolkit/_ti_sdk/simplelink_cc13xx_cc26xx_sdk_8_32_00_07/kernel/nortos/lib/gcc/m4f/nortos_cc13x2x7.a(QueueP_nortos.c.obj)
                0x000000000000732c                QueueP_head
 .text.QueueP_next
                0x0000000000007330        0x4 /home/runner/work/CatSneeze_toolkit/CatSneeze_toolkit/_ti_sdk/simplelink_cc13xx_cc26xx_sdk_8_32_00_07/kernel/nortos/lib/gcc/m4f/nortos_cc13x2x7.a(QueueP_nortos.c.obj)
                0x0000000000007330                QueueP_next
 .text.QueueP_put
                0x0000000000007334       0x20 /home/runner/work/CatSneeze_toolkit/CatSneeze_toolkit/_ti_sdk/simplelink_cc13xx_cc26xx_sdk_8_32_00_07/kernel/nortos/lib/gcc/m4f/nortos_cc13x2x7.a(QueueP_nortos.c.obj)
                0x0000000000007334                QueueP_put
 .text.QueueP_remove
                0x0000000000007354       0x10 /home/runner/work/CatSneeze_toolkit/CatSneeze_toolkit/_ti_sdk/simplelink_cc13xx_cc26xx_sdk_8_32_00_07/kernel/nortos/lib/gcc/m4f/nortos_cc13x2x7.a(QueueP_nortos.c.obj)
                0x0000000000007354                QueueP_remove
 .text.HwiP_dispatch
                0x0000000000007364       0x1c /home/runner/work/CatSneeze_toolkit/CatSneeze_toolkit/_ti_sdk/simplelink_cc13xx_cc26xx_sdk_8_32_00_07/kernel/nortos/lib/gcc/m4f/nortos_cc13x2x7.a(HwiPCC26XX_nortos.c.obj)
 .text.HwiP_enable
                0x0000000000007380        0x4 /home/runner/work/CatSneeze_toolkit/CatSneeze_toolkit/_ti_sdk/simplelink_cc13xx_cc26xx_sdk_8_32_00_07/kernel/nortos/lib/gcc/m4f/nortos_cc13x2x7.a(HwiPCC26XX_nortos.c.obj)
                0x0000000000007380                HwiP_enable
 .text.HwiP_disable
                0x0000000000007384       0x10 /home/runner/work/CatSneeze_toolkit/CatSneeze_toolkit/_ti_sdk/simplelink_cc13xx_cc26xx_sdk_8_32_00_07/kernel/nortos/lib/gcc/m4f/nortos_cc13x2x7.a(HwiPCC26XX_nortos.c.obj)
                0x0000000000007384                HwiP_disable
 .text.HwiP_restore
                0x0000000000007394        0x8 /home/runner/work/CatSneeze_toolkit/CatSneeze_toolkit/_ti_sdk/simplelink_cc13xx_cc26xx_sdk_8_32_00_07/kernel/nortos/lib/gcc/m4f/nortos_cc13x2x7.a(HwiPCC26XX_nortos.c.obj)
                0x0000000000007394                HwiP_restore
 .text.HwiP_enableInterrupt
                0x000000000000739c        0xc /home/runner/work/CatSneeze_toolkit/CatSneeze_toolkit/_ti_sdk/simplelink_cc13xx_cc26xx_sdk_8_32_00_07/kernel/nortos/lib/gcc/m4f/nortos_cc13x2x7.a(HwiPCC26XX_nortos.c.obj)
                0x000000000000739c                HwiP_enableInterrupt
 .text.HwiP_interruptsEnabled
                0x00000000000073a8       0x10 /home/runner/work/CatSneeze_toolkit/CatSneeze_toolkit/_ti_sdk/simplelink_cc13xx_cc26xx_sdk_8_32_00_07/kernel/nortos/lib/gcc/m4f/nortos_cc13x2x7.a(HwiPCC26XX_nortos.c.obj)
                0x00000000000073a8                HwiP_interruptsEnabled
 .text.HwiP_construct
                0x00000000000073b8       0x88 /home/runner/work/CatSneeze_toolkit/CatSneeze_toolkit/_ti_sdk/simplelink_cc13xx_cc26xx_sdk_8_32_00_07/kernel/nortos/lib/gcc/m4f/nortos_cc13x2x7.a(HwiPCC26XX_nortos.c.obj)
                0x00000000000073b8                HwiP_construct
 .text.HwiP_Params_init
                0x0000000000007440       0x14 /home/runner/work/CatSneeze_toolkit/CatSneeze_toolkit/_ti_sdk/simplelink_cc13xx_cc26xx_sdk_8_32_00_07/kernel/nortos/lib/gcc/m4f/nortos_cc13x2x7.a(HwiPCC26XX_nortos.c.obj)
                0x0000000000007440                HwiP_Params_init
 .text.HwiP_setFunc
                0x0000000000007454       0x1c /home/runner/work/CatSneeze_toolkit/CatSneeze_toolkit/_ti_sdk/simplelink_cc13xx_cc26xx_sdk_8_32_00_07/kernel/nortos/lib/gcc/m4f/nortos_cc13x2x7.a(HwiPCC26XX_nortos.c.obj)
                0x0000000000007454                HwiP_setFunc
 .text.HwiP_post
                0x0000000000007470        0xc /home/runner/work/CatSneeze_toolkit/CatSneeze_toolkit/_ti_sdk/simplelink_cc13xx_cc26xx_sdk_8_32_00_07/kernel/nortos/lib/gcc/m4f/nortos_cc13x2x7.a(HwiPCC26XX_nortos.c.obj)
                0x0000000000007470                HwiP_post
 .text.HwiP_inISR
                0x000000000000747c       0x14 /home/runner/work/CatSneeze_toolkit/CatSneeze_toolkit/_ti_sdk/simplelink_cc13xx_cc26xx_sdk_8_32_00_07/kernel/nortos/lib/gcc/m4f/nortos_cc13x2x7.a(HwiPCC26XX_nortos.c.obj)
                0x000000000000747c                HwiP_inISR
 .text.PowerCC26XX_standbyPolicy
                0x0000000000007490       0xf0 /home/runner/work/CatSneeze_toolkit/CatSneeze_toolkit/_ti_sdk/simplelink_cc13xx_cc26xx_sdk_8_32_00_07/kernel/nortos/lib/gcc/m4f/nortos_cc13x2x7.a(PowerCC26X2_nortos.c.obj)
                0x0000000000007490                PowerCC26XX_standbyPolicy
 .text.PowerCC26XX_schedulerDisable
                0x0000000000007580       0x10 /home/runner/work/CatSneeze_toolkit/CatSneeze_toolkit/_ti_sdk/simplelink_cc13xx_cc26xx_sdk_8_32_00_07/kernel/nortos/lib/gcc/m4f/nortos_cc13x2x7.a(PowerCC26X2_nortos.c.obj)
                0x0000000000007580                PowerCC26XX_schedulerDisable
 .text.PowerCC26XX_schedulerRestore
                0x0000000000007590        0xc /home/runner/work/CatSneeze_toolkit/CatSneeze_toolkit/_ti_sdk/simplelink_cc13xx_cc26xx_sdk_8_32_00_07/kernel/nortos/lib/gcc/m4f/nortos_cc13x2x7.a(PowerCC26X2_nortos.c.obj)
                0x0000000000007590                PowerCC26XX_schedulerRestore
 .text.TimerP_dynamicStub
                0x000000000000759c       0x20 /home/runner/work/CatSneeze_toolkit/CatSneeze_toolkit/_ti_sdk/simplelink_cc13xx_cc26xx_sdk_8_32_00_07/kernel/nortos/lib/gcc/m4f/nortos_cc13x2x7.a(TimerPCC26XX_nortos.c.obj)
                0x000000000000759c                TimerP_dynamicStub
 .text.TimerP_Params_init
                0x00000000000075bc       0x10 /home/runner/work/CatSneeze_toolkit/CatSneeze_toolkit/_ti_sdk/simplelink_cc13xx_cc26xx_sdk_8_32_00_07/kernel/nortos/lib/gcc/m4f/nortos_cc13x2x7.a(TimerPCC26XX_nortos.c.obj)
                0x00000000000075bc                TimerP_Params_init
 .text.TimerP_construct
                0x00000000000075cc       0xf8 /home/runner/work/CatSneeze_toolkit/CatSneeze_toolkit/_ti_sdk/simplelink_cc13xx_cc26xx_sdk_8_32_00_07/kernel/nortos/lib/gcc/m4f/nortos_cc13x2x7.a(TimerPCC26XX_nortos.c.obj)
                0x00000000000075cc                TimerP_construct
 .text.TimerP_getMaxTicks
                0x00000000000076c4       0x1c /home/runner/work/CatSneeze_toolkit/CatSneeze_toolkit/_ti_sdk/simplelink_cc13xx_cc26xx_sdk_8_32_00_07/kernel/nortos/lib/gcc/m4f/nortos_cc13x2x7.a(TimerPCC26XX_nortos.c.obj)
                0x00000000000076c4                TimerP_getMaxTicks
 .text.TimerP_setNextTick
                0x00000000000076e0       0x54 /home/runner/work/CatSneeze_toolkit/CatSneeze_toolkit/_ti_sdk/simplelink_cc13xx_cc26xx_sdk_8_32_00_07/kernel/nortos/lib/gcc/m4f/nortos_cc13x2x7.a(TimerPCC26XX_nortos.c.obj)
                0x00000000000076e0                TimerP_setNextTick
 .text.TimerP_getCount64
                0x0000000000007734        0xc /home/runner/work/CatSneeze_toolkit/CatSneeze_toolkit/_ti_sdk/simplelink_cc13xx_cc26xx_sdk_8_32_00_07/kernel/nortos/lib/gcc/m4f/nortos_cc13x2x7.a(TimerPCC26XX_nortos.c.obj)
                0x0000000000007734                TimerP_getCount64
 .text.TimerP_getCurrentTick
                0x0000000000007740       0x38 /home/runner/work/CatSneeze_toolkit/CatSneeze_toolkit/_ti_sdk/simplelink_cc13xx_cc26xx_sdk_8_32_00_07/kernel/nortos/lib/gcc/m4f/nortos_cc13x2x7.a(TimerPCC26XX_nortos.c.obj)
                0x0000000000007740                TimerP_getCurrentTick
 .text.NOROM_ChipInfo_GetChipType
                0x0000000000007778       0x58 /home/runner/work/CatSneeze_toolkit/CatSneeze_toolkit/_ti_sdk/simplelink_cc13xx_cc26xx_sdk_8_32_00_07/source/ti/devices/cc13x2x7_cc26x2x7/driverlib/bin/gcc/driverlib.lib(chipinfo.c.obj)
                0x0000000000007778                NOROM_ChipInfo_GetChipType
 .text.NOROM_ThisLibraryIsFor_CC13x2x7_CC26x2x7_HaltIfViolated
                0x00000000000077d0       0x1c /home/runner/work/CatSneeze_toolkit/CatSneeze_toolkit/_ti_sdk/simplelink_cc13xx_cc26xx_sdk_8_32_00_07/source/ti/devices/cc13x2x7_cc26x2x7/driverlib/bin/gcc/driverlib.lib(chipinfo.c.obj)
                0x00000000000077d0                NOROM_ThisLibraryIsFor_CC13x2x7_CC26x2x7_HaltIfViolated
 .text.NOROM_CPUcpsid
                0x00000000000077ec        0x8 /home/runner/work/CatSneeze_toolkit/CatSneeze_toolkit/_ti_sdk/simplelink_cc13xx_cc26xx_sdk_8_32_00_07/source/ti/devices/cc13x2x7_cc26x2x7/driverlib/bin/gcc/driverlib.lib(cpu.c.obj)
                0x00000000000077ec                NOROM_CPUcpsid
 .text.NOROM_CPUprimask
                0x00000000000077f4        0x8 /home/runner/work/CatSneeze_toolkit/CatSneeze_toolkit/_ti_sdk/simplelink_cc13xx_cc26xx_sdk_8_32_00_07/source/ti/devices/cc13x2x7_cc26x2x7/driverlib/bin/gcc/driverlib.lib(cpu.c.obj)
                0x00000000000077f4                NOROM_CPUprimask
 .text.NOROM_CPUcpsie
                0x00000000000077fc        0x8 /home/runner/work/CatSneeze_toolkit/CatSneeze_toolkit/_ti_sdk/simplelink_cc13xx_cc26xx_sdk_8_32_00_07/source/ti/devices/cc13x2x7_cc26x2x7/driverlib/bin/gcc/driverlib.lib(cpu.c.obj)
                0x00000000000077fc                NOROM_CPUcpsie
 .text.NOROM_CPUdelay
                0x0000000000007804        0x8 /home/runner/work/CatSneeze_toolkit/CatSneeze_toolkit/_ti_sdk/simplelink_cc13xx_cc26xx_sdk_8_32_00_07/source/ti/devices/cc13x2x7_cc26x2x7/driverlib/bin/gcc/driverlib.lib(cpu.c.obj)
                0x0000000000007804                NOROM_CPUdelay
 .text.NOROM_IntRegister
                0x000000000000780c       0x40 /home/runner/work/CatSneeze_toolkit/CatSneeze_toolkit/_ti_sdk/simplelink_cc13xx_cc26xx_sdk_8_32_00_07/source/ti/devices/cc13x2x7_cc26x2x7/driverlib/bin/gcc/driverlib.lib(interrupt.c.obj)
                0x000000000000780c                NOROM_IntRegister
 .text.NOROM_OSCHF_TurnOnXosc
                0x000000000000784c       0x24 /home/runner/work/CatSneeze_toolkit/CatSneeze_toolkit/_ti_sdk/simplelink_cc13xx_cc26xx_sdk_8_32_00_07/source/ti/devices/cc13x2x7_cc26x2x7/driverlib/bin/gcc/driverlib.lib(osc.c.obj)
                0x000000000000784c                NOROM_OSCHF_TurnOnXosc
 .text.NOROM_OSCHF_AttemptToSwitchToXosc
                0x0000000000007870       0x88 /home/runner/work/CatSneeze_toolkit/CatSneeze_toolkit/_ti_sdk/simplelink_cc13xx_cc26xx_sdk_8_32_00_07/source/ti/devices/cc13x2x7_cc26x2x7/driverlib/bin/gcc/driverlib.lib(osc.c.obj)
                0x0000000000007870                NOROM_OSCHF_AttemptToSwitchToXosc
 .text.NOROM_OSCHF_SwitchToRcOscTurnOffXosc
                0x00000000000078f8       0x6c /home/runner/work/CatSneeze_toolkit/CatSneeze_toolkit/_ti_sdk/simplelink_cc13xx_cc26xx_sdk_8_32_00_07/source/ti/devices/cc13x2x7_cc26x2x7/driverlib/bin/gcc/driverlib.lib(osc.c.obj)
                0x00000000000078f8                NOROM_OSCHF_SwitchToRcOscTurnOffXosc
 .text.NOROM_OSC_HPOSCRelativeFrequencyOffsetGet
                0x0000000000007964       0x40 /home/runner/work/CatSneeze_toolkit/CatSneeze_toolkit/_ti_sdk/simplelink_cc13xx_cc26xx_sdk_8_32_00_07/source/ti/devices/cc13x2x7_cc26x2x7/driverlib/bin/gcc/driverlib.lib(osc.c.obj)
                0x0000000000007964                NOROM_OSC_HPOSCRelativeFrequencyOffsetGet
 .text.NOROM_PRCMPowerDomainsAllOff
                0x00000000000079a4       0x58 /home/runner/work/CatSneeze_toolkit/CatSneeze_toolkit/_ti_sdk/simplelink_cc13xx_cc26xx_sdk_8_32_00_07/source/ti/devices/cc13x2x7_cc26x2x7/driverlib/bin/gcc/driverlib.lib(prcm.c.obj)
                0x00000000000079a4                NOROM_PRCMPowerDomainsAllOff
 .text.NOROM_PRCMPowerDomainsAllOn
                0x00000000000079fc       0x40 /home/runner/work/CatSneeze_toolkit/CatSneeze_toolkit/_ti_sdk/simplelink_cc13xx_cc26xx_sdk_8_32_00_07/source/ti/devices/cc13x2x7_cc26x2x7/driverlib/bin/gcc/driverlib.lib(prcm.c.obj)
                0x00000000000079fc                NOROM_PRCMPowerDomainsAllOn
 .text.TrimAfterColdResetWakeupFromShutDown
                0x0000000000007a3c       0xd4 /home/runner/work/CatSneeze_toolkit/CatSneeze_toolkit/_ti_sdk/simplelink_cc13xx_cc26xx_sdk_8_32_00_07/source/ti/devices/cc13x2x7_cc26x2x7/driverlib/bin/gcc/driverlib.lib(setup.c.obj)
 .text.NOROM_SetupTrimDevice
                0x0000000000007b10       0xe8 /home/runner/work/CatSneeze_toolkit/CatSneeze_toolkit/_ti_sdk/simplelink_cc13xx_cc26xx_sdk_8_32_00_07/source/ti/devices/cc13x2x7_cc26x2x7/driverlib/bin/gcc/driverlib.lib(setup.c.obj)
                0x0000000000007b10                NOROM_SetupTrimDevice
 .text.NOROM_SysCtrlIdle
                0x0000000000007bf8       0x3c /home/runner/work/CatSneeze_toolkit/CatSneeze_toolkit/_ti_sdk/simplelink_cc13xx_cc26xx_sdk_8_32_00_07/source/ti/devices/cc13x2x7_cc26x2x7/driverlib/bin/gcc/driverlib.lib(sys_ctrl.c.obj)
                0x0000000000007bf8                NOROM_SysCtrlIdle
 .text.NOROM_SysCtrlStandby
                0x0000000000007c34      0x10c /home/runner/work/CatSneeze_toolkit/CatSneeze_toolkit/_ti_sdk/simplelink_cc13xx_cc26xx_sdk_8_32_00_07/source/ti/devices/cc13x2x7_cc26x2x7/driverlib/bin/gcc/driverlib.lib(sys_ctrl.c.obj)
                0x0000000000007c34                NOROM_SysCtrlStandby
 .text.NOROM_AUXSYSIFOpModeChange
                0x0000000000007d40       0x38 /home/runner/work/CatSneeze_toolkit/CatSneeze_toolkit/_ti_sdk/simplelink_cc13xx_cc26xx_sdk_8_32_00_07/source/ti/devices/cc13x2x7_cc26x2x7/driverlib/bin/gcc/driverlib.lib(aux_sysif.c.obj)
                0x0000000000007d40                NOROM_AUXSYSIFOpModeChange
                0x0000000000007d78                . = ALIGN (0x4)
 *(.ctors)
                0x0000000000007d78                . = ALIGN (0x4)
 *(.dtors)
                0x0000000000007d78                . = ALIGN (0x4)
                0x0000000000007d78                __init_array_start = .
 *(.init_array*)
                0x0000000000007d78                __init_array_end = .
 *(.init)
 *(.fini*)
                [!provide]                        PROVIDE (__etext = .)
                [!provide]                        PROVIDE (_etext = .)
                [!provide]                        PROVIDE (etext = .)

.glue_7         0x0000000000007d78        0x0
 .glue_7        0x0000000000007d78        0x0 linker stubs

.glue_7t        0x0000000000007d78        0x0